******************************************************************************
             TMS320C2000 Linker Unix v16.9.1                   
******************************************************************************
>> Linked Mon Feb 13 00:08:59 2017

OUTPUT FILE NAME:   <ucos3_28069u.out>
ENTRY POINT SYMBOL: "_c_int00"  address: 003de809


MEMORY CONFIGURATION

         name            origin    length      used     unused   attr    fill
----------------------  --------  ---------  --------  --------  ----  --------
PAGE 0:
  RAML0                 00008000   00000800  00000000  00000800  RWIX
  RAML1                 00008800   00000400  00000000  00000400  RWIX
  OTP                   003d7800   00000400  00000000  00000400  RWIX
  FLASHH                003d8000   00004000  00004000  00000000  RWIX
  FLASHG                003dc000   00004000  00002aaa  00001556  RWIX
  FLASHF                003e0000   00004000  00000000  00004000  RWIX
  FLASHE                003e4000   00004000  00000000  00004000  RWIX
  FLASHD                003e8000   00004000  00000000  00004000  RWIX
  FLASHC                003ec000   00004000  00000000  00004000  RWIX
  FLASHA                003f4000   00003f80  000004ea  00003a96  RWIX
  CSM_RSVD              003f7f80   00000076  00000000  00000076  RWIX
  BEGIN                 003f7ff6   00000002  00000002  00000000  RWIX
  CSM_PWL_P0            003f7ff8   00000008  00000000  00000008  RWIX
  FPUTABLES             003fd860   000006a0  00000000  000006a0  RWIX
  IQTABLES              003fdf00   00000b50  00000000  00000b50  RWIX
  IQTABLES2             003fea50   0000008c  00000000  0000008c  RWIX
  IQTABLES3             003feadc   000000aa  00000000  000000aa  RWIX
  ROM                   003ff3b0   00000c10  00000000  00000c10  RWIX
  RESET                 003fffc0   00000002  00000000  00000002  RWIX
  VECTORS               003fffc2   0000003e  00000000  0000003e  RWIX

PAGE 1:
  BOOT_RSVD             00000000   00000050  00000006  0000004a  RWIX
  RAMM0                 00000050   000003b0  00000000  000003b0  RWIX
  RAMM1                 00000400   00000400  00000300  00000100  RWIX
  DEV_EMU               00000880   00000105  00000004  00000101  RWIX
  SYS_PWR_CTL           00000985   00000003  00000003  00000000  RWIX
  FLASH_REGS            00000a80   00000060  00000008  00000058  RWIX
  CSM                   00000ae0   00000020  00000010  00000010  RWIX
  ADC_RESULT            00000b00   00000020  00000010  00000010  RWIX
  CPU_TIMER0            00000c00   00000008  00000008  00000000  RWIX
  CPU_TIMER1            00000c08   00000008  00000008  00000000  RWIX
  CPU_TIMER2            00000c10   00000008  00000008  00000000  RWIX
  PIE_CTRL              00000ce0   00000020  0000001a  00000006  RWIX
  PIE_VECT              00000d00   00000100  00000100  00000000  RWIX
  DMA                   00001000   00000200  000000e0  00000120  RWIX
  CLA1                  00001400   00000080  00000040  00000040  RWIX
  USB0                  00004000   00001000  00000454  00000bac  RWIX
  McBSPA                00005000   00000040  00000024  0000001c  RWIX
  ECANA                 00006000   00000040  00000034  0000000c  RWIX
  ECANA_LAM             00006040   00000040  00000040  00000000  RWIX
  ECANA_MOTS            00006080   00000040  00000040  00000000  RWIX
  ECANA_MOTO            000060c0   00000040  00000040  00000000  RWIX
  ECANA_MBOX            00006100   00000100  00000100  00000000  RWIX
  COMP1                 00006400   00000020  00000014  0000000c  RWIX
  COMP2                 00006420   00000020  00000014  0000000c  RWIX
  COMP3                 00006440   00000020  00000014  0000000c  RWIX
  EPWM1                 00006800   00000040  00000040  00000000  RWIX
  EPWM2                 00006840   00000040  00000040  00000000  RWIX
  EPWM3                 00006880   00000040  00000040  00000000  RWIX
  EPWM4                 000068c0   00000040  00000040  00000000  RWIX
  EPWM5                 00006900   00000040  00000040  00000000  RWIX
  EPWM6                 00006940   00000040  00000040  00000000  RWIX
  EPWM7                 00006980   00000040  00000040  00000000  RWIX
  EPWM8                 000069c0   00000040  00000040  00000000  RWIX
  ECAP1                 00006a00   00000020  00000020  00000000  RWIX
  ECAP2                 00006a20   00000020  00000020  00000000  RWIX
  ECAP3                 00006a40   00000020  00000020  00000000  RWIX
  HRCAP1                00006ac0   00000020  00000020  00000000  RWIX
  HRCAP2                00006ae0   00000020  00000020  00000000  RWIX
  EQEP1                 00006b00   00000040  00000022  0000001e  RWIX
  EQEP2                 00006b40   00000040  00000022  0000001e  RWIX
  HRCAP3                00006c80   00000020  00000020  00000000  RWIX
  HRCAP4                00006ca0   00000020  00000020  00000000  RWIX
  GPIOCTRL              00006f80   00000040  00000040  00000000  RWIX
  GPIODAT               00006fc0   00000020  00000020  00000000  RWIX
  GPIOINT               00006fe0   00000020  00000020  00000000  RWIX
  SYSTEM                00007010   00000030  00000030  00000000  RWIX
  SPIA                  00007040   00000010  00000010  00000000  RWIX
  SCIA                  00007050   00000010  00000010  00000000  RWIX
  NMIINTRUPT            00007060   00000010  00000010  00000000  RWIX
  XINTRUPT              00007070   00000010  00000010  00000000  RWIX
  ADC                   00007100   00000080  00000050  00000030  RWIX
  SPIB                  00007740   00000010  00000010  00000000  RWIX
  SCIB                  00007750   00000010  00000010  00000000  RWIX
  I2CA                  00007900   00000040  00000022  0000001e  RWIX
  RAML2                 00008c00   00000400  00000000  00000400  RWIX
  RAML3                 00009000   00001000  00001000  00000000  RWIX
  RAML4                 0000a000   00002000  00001654  000009ac  RWIX
  RAML5                 0000c000   00002000  00001040  00000fc0  RWIX
  RAML6                 0000e000   00002000  00000000  00002000  RWIX
  RAML7                 00010000   00002000  00000000  00002000  RWIX
  RAML8                 00012000   00002000  00000000  00002000  RWIX
  USB_RAM               00040000   00000800  00000000  00000800  RWIX
  PARTID                003d7e80   00000001  00000001  00000000  RWIX
  FLASHB                003f0000   00004000  00000000  00004000  RWIX
  CSM_PWL               003f7ff8   00000008  00000008  00000000  RWIX


SECTION ALLOCATION MAP

 output                                  attributes/
section   page    origin      length       input sections
--------  ----  ----------  ----------   ----------------
.cinit     0    003f43fa    000000d0     
                  003f43fa    00000046     usblib.lib : usbhostenum.obj (.cinit)
                  003f4440    00000028                : usbdbulk.obj (.cinit)
                  003f4468    00000013     usb_bulk_structs.obj (.cinit)
                  003f447b    0000000e     rts2800_fpu32.lib : exit.obj (.cinit)
                  003f4489    0000000e     usblib.lib : usbtick.obj (.cinit)
                  003f4497    0000000d                : usbmode.obj (.cinit)
                  003f44a4    0000000c     usb_dev_bulk.obj (.cinit)
                  003f44b0    00000009     uartstdio.obj (.cinit)
                  003f44b9    00000005     rts2800_fpu32.lib : _lock.obj (.cinit:__lock)
                  003f44be    00000005                       : _lock.obj (.cinit:__unlock)
                  003f44c3    00000005     usblib.lib : usbdenum.obj (.cinit)
                  003f44c8    00000002     --HOLE-- [fill = 0]

.pinit     0    003f4000    00000000     UNINITIALIZED

.TI.ramfunc 
*          0    00008000    00000000     UNINITIALIZED

ram_start 
*          0    003f7ff6    00000002     
                  003f7ff6    00000002     bsp_start.obj (ram_start)

.stack     1    00000400    00000300     UNINITIALIZED
                  00000400    00000300     --HOLE--

.econst    0    003f4000    000003fa     
                  003f4000    00000100     cpu_core.obj (.econst:.string:_CPU_CntLeadZerosTbl)
                  003f4100    00000100     os_core.obj (.econst:.string:_OSUnMapTbl)
                  003f4200    0000003b     lib_mem.obj (.econst:.string)
                  003f423b    00000001     --HOLE-- [fill = 0]
                  003f423c    0000003a     os_dbg.obj (.econst)
                  003f4276    0000002a     usb_bulk_structs.obj (.econst:_g_pui8ConfigString)
                  003f42a0    00000022     uartstdio.obj (.econst:.string)
                  003f42c2    00000022     usb_bulk_structs.obj (.econst:_g_pui8DataInterfaceString)
                  003f42e4    00000022     usb_bulk_structs.obj (.econst:_g_pui8ProductString)
                  003f4306    0000001e     os_core.obj (.econst:.string)
                  003f4324    0000001a     usblib.lib : usbdenum.obj (.econst:_g_psUSBDStdRequests)
                  003f433e    00000018                : usbdbulk.obj (.econst:_g_sBulkHandlers)
                  003f4356    00000017                : usbdbulk.obj (.econst:_g_pui8BulkInterface)
                  003f436d    00000016     usb_bulk_structs.obj (.econst:_g_pui8ManufacturerString)
                  003f4383    00000012     usb_bulk_structs.obj (.econst:_g_pui8SerialNumberString)
                  003f4395    00000001     --HOLE-- [fill = 0]
                  003f4396    00000012     usb_bulk_structs.obj (.econst:_g_sRxBuffer)
                  003f43a8    00000012     usb_bulk_structs.obj (.econst:_g_sTxBuffer)
                  003f43ba    00000010     usb_hal.obj (.econst)
                  003f43ca    0000000c     usb_bulk_structs.obj (.econst:_g_ppui8StringDescriptors)
                  003f43d6    00000004     usb_bulk_structs.obj (.econst:_g_pui8LangDescriptor)
                  003f43da    00000004     usblib.lib : usbdbulk.obj (.econst:_g_sBulkConfigHeader)
                  003f43de    00000004                : usbdbulk.obj (.econst:_g_sBulkConfigSection)
                  003f43e2    00000004                : usbdbulk.obj (.econst:_g_sBulkInterfaceSection)
                  003f43e6    00000002     os_flag.obj (.econst:.string)
                  003f43e8    00000002     os_mbox.obj (.econst:.string)
                  003f43ea    00000002     os_mem.obj (.econst:.string)
                  003f43ec    00000002     os_mutex.obj (.econst:.string)
                  003f43ee    00000002     os_q.obj (.econst:.string)
                  003f43f0    00000002     os_sem.obj (.econst:.string)
                  003f43f2    00000002     os_task.obj (.econst:.string)
                  003f43f4    00000002     usblib.lib : usbdbulk.obj (.econst:_g_ppBulkConfigDescriptors)
                  003f43f6    00000002     cpu_core.obj (.econst)
                  003f43f8    00000002     uartstdio.obj (.econst)

.switch    0    003f44ca    00000020     
                  003f44ca    00000020     cpu_c.obj (.switch:_CPU_IntSrcPendClr)

.reset     0    003fffc0    00000002     DSECT
                  003fffc0    00000002     rts2800_fpu32.lib : boot28.obj (.reset)

vectors    0    003fffc2    00000000     DSECT

.text.1    0    003d8000    00004000     
                  003d8000    000015d5     usblib.lib : usbhostenum.obj (.text)
                  003d95d5    00000844                : usbdenum.obj (.text)
                  003d9e19    00000840     usb.obj (.text)
                  003da659    000007a4     os_core.obj (.text)
                  003dadfd    000005ca     os_task.obj (.text)
                  003db3c7    000004f3     os_flag.obj (.text)
                  003db8ba    0000042b     os_mutex.obj (.text)
                  003dbce5    00000257     usblib.lib : usbbuffer.obj (.text)
                  003dbf3c    000000ac     sysctl.obj (.text)
                  003dbfe8    00000016     rts2800_fpu32.lib : ul_tofd28.obj (.text)
                  003dbffe    00000002                       : pre_init.obj (.text)

.text.2    0    003dc000    00002aaa     
                  003dc000    000003fe     usblib.lib : usbhhub.obj (.text)
                  003dc3fe    000003fc     os_q.obj (.text)
                  003dc7fa    00000321     usblib.lib : usbdbulk.obj (.text)
                  003dcb1b    00000255                : usbmode.obj (.text)
                  003dcd70    0000021f     os_sem.obj (.text)
                  003dcf8f    000001fd     usblib.lib : usbdconfig.obj (.text)
                  003dd18c    0000019d     driverlib.lib : interrupt.obj (.text)
                  003dd329    00000194     os_mem.obj (.text)
                  003dd4bd    00000151     usb_handler.obj (.text)
                  003dd60e    00000150     usblib.lib : usbdcdesc.obj (.text)
                  003dd75e    00000147     app.obj (.text)
                  003dd8a5    00000146     usblib.lib : usbringbuf.obj (.text)
                  003dd9eb    0000013f     os_cpu_c.obj (.text)
                  003ddb2a    0000011d     usb_dev_bulk.obj (.text)
                  003ddc47    0000010e     os_time.obj (.text)
                  003ddd55    000000fc     I2C.obj (.text)
                  003dde51    000000d5     bsp.obj (.text)
                  003ddf26    000000d2     usblib.lib : usbdma.obj (.text)
                  003ddff8    000000cb     cpu_core.obj (.text)
                  003de0c3    000000cb     usblib.lib : usbdesc.obj (.text)
                  003de18e    000000ab     bsp_int.obj (.text)
                  003de239    000000aa     I2C.obj (.text:retain)
                  003de2e3    000000a4     os_cpu_a.obj (.text)
                  003de387    000000a2     usb_hal.obj (.text:retain)
                  003de429    0000009c     rts2800_fpu32.lib : fd_add28.obj (.text)
                  003de4c5    0000008d     os_dbg.obj (.text)
                  003de552    0000008b     rts2800_fpu32.lib : fd_div28.obj (.text)
                  003de5dd    00000083                       : fd_mpy28.obj (.text)
                  003de660    00000082     usblib.lib : usbtick.obj (.text)
                  003de6e2    00000073     cpu_c.obj (.text)
                  003de755    0000005d     descriptor.obj (.text)
                  003de7b2    00000057     bsp_led.obj (.text)
                  003de809    00000056     rts2800_fpu32.lib : boot28.obj (.text)
                  003de85f    0000004a     bsp_int.obj (.text:retain)
                  003de8a9    00000045     eeprom.obj (.text)
                  003de8ee    00000043     bsp_os.obj (.text:retain)
                  003de931    0000003f     cmd_handler.obj (.text)
                  003de970    00000031     bsp_os.obj (.text)
                  003de9a1    00000029     rts2800_fpu32.lib : exit.obj (.text)
                  003de9ca    00000024                       : cpy_tbl.obj (.text)
                  003de9ee    0000001f     cpu_a.obj (.text)
                  003dea0d    0000001e     rts2800_fpu32.lib : memcpy.obj (.text)
                  003dea2b    0000001b                       : fd_toul28.obj (.text)
                  003dea46    00000019                       : args_main.obj (.text)
                  003dea5f    00000012     usblib.lib : usbdhandler.obj (.text)
                  003dea71    0000000f     bsp_start.obj (.text)
                  003dea80    0000000e     rts2800_fpu32.lib : fd_sub28.obj (.text)
                  003dea8e    0000000d     driverlib.lib : interrupt.obj (.text:retain)
                  003dea9b    00000009     rts2800_fpu32.lib : _lock.obj (.text)
                  003deaa4    00000005     changer.obj (.text)
                  003deaa9    00000001     rts2800_fpu32.lib : startup.obj (.text)

FlashCallbackVar 
*          1    00000000    00000002     UNINITIALIZED
                  00000000    00000002     F2806x_GlobalVariableDefs.obj (FlashCallbackVar)

FlashScalingVar 
*          1    00000002    00000002     UNINITIALIZED
                  00000002    00000002     F2806x_GlobalVariableDefs.obj (FlashScalingVar)

EmuBModeVar 
*          1    00000004    00000001     UNINITIALIZED
                  00000004    00000001     F2806x_GlobalVariableDefs.obj (EmuBModeVar)

DevEmuRegsFile 
*          1    00000880    00000004     UNINITIALIZED
                  00000880    00000004     F2806x_GlobalVariableDefs.obj (DevEmuRegsFile)

SysPwrCtrlRegsFile 
*          1    00000985    00000003     UNINITIALIZED
                  00000985    00000003     F2806x_GlobalVariableDefs.obj (SysPwrCtrlRegsFile)

FlashRegsFile 
*          1    00000a80    00000008     UNINITIALIZED
                  00000a80    00000008     F2806x_GlobalVariableDefs.obj (FlashRegsFile)

CsmRegsFile 
*          1    00000ae0    00000010     UNINITIALIZED
                  00000ae0    00000010     F2806x_GlobalVariableDefs.obj (CsmRegsFile)

AdcResultFile 
*          1    00000b00    00000010     UNINITIALIZED
                  00000b00    00000010     F2806x_GlobalVariableDefs.obj (AdcResultFile)

CpuTimer0RegsFile 
*          1    00000c00    00000008     UNINITIALIZED
                  00000c00    00000008     F2806x_GlobalVariableDefs.obj (CpuTimer0RegsFile)

CpuTimer1RegsFile 
*          1    00000c08    00000008     UNINITIALIZED
                  00000c08    00000008     F2806x_GlobalVariableDefs.obj (CpuTimer1RegsFile)

CpuTimer2RegsFile 
*          1    00000c10    00000008     UNINITIALIZED
                  00000c10    00000008     F2806x_GlobalVariableDefs.obj (CpuTimer2RegsFile)

PieCtrlRegsFile 
*          1    00000ce0    0000001a     UNINITIALIZED
                  00000ce0    0000001a     F2806x_GlobalVariableDefs.obj (PieCtrlRegsFile)

pie_vram   1    00000d00    00000100     UNINITIALIZED
                  00000d00    00000100     bsp_int.obj (pie_vram)

DmaRegsFile 
*          1    00001000    000000e0     UNINITIALIZED
                  00001000    000000e0     F2806x_GlobalVariableDefs.obj (DmaRegsFile)

Cla1RegsFile 
*          1    00001400    00000040     UNINITIALIZED
                  00001400    00000040     F2806x_GlobalVariableDefs.obj (Cla1RegsFile)

Usb0RegsFile 
*          1    00004000    00000454     UNINITIALIZED
                  00004000    00000454     F2806x_GlobalVariableDefs.obj (Usb0RegsFile)

McbspaRegsFile 
*          1    00005000    00000024     UNINITIALIZED
                  00005000    00000024     F2806x_GlobalVariableDefs.obj (McbspaRegsFile)

ECanaRegsFile 
*          1    00006000    00000034     UNINITIALIZED
                  00006000    00000034     F2806x_GlobalVariableDefs.obj (ECanaRegsFile)

ECanaLAMRegsFile 
*          1    00006040    00000040     UNINITIALIZED
                  00006040    00000040     F2806x_GlobalVariableDefs.obj (ECanaLAMRegsFile)

ECanaMOTSRegsFile 
*          1    00006080    00000040     UNINITIALIZED
                  00006080    00000040     F2806x_GlobalVariableDefs.obj (ECanaMOTSRegsFile)

ECanaMOTORegsFile 
*          1    000060c0    00000040     UNINITIALIZED
                  000060c0    00000040     F2806x_GlobalVariableDefs.obj (ECanaMOTORegsFile)

ECanaMboxesFile 
*          1    00006100    00000100     UNINITIALIZED
                  00006100    00000100     F2806x_GlobalVariableDefs.obj (ECanaMboxesFile)

Comp1RegsFile 
*          1    00006400    00000014     UNINITIALIZED
                  00006400    00000014     F2806x_GlobalVariableDefs.obj (Comp1RegsFile)

Comp2RegsFile 
*          1    00006420    00000014     UNINITIALIZED
                  00006420    00000014     F2806x_GlobalVariableDefs.obj (Comp2RegsFile)

Comp3RegsFile 
*          1    00006440    00000014     UNINITIALIZED
                  00006440    00000014     F2806x_GlobalVariableDefs.obj (Comp3RegsFile)

EPwm1RegsFile 
*          1    00006800    00000040     UNINITIALIZED
                  00006800    00000040     F2806x_GlobalVariableDefs.obj (EPwm1RegsFile)

EPwm2RegsFile 
*          1    00006840    00000040     UNINITIALIZED
                  00006840    00000040     F2806x_GlobalVariableDefs.obj (EPwm2RegsFile)

EPwm3RegsFile 
*          1    00006880    00000040     UNINITIALIZED
                  00006880    00000040     F2806x_GlobalVariableDefs.obj (EPwm3RegsFile)

EPwm4RegsFile 
*          1    000068c0    00000040     UNINITIALIZED
                  000068c0    00000040     F2806x_GlobalVariableDefs.obj (EPwm4RegsFile)

EPwm5RegsFile 
*          1    00006900    00000040     UNINITIALIZED
                  00006900    00000040     F2806x_GlobalVariableDefs.obj (EPwm5RegsFile)

EPwm6RegsFile 
*          1    00006940    00000040     UNINITIALIZED
                  00006940    00000040     F2806x_GlobalVariableDefs.obj (EPwm6RegsFile)

EPwm7RegsFile 
*          1    00006980    00000040     UNINITIALIZED
                  00006980    00000040     F2806x_GlobalVariableDefs.obj (EPwm7RegsFile)

EPwm8RegsFile 
*          1    000069c0    00000040     UNINITIALIZED
                  000069c0    00000040     F2806x_GlobalVariableDefs.obj (EPwm8RegsFile)

ECap1RegsFile 
*          1    00006a00    00000020     UNINITIALIZED
                  00006a00    00000020     F2806x_GlobalVariableDefs.obj (ECap1RegsFile)

ECap2RegsFile 
*          1    00006a20    00000020     UNINITIALIZED
                  00006a20    00000020     F2806x_GlobalVariableDefs.obj (ECap2RegsFile)

ECap3RegsFile 
*          1    00006a40    00000020     UNINITIALIZED
                  00006a40    00000020     F2806x_GlobalVariableDefs.obj (ECap3RegsFile)

HRCap1RegsFile 
*          1    00006ac0    00000020     UNINITIALIZED
                  00006ac0    00000020     F2806x_GlobalVariableDefs.obj (HRCap1RegsFile)

HRCap2RegsFile 
*          1    00006ae0    00000020     UNINITIALIZED
                  00006ae0    00000020     F2806x_GlobalVariableDefs.obj (HRCap2RegsFile)

EQep1RegsFile 
*          1    00006b00    00000022     UNINITIALIZED
                  00006b00    00000022     F2806x_GlobalVariableDefs.obj (EQep1RegsFile)

EQep2RegsFile 
*          1    00006b40    00000022     UNINITIALIZED
                  00006b40    00000022     F2806x_GlobalVariableDefs.obj (EQep2RegsFile)

HRCap3RegsFile 
*          1    00006c80    00000020     UNINITIALIZED
                  00006c80    00000020     F2806x_GlobalVariableDefs.obj (HRCap3RegsFile)

HRCap4RegsFile 
*          1    00006ca0    00000020     UNINITIALIZED
                  00006ca0    00000020     F2806x_GlobalVariableDefs.obj (HRCap4RegsFile)

GpioCtrlRegsFile 
*          1    00006f80    00000040     UNINITIALIZED
                  00006f80    00000040     F2806x_GlobalVariableDefs.obj (GpioCtrlRegsFile)

GpioDataRegsFile 
*          1    00006fc0    00000020     UNINITIALIZED
                  00006fc0    00000020     F2806x_GlobalVariableDefs.obj (GpioDataRegsFile)

GpioIntRegsFile 
*          1    00006fe0    00000020     UNINITIALIZED
                  00006fe0    00000020     F2806x_GlobalVariableDefs.obj (GpioIntRegsFile)

SysCtrlRegsFile 
*          1    00007010    00000030     UNINITIALIZED
                  00007010    00000030     F2806x_GlobalVariableDefs.obj (SysCtrlRegsFile)

SpiaRegsFile 
*          1    00007040    00000010     UNINITIALIZED
                  00007040    00000010     F2806x_GlobalVariableDefs.obj (SpiaRegsFile)

SciaRegsFile 
*          1    00007050    00000010     UNINITIALIZED
                  00007050    00000010     F2806x_GlobalVariableDefs.obj (SciaRegsFile)

NmiIntruptRegsFile 
*          1    00007060    00000010     UNINITIALIZED
                  00007060    00000010     F2806x_GlobalVariableDefs.obj (NmiIntruptRegsFile)

XIntruptRegsFile 
*          1    00007070    00000010     UNINITIALIZED
                  00007070    00000010     F2806x_GlobalVariableDefs.obj (XIntruptRegsFile)

AdcRegsFile 
*          1    00007100    00000050     UNINITIALIZED
                  00007100    00000050     F2806x_GlobalVariableDefs.obj (AdcRegsFile)

SpibRegsFile 
*          1    00007740    00000010     UNINITIALIZED
                  00007740    00000010     F2806x_GlobalVariableDefs.obj (SpibRegsFile)

ScibRegsFile 
*          1    00007750    00000010     UNINITIALIZED
                  00007750    00000010     F2806x_GlobalVariableDefs.obj (ScibRegsFile)

I2caRegsFile 
*          1    00007900    00000022     UNINITIALIZED
                  00007900    00000022     F2806x_GlobalVariableDefs.obj (I2caRegsFile)

PartIdRegsFile 
*          1    003d7e80    00000001     UNINITIALIZED
                  003d7e80    00000001     F2806x_GlobalVariableDefs.obj (PartIdRegsFile)

CsmPwlFile 
*          1    003f7ff8    00000008     UNINITIALIZED
                  003f7ff8    00000008     F2806x_GlobalVariableDefs.obj (CsmPwlFile)

EmuKeyVar 
*          1    00000005    00000001     UNINITIALIZED
                  00000005    00000001     F2806x_GlobalVariableDefs.obj (EmuKeyVar)

.ebss.1    1    00009000    00001000     UNINITIALIZED
                  00009000    00000860     os_core.obj (.ebss)
                  00009860    0000001f     usblib.lib : usbdbulk.obj (.ebss)
                  0000987f    00000001     --HOLE--
                  00009880    0000038e                : usbhostenum.obj (.ebss)
                  00009c0e    0000001e                : usbtick.obj (.ebss)
                  00009c2c    0000000a                : usbmode.obj (.ebss)
                  00009c36    00000006     rts2800_fpu32.lib : exit.obj (.ebss)
                  00009c3c    00000004     uartstdio.obj (.ebss)
                  00009c40    00000280     usb_bulk_structs.obj (.ebss)
                  00009ec0    00000100     F2806x_GlobalVariableDefs.obj (.ebss)
                  00009fc0    0000003e     usblib.lib : usbhhub.obj (.ebss)
                  00009ffe    00000002     rts2800_fpu32.lib : _lock.obj (.ebss:__lock)

.ebss.2    1    0000a000    000015d4     UNINITIALIZED
                  0000a000    00001480     app.obj (.ebss)
                  0000b480    000000c0     I2C.obj (.ebss)
                  0000b540    0000008c     usblib.lib : usbdma.obj (.ebss)
                  0000b5cc    00000003     usb_dev_bulk.obj (.ebss)
                  0000b5cf    00000001     --HOLE--
                  0000b5d0    00000002     rts2800_fpu32.lib : _lock.obj (.ebss:__unlock)
                  0000b5d2    00000002     lib_math.obj (.ebss)

.ebss.3    1    0000b600    00000080     UNINITIALIZED
                  0000b600    00000080     usblib.lib : usbdenum.obj (.ebss)

.ebss.4    1    0000c000    00001040     UNINITIALIZED
                  0000c000    00001040     lib_mem.obj (.ebss)

MODULE SUMMARY

       Module                          code    initialized data   uninitialized data
       ------                          ----    ----------------   ------------------
    ./APP/
       app.obj                         327     0                  5248              
       usb_bulk_structs.obj            0       221                640               
       usb_handler.obj                 337     0                  0                 
       usb_dev_bulk.obj                285     12                 3                 
       descriptor.obj                  93      0                  0                 
       eeprom.obj                      69      0                  0                 
       cmd_handler.obj                 63      0                  0                 
       changer.obj                     5       0                  0                 
    +--+-------------------------------+-------+------------------+--------------------+
       Total:                          1179    233                5891              
                                                                                    
    ./BSP/
       I2C.obj                         422     0                  192               
       bsp_int.obj                     245     0                  256               
       bsp.obj                         213     0                  0                 
       bsp_led.obj                     87      0                  0                 
    +--+-------------------------------+-------+------------------+--------------------+
       Total:                          967     0                  448               
                                                                                    
    ./BSP/CCS/
       bsp_start.obj                   17      0                  0                 
    +--+-------------------------------+-------+------------------+--------------------+
       Total:                          17      0                  0                 
                                                                                    
    ./BSP/OS/uCOS-II/
       bsp_os.obj                      116     0                  0                 
    +--+-------------------------------+-------+------------------+--------------------+
       Total:                          116     0                  0                 
                                                                                    
    ./lib/
       F2806x_GlobalVariableDefs.obj   0       0                  3550              
       usb.obj                         2112    0                  0                 
       usb_hal.obj                     162     16                 0                 
       sysctl.obj                      172     0                  0                 
       uartstdio.obj                   0       45                 4                 
    +--+-------------------------------+-------+------------------+--------------------+
       Total:                          2446    61                 3554              
                                                                                    
    ./uC-CPU/
       cpu_core.obj                    203     258                0                 
    +--+-------------------------------+-------+------------------+--------------------+
       Total:                          203     258                0                 
                                                                                    
    ./uC-CPU/C28x/CCS/
       cpu_c.obj                       115     32                 0                 
       cpu_a.obj                       31      0                  0                 
    +--+-------------------------------+-------+------------------+--------------------+
       Total:                          146     32                 0                 
                                                                                    
    ./uC-LIB/
       lib_mem.obj                     0       59                 4160              
       lib_math.obj                    0       0                  2                 
    +--+-------------------------------+-------+------------------+--------------------+
       Total:                          0       59                 4162              
                                                                                    
    ./uCOS-II/Ports/C28x/Generic/CCS/
       os_cpu_c.obj                    319     0                  0                 
       os_dbg.obj                      141     58                 0                 
       os_cpu_a.obj                    164     0                  0                 
    +--+-------------------------------+-------+------------------+--------------------+
       Total:                          624     58                 0                 
                                                                                    
    ./uCOS-II/Source/
       os_core.obj                     1956    286                2144              
       os_task.obj                     1482    2                  0                 
       os_flag.obj                     1267    2                  0                 
       os_mutex.obj                    1067    2                  0                 
       os_q.obj                        1020    2                  0                 
       os_sem.obj                      543     2                  0                 
       os_mem.obj                      404     2                  0                 
       os_time.obj                     270     0                  0                 
       os_mbox.obj                     0       2                  0                 
    +--+-------------------------------+-------+------------------+--------------------+
       Total:                          8009    300                2144              
                                                                                    
    ../driverlib.lib
       interrupt.obj                   426     0                  0                 
    +--+-------------------------------+-------+------------------+--------------------+
       Total:                          426     0                  0                 
                                                                                    
    ../usblib.lib
       usbhostenum.obj                 5589    70                 910               
       usbdenum.obj                    2116    31                 128               
       usbhhub.obj                     1022    0                  62                
       usbdbulk.obj                    801     101                31                
       usbmode.obj                     597     13                 10                
       usbbuffer.obj                   599     0                  0                 
       usbdconfig.obj                  509     0                  0                 
       usbdma.obj                      210     0                  140               
       usbdcdesc.obj                   336     0                  0                 
       usbringbuf.obj                  326     0                  0                 
       usbdesc.obj                     203     0                  0                 
       usbtick.obj                     130     14                 30                
       usbdhandler.obj                 18      0                  0                 
    +--+-------------------------------+-------+------------------+--------------------+
       Total:                          12456   229                1311              
                                                                                    
    /Applications/ti/ccsv7/tools/compiler/ti-cgt-c2000_16.9.1.LTS/lib/rts2800_fpu32.lib
       fd_add28.obj                    156     0                  0                 
       fd_div28.obj                    139     0                  0                 
       fd_mpy28.obj                    131     0                  0                 
       boot28.obj                      86      0                  0                 
       exit.obj                        41      14                 6                 
       cpy_tbl.obj                     36      0                  0                 
       memcpy.obj                      30      0                  0                 
       fd_toul28.obj                   27      0                  0                 
       args_main.obj                   25      0                  0                 
       _lock.obj                       9       10                 4                 
       ul_tofd28.obj                   22      0                  0                 
       fd_sub28.obj                    14      0                  0                 
       pre_init.obj                    2       0                  0                 
       startup.obj                     1       0                  0                 
    +--+-------------------------------+-------+------------------+--------------------+
       Total:                          719     24                 10                
                                                                                    
       Stack:                          0       0                  768               
    +--+-------------------------------+-------+------------------+--------------------+
       Grand Total:                    27308   1254               18288             


GLOBAL DATA SYMBOLS: SORTED BY DATA PAGE

address     data page           name
--------    ----------------    ----
00000000       0 (00000000)     _Flash_CallbackPtr
00000002       0 (00000000)     _Flash_CPUScaleFactor
00000004       0 (00000000)     _EmuBMode
00000005       0 (00000000)     _EmuKey

00000400      10 (00000400)     __stack

00000880      22 (00000880)     _DevEmuRegs

00000985      26 (00000980)     _SysPwrCtrlRegs

00000a80      2a (00000a80)     _FlashRegs

00000ae0      2b (00000ac0)     _CsmRegs

00000b00      2c (00000b00)     _AdcResult

00000c00      30 (00000c00)     _CpuTimer0Regs
00000c08      30 (00000c00)     _CpuTimer1Regs
00000c10      30 (00000c00)     _CpuTimer2Regs

00000ce0      33 (00000cc0)     _PieCtrlRegs

00000d00      34 (00000d00)     ___BSP_VectorTable

00001000      40 (00001000)     _DmaRegs

00001400      50 (00001400)     _Cla1Regs

00004000     100 (00004000)     _Usb0Regs

00005000     140 (00005000)     _McbspaRegs

00006000     180 (00006000)     _ECanaRegs

00006040     181 (00006040)     _ECanaLAMRegs

00006080     182 (00006080)     _ECanaMOTSRegs

000060c0     183 (000060c0)     _ECanaMOTORegs

00006100     184 (00006100)     _ECanaMboxes

00006400     190 (00006400)     _Comp1Regs
00006420     190 (00006400)     _Comp2Regs

00006440     191 (00006440)     _Comp3Regs

00006800     1a0 (00006800)     _EPwm1Regs

00006840     1a1 (00006840)     _EPwm2Regs

00006880     1a2 (00006880)     _EPwm3Regs

000068c0     1a3 (000068c0)     _EPwm4Regs

00006900     1a4 (00006900)     _EPwm5Regs

00006940     1a5 (00006940)     _EPwm6Regs

00006980     1a6 (00006980)     _EPwm7Regs

000069c0     1a7 (000069c0)     _EPwm8Regs

00006a00     1a8 (00006a00)     _ECap1Regs
00006a20     1a8 (00006a00)     _ECap2Regs

00006a40     1a9 (00006a40)     _ECap3Regs

00006ac0     1ab (00006ac0)     _HRCap1Regs
00006ae0     1ab (00006ac0)     _HRCap2Regs

00006b00     1ac (00006b00)     _EQep1Regs

00006b40     1ad (00006b40)     _EQep2Regs

00006c80     1b2 (00006c80)     _HRCap3Regs
00006ca0     1b2 (00006c80)     _HRCap4Regs

00006f80     1be (00006f80)     _GpioCtrlRegs

00006fc0     1bf (00006fc0)     _GpioDataRegs
00006fe0     1bf (00006fc0)     _GpioIntRegs

00007010     1c0 (00007000)     _SysCtrlRegs

00007040     1c1 (00007040)     _SpiaRegs
00007050     1c1 (00007040)     _SciaRegs
00007060     1c1 (00007040)     _NmiIntruptRegs
00007070     1c1 (00007040)     _XIntruptRegs

00007100     1c4 (00007100)     _AdcRegs

00007740     1dd (00007740)     _SpibRegs
00007750     1dd (00007740)     _ScibRegs

00007900     1e4 (00007900)     _I2caRegs

00009000     240 (00009000)     _OSTaskRegNextAvailID
00009001     240 (00009000)     _OSCPUUsage
00009002     240 (00009000)     _OSStatRdy
00009003     240 (00009000)     _OSTickStepState
00009004     240 (00009000)     _OSIntNesting
00009005     240 (00009000)     _OSRdyGrp
00009006     240 (00009000)     _OSPrioHighRdy
00009007     240 (00009000)     _OSRunning
00009008     240 (00009000)     _OSPrioCur
00009009     240 (00009000)     _OSTaskCtr
0000900a     240 (00009000)     _OSLockNesting
0000900c     240 (00009000)     _OSIdleCtr
0000900e     240 (00009000)     _OSTCBList
00009010     240 (00009000)     _OSQFreeList
00009012     240 (00009000)     _OSTCBFreeList
00009014     240 (00009000)     _OSTCBCur
00009016     240 (00009000)     _OSMemFreeList
00009018     240 (00009000)     _OSTCBHighRdy
0000901a     240 (00009000)     _OSFlagFreeList
0000901c     240 (00009000)     _OSIdleCtrMax
0000901e     240 (00009000)     _OSTime
00009020     240 (00009000)     _OSIdleCtrRun
00009022     240 (00009000)     _OSEventFreeList
00009024     240 (00009000)     _OSCtxSwCtr
00009026     240 (00009000)     _OSRdyTbl

00009040     241 (00009040)     _OSFlagTbl

00009080     242 (00009080)     _OSMemTbl

000090c0     243 (000090c0)     _OSQTbl

00009100     244 (00009100)     _OSTCBPrioTbl

00009180     246 (00009180)     _OSEventTbl

00009240     249 (00009240)     _OSTaskStatStk

00009340     24d (00009340)     _OSTaskIdleStk

00009440     251 (00009440)     _OSTCBTbl

00009860     261 (00009840)     _g_psBulkSections
00009864     261 (00009840)     _g_pui8BulkDescriptor
0000986d     261 (00009840)     _g_pui8BulkDeviceDescriptor

00009c0e     270 (00009c00)     _g_bUSBTimerInitialized
00009c10     270 (00009c00)     _g_ui32CurrentUSBTick
00009c12     270 (00009c00)     _g_ui32USBSOFCount
00009c14     270 (00009c00)     _g_pfnTickHandlers
00009c20     270 (00009c00)     _g_pvTickInstance
00009c2d     270 (00009c00)     _g_iUSBMode
00009c2e     270 (00009c00)     _g_eOTGModeState
00009c32     270 (00009c00)     _g_ui32PollRate
00009c34     270 (00009c00)     _g_ui32WaitTicks
00009c36     270 (00009c00)     ___TI_enable_exit_profile_output
00009c38     270 (00009c00)     ___TI_cleanup_ptr
00009c3a     270 (00009c00)     ___TI_dtors_ptr

00009c40     271 (00009c40)     _g_pui8TxBufferWorkspace
00009c58     271 (00009c40)     _g_pui8RxBufferWorkspace

00009c80     272 (00009c80)     _g_sBulkDevice

00009cc0     273 (00009cc0)     _g_pui8USBRxBuffer

00009dc0     277 (00009dc0)     _g_pui8USBTxBuffer

00009ec0     27b (00009ec0)     _PieVectTable

00009ffe     27f (00009fc0)     __lock

0000a000     280 (0000a000)     _AppTaskObjSem
0000a002     280 (0000a000)     _I2cServerRunSem
0000a004     280 (0000a000)     _EromIdleSem
0000a006     280 (0000a000)     _pEepromQ
0000a008     280 (0000a000)     _EromOverSem
0000a00a     280 (0000a000)     _pUsbRxQ
0000a00c     280 (0000a000)     _pUsbTxQ
0000a00e     280 (0000a000)     _I2cOverSem
0000a010     280 (0000a000)     _I2cTcbMutex
0000a012     280 (0000a000)     _pPartition256
0000a014     280 (0000a000)     _pTaskQ
0000a016     280 (0000a000)     _I2cIdleSem
0000a018     280 (0000a000)     _pPartition32
0000a01a     280 (0000a000)     _UsbTxQTb
0000a024     280 (0000a000)     _EepromQTb
0000a02e     280 (0000a000)     _UsbRxQTb

0000a040     281 (0000a040)     _TaskQTb

0000a080     282 (0000a080)     _App_TaskPostStk

0000a180     286 (0000a180)     _I2cThread_Stk

0000a280     28a (0000a280)     _App_TaskStartStk

0000a380     28e (0000a380)     _App_TaskPendStk

0000a480     292 (0000a480)     _EepromThread_Stk

0000a580     296 (0000a580)     _App_UsbTx_Stk

0000a780     29e (0000a780)     _App_UsbRx_Stk

0000a980     2a6 (0000a980)     _App_CmdHandler_Stk

0000ab80     2ae (0000ab80)     _Partition32

0000af80     2be (0000af80)     _Partition256

0000b482     2d2 (0000b480)     _g_pI2cMsg

0000b4c0     2d3 (0000b4c0)     _I2cBuffer

0000b5cc     2d7 (0000b5c0)     _DLEflag
0000b5cd     2d7 (0000b5c0)     _MsgIndex
0000b5ce     2d7 (0000b5c0)     _HeaderFlag
0000b5d0     2d7 (0000b5c0)     __unlock
0000b5d2     2d7 (0000b5c0)     _Math_RandSeedCur

0000b600     2d8 (0000b600)     _g_ppsDevInfo
0000b604     2d8 (0000b600)     _g_psDCDInst

0000c000     300 (0000c000)     _Mem_SegHeadPtr
0000c002     300 (0000c000)     _Mem_SegHeap

0000c040     301 (0000c040)     _Mem_Heap

003d7e80    f5fa (003d7e80)     _PartIdRegs

003f4100    fd04 (003f4100)     _OSUnMapTbl

003f423c    fd08 (003f4200)     _OSSemEn
003f423d    fd08 (003f4200)     _OSStkWidth
003f423e    fd08 (003f4200)     _OSRdyTblSize
003f423f    fd08 (003f4200)     _OSQMax

003f4240    fd09 (003f4240)     _OSQSize
003f4241    fd09 (003f4240)     _OSTaskIdleStkSize
003f4242    fd09 (003f4240)     _OSTaskProfileEn
003f4243    fd09 (003f4240)     _OSTaskDelEn
003f4244    fd09 (003f4240)     _OSTaskCreateEn
003f4245    fd09 (003f4240)     _OSTaskCreateExtEn
003f4246    fd09 (003f4240)     _OSQEn
003f4247    fd09 (003f4240)     _OSMemEn
003f4248    fd09 (003f4240)     _OSMemMax
003f4249    fd09 (003f4240)     _OSMboxEn
003f424a    fd09 (003f4240)     _OSFlagNameEn
003f424b    fd09 (003f4240)     _OSLowestPrio
003f424c    fd09 (003f4240)     _OSMutexEn
003f424d    fd09 (003f4240)     _OSPtrSize
003f424e    fd09 (003f4240)     _OSMemTblSize
003f424f    fd09 (003f4240)     _OSMemNameEn
003f4250    fd09 (003f4240)     _OSMemSize
003f4251    fd09 (003f4240)     _OSFlagMax
003f4252    fd09 (003f4240)     _OSTmrCfgWheelSize
003f4253    fd09 (003f4240)     _OSTmrCfgTicksPerSec
003f4254    fd09 (003f4240)     _OSTmrCfgNameEn
003f4255    fd09 (003f4240)     _OSTmrEn
003f4256    fd09 (003f4240)     _OSTmrCfgMax
003f4257    fd09 (003f4240)     _OSTmrWheelTblSize
003f4258    fd09 (003f4240)     _OSDataSize
003f4259    fd09 (003f4240)     _OSTmrWheelSize
003f425a    fd09 (003f4240)     _OSTmrSize
003f425b    fd09 (003f4240)     _OSTmrTblSize
003f425c    fd09 (003f4240)     _OSVersionNbr
003f425d    fd09 (003f4240)     _OSTaskStatStkChkEn
003f425e    fd09 (003f4240)     _OSTaskSwHookEn
003f425f    fd09 (003f4240)     _OSTaskStatStkSize
003f4260    fd09 (003f4240)     _OSTaskNameEn
003f4261    fd09 (003f4240)     _OSTaskStatEn
003f4262    fd09 (003f4240)     _OSTicksPerSec
003f4263    fd09 (003f4240)     _OSTimeTickHookEn
003f4264    fd09 (003f4240)     _OSTCBSize
003f4265    fd09 (003f4240)     _OSTaskRegTblSize
003f4266    fd09 (003f4240)     _OSTCBPrioTblMax
003f4267    fd09 (003f4240)     _OSTaskMax
003f4268    fd09 (003f4240)     _OSDebugEn
003f4269    fd09 (003f4240)     _OSEventMultiEn
003f426a    fd09 (003f4240)     _OSEventTblSize
003f426b    fd09 (003f4240)     _OSFlagEn
003f426c    fd09 (003f4240)     _OSFlagNodeSize
003f426d    fd09 (003f4240)     _OSFlagGrpSize
003f426e    fd09 (003f4240)     _OSEventEn
003f426f    fd09 (003f4240)     _OSEventMax
003f4270    fd09 (003f4240)     _OSEventSize
003f4271    fd09 (003f4240)     _OSEventNameEn
003f4272    fd09 (003f4240)     _OSFlagWidth
003f4274    fd09 (003f4240)     _OSEndiannessTest
003f4276    fd09 (003f4240)     _g_pui8ConfigString

003f42c2    fd0b (003f42c0)     _g_pui8DataInterfaceString
003f42e4    fd0b (003f42c0)     _g_pui8ProductString

003f433e    fd0c (003f4300)     _g_sBulkHandlers

003f4356    fd0d (003f4340)     _g_pui8BulkInterface
003f436d    fd0d (003f4340)     _g_pui8ManufacturerString

003f4383    fd0e (003f4380)     _g_pui8SerialNumberString
003f4396    fd0e (003f4380)     _g_sRxBuffer
003f43a8    fd0e (003f4380)     _g_sTxBuffer

003f43ca    fd0f (003f43c0)     _g_ppui8StringDescriptors
003f43d6    fd0f (003f43c0)     _g_pui8LangDescriptor
003f43da    fd0f (003f43c0)     _g_sBulkConfigHeader
003f43de    fd0f (003f43c0)     _g_sBulkConfigSection
003f43e2    fd0f (003f43c0)     _g_sBulkInterfaceSection
003f43f4    fd0f (003f43c0)     _g_ppBulkConfigDescriptors
003f43f6    fd0f (003f43c0)     _CPU_EndiannessTest

003f7ff8    fdff (003f7fc0)     _CsmPwl


GLOBAL SYMBOLS: SORTED ALPHABETICALLY BY Name 

page  address   name                                  
----  -------   ----                                  
abs   ffffffff  .text                                 
0     003de9a1  C$$EXIT                               
0     003de429  FD$$ADD                               
0     003de552  FD$$DIV                               
0     003de5dd  FD$$MPY                               
0     003dea80  FD$$SUB                               
0     003dea2b  FD$$TOUL                              
0     003dbfe8  UL$$TOFD                              
1     00007100  _AdcRegs                              
1     00000b00  _AdcResult                            
1     0000a000  _AppTaskObjSem                        
0     003de951  _App_CmdHandler                       
1     0000a980  _App_CmdHandler_Stk                   
1     0000a380  _App_TaskPendStk                      
1     0000a080  _App_TaskPostStk                      
1     0000a280  _App_TaskStartStk                     
0     003dd4ea  _App_TaskUsbRx                        
0     003dd556  _App_TaskUsbTx                        
1     0000a780  _App_UsbRx_Stk                        
1     0000a580  _App_UsbTx_Stk                        
0     003dde75  _BSP_CPU_ClkFreq                      
0     003de20d  _BSP_ExtIntDis                        
0     003de1fa  _BSP_ExtIntEn                         
0     003dde51  _BSP_Init                             
0     003de18e  _BSP_IntAck                           
0     003de1d3  _BSP_IntDis                           
0     003de1ad  _BSP_IntEn                            
0     003de85f  _BSP_IntHandlerDummy                  
0     003de220  _BSP_IntVectSet                       
0     003de7cf  _BSP_LED_Off                          
0     003de7b2  _BSP_LED_On                           
0     003de7ec  _BSP_LED_Toggle                       
0     003de8ee  _BSP_OS_TIMER2_TickHandler            
0     003de970  _BSP_OS_TIMER2_TickInit               
0     003dea71  _BSP_RAM_StartHere                    
0     003dde64  _BSP_Tick_Init                        
0     003de9ff  _CPU_CntLeadZeros                     
0     003ddffa  _CPU_CntLeadZeros08                   
0     003de004  _CPU_CntLeadZeros16                   
0     003de00b  _CPU_CntLeadZeros32                   
0     003de043  _CPU_CntTrailZeros                    
0     003de055  _CPU_CntTrailZeros08                  
0     003de067  _CPU_CntTrailZeros16                  
0     003de079  _CPU_CntTrailZeros32                  
0     003f43f6  _CPU_EndiannessTest                   
0     003ddff8  _CPU_Init                             
0     003de9ee  _CPU_IntDis                           
0     003de9f0  _CPU_IntEn                            
0     003de6e2  _CPU_IntSrcDis                        
0     003de6f8  _CPU_IntSrcEn                         
0     003de70d  _CPU_IntSrcPendClr                    
0     003de08d  _CPU_PopCnt32                         
0     003dea0b  _CPU_RevBits                          
0     003de9f7  _CPU_SR_Restore                       
0     003de9f2  _CPU_SR_Save                          
0     003ddff9  _CPU_SW_Exception                     
1     00001400  _Cla1Regs                             
1     00006400  _Comp1Regs                            
1     00006420  _Comp2Regs                            
1     00006440  _Comp3Regs                            
0     003d8000  _ConfigDescAlloc                      
0     003d8051  _ConfigDescFree                       
1     00000c00  _CpuTimer0Regs                        
1     00000c08  _CpuTimer1Regs                        
1     00000c10  _CpuTimer2Regs                        
1     003f7ff8  _CsmPwl                               
1     00000ae0  _CsmRegs                              
1     0000b5cc  _DLEflag                              
1     00000880  _DevEmuRegs                           
1     00001000  _DmaRegs                              
1     00006040  _ECanaLAMRegs                         
1     000060c0  _ECanaMOTORegs                        
1     00006080  _ECanaMOTSRegs                        
1     00006100  _ECanaMboxes                          
1     00006000  _ECanaRegs                            
1     00006a00  _ECap1Regs                            
1     00006a20  _ECap2Regs                            
1     00006a40  _ECap3Regs                            
1     00006800  _EPwm1Regs                            
1     00006840  _EPwm2Regs                            
1     00006880  _EPwm3Regs                            
1     000068c0  _EPwm4Regs                            
1     00006900  _EPwm5Regs                            
1     00006940  _EPwm6Regs                            
1     00006980  _EPwm7Regs                            
1     000069c0  _EPwm8Regs                            
1     00006b00  _EQep1Regs                            
1     00006b40  _EQep2Regs                            
1     0000a024  _EepromQTb                            
1     0000a480  _EepromThread_Stk                     
0     003de8a9  _Eeprom_Thread                        
1     00000004  _EmuBMode                             
1     00000005  _EmuKey                               
1     0000a004  _EromIdleSem                          
1     0000a008  _EromOverSem                          
1     00000a80  _FlashRegs                            
1     00000002  _Flash_CPUScaleFactor                 
1     00000000  _Flash_CallbackPtr                    
1     00006f80  _GpioCtrlRegs                         
1     00006fc0  _GpioDataRegs                         
1     00006fe0  _GpioIntRegs                          
1     00006ac0  _HRCap1Regs                           
1     00006ae0  _HRCap2Regs                           
1     00006c80  _HRCap3Regs                           
1     00006ca0  _HRCap4Regs                           
1     0000b5ce  _HeaderFlag                           
1     0000b4c0  _I2cBuffer                            
1     0000a016  _I2cIdleSem                           
1     0000a00e  _I2cOverSem                           
1     0000a002  _I2cServerRunSem                      
1     0000a010  _I2cTcbMutex                          
1     0000a180  _I2cThread_Stk                        
0     003ddd7d  _I2c_Init                             
0     003dddf0  _I2c_Thread                           
1     00007900  _I2caRegs                             
0     003dea8e  _IntDefaultHandler                    
0     003dd1f9  _IntDisable                           
0     003dd1d2  _IntEnable                            
0     003dd190  _IntMasterDisable                     
0     003dd18c  _IntMasterEnable                      
0     003dd194  _IntRegister                          
0     003dd1b2  _IntUnregister                        
0     003d90ea  _InternalUSBHCDSendEvent              
0     003de689  _InternalUSBRegisterTickHandler       
0     003de6b7  _InternalUSBStartOfFrameTick          
0     003de660  _InternalUSBTickInit                  
0     003de685  _InternalUSBTickReset                 
0     003dd2de  _Interrupt_disable                    
0     003dd294  _Interrupt_enable                     
1     0000b5d2  _Math_RandSeedCur                     
1     00005000  _McbspaRegs                           
1     0000c040  _Mem_Heap                             
1     0000c000  _Mem_SegHeadPtr                       
1     0000c002  _Mem_SegHeap                          
1     0000b5cd  _MsgIndex                             
1     00007060  _NmiIntruptRegs                       
1     00009001  _OSCPUUsage                           
1     00009024  _OSCtxSwCtr                           
0     003f4258  _OSDataSize                           
0     003f4268  _OSDebugEn                            
0     003de4c5  _OSDebugInit                          
0     003f4274  _OSEndiannessTest                     
0     003f426e  _OSEventEn                            
1     00009022  _OSEventFreeList                      
0     003f426f  _OSEventMax                           
0     003f4269  _OSEventMultiEn                       
0     003f4271  _OSEventNameEn                        
0     003da659  _OSEventNameGet                       
0     003da698  _OSEventNameSet                       
0     003da6cc  _OSEventPendMulti                     
0     003f4270  _OSEventSize                          
1     00009180  _OSEventTbl                           
0     003f426a  _OSEventTblSize                       
0     003db3c7  _OSFlagAccept                         
0     003db452  _OSFlagCreate                         
0     003db485  _OSFlagDel                            
0     003f426b  _OSFlagEn                             
1     0000901a  _OSFlagFreeList                       
0     003f426d  _OSFlagGrpSize                        
0     003f4251  _OSFlagMax                            
0     003f424a  _OSFlagNameEn                         
0     003db50a  _OSFlagNameGet                        
0     003db544  _OSFlagNameSet                        
0     003f426c  _OSFlagNodeSize                       
0     003db573  _OSFlagPend                           
0     003db6cc  _OSFlagPendGetFlagsRdy                
0     003db6de  _OSFlagPost                           
0     003db79e  _OSFlagQuery                          
1     00009040  _OSFlagTbl                            
0     003f4272  _OSFlagWidth                          
1     0000900c  _OSIdleCtr                            
1     0000901c  _OSIdleCtrMax                         
1     00009020  _OSIdleCtrRun                         
0     003da886  _OSInit                               
0     003dd9eb  _OSInitHookBegin                      
0     003dda35  _OSInitHookEnd                        
0     003da89f  _OSIntEnter                           
0     003da8a9  _OSIntExit                            
1     00009004  _OSIntNesting                         
1     0000900a  _OSLockNesting                        
0     003f424b  _OSLowestPrio                         
0     003f4249  _OSMboxEn                             
0     003dd329  _OSMemCreate                          
0     003f4247  _OSMemEn                              
1     00009016  _OSMemFreeList                        
0     003dd392  _OSMemGet                             
0     003f4248  _OSMemMax                             
0     003f424f  _OSMemNameEn                          
0     003dd3c2  _OSMemNameGet                         
0     003dd3f3  _OSMemNameSet                         
0     003dd41a  _OSMemPut                             
0     003dd449  _OSMemQuery                           
0     003f4250  _OSMemSize                            
1     00009080  _OSMemTbl                             
0     003f424e  _OSMemTblSize                         
0     003db8ba  _OSMutexAccept                        
0     003db90d  _OSMutexCreate                        
0     003db979  _OSMutexDel                           
0     003f424c  _OSMutexEn                            
0     003dba39  _OSMutexPend                          
0     003dbbaa  _OSMutexPost                          
0     003dbc1f  _OSMutexQuery                         
1     00009008  _OSPrioCur                            
1     00009006  _OSPrioHighRdy                        
0     003f424d  _OSPtrSize                            
0     003dc3fe  _OSQAccept                            
0     003dc446  _OSQCreate                            
0     003dc4ab  _OSQDel                               
0     003f4246  _OSQEn                                
0     003dc544  _OSQFlush                             
1     00009010  _OSQFreeList                          
0     003f423f  _OSQMax                               
0     003dc56a  _OSQPend                              
0     003dc61f  _OSQPendAbort                         
0     003dc663  _OSQPost                              
0     003dc6ab  _OSQPostFront                         
0     003dc6ff  _OSQPostOpt                           
0     003dc773  _OSQQuery                             
0     003f4240  _OSQSize                              
1     000090c0  _OSQTbl                               
1     00009005  _OSRdyGrp                             
1     00009026  _OSRdyTbl                             
0     003f423e  _OSRdyTblSize                         
1     00009007  _OSRunning                            
0     003da8dc  _OSSchedLock                          
0     003da8f3  _OSSchedUnlock                        
0     003dcd70  _OSSemAccept                          
0     003dcd8a  _OSSemCreate                          
0     003dcdb9  _OSSemDel                             
0     003f423c  _OSSemEn                              
0     003dce3c  _OSSemPend                            
0     003dceba  _OSSemPendAbort                       
0     003dcefe  _OSSemPost                            
0     003dcf2b  _OSSemQuery                           
0     003dcf65  _OSSemSet                             
0     003da919  _OSStart                              
0     003de2f6  _OSStartHighRdy                       
0     003da930  _OSStatInit                           
1     00009002  _OSStatRdy                            
0     003f423d  _OSStkWidth                           
1     00009014  _OSTCBCur                             
1     00009012  _OSTCBFreeList                        
1     00009018  _OSTCBHighRdy                         
0     003ddb25  _OSTCBInitHook                        
1     0000900e  _OSTCBList                            
1     00009100  _OSTCBPrioTbl                         
0     003f4266  _OSTCBPrioTblMax                      
0     003f4264  _OSTCBSize                            
1     00009440  _OSTCBTbl                             
0     003dadfd  _OSTaskChangePrio                     
0     003daf04  _OSTaskCreate                         
0     003f4244  _OSTaskCreateEn                       
0     003daf62  _OSTaskCreateExt                      
0     003f4245  _OSTaskCreateExtEn                    
0     003dda36  _OSTaskCreateHook                     
1     00009009  _OSTaskCtr                            
0     003dafca  _OSTaskDel                            
0     003f4243  _OSTaskDelEn                          
0     003dda3a  _OSTaskDelHook                        
0     003db0bf  _OSTaskDelReq                         
0     003dda3e  _OSTaskIdleHook                       
1     00009340  _OSTaskIdleStk                        
0     003f4241  _OSTaskIdleStkSize                    
0     003f4267  _OSTaskMax                            
0     003f4260  _OSTaskNameEn                         
0     003db103  _OSTaskNameGet                        
0     003db15f  _OSTaskNameSet                        
0     003f4242  _OSTaskProfileEn                      
0     003db2e2  _OSTaskQuery                          
0     003db320  _OSTaskRegGet                         
0     003db357  _OSTaskRegGetID                       
1     00009000  _OSTaskRegNextAvailID                 
0     003db373  _OSTaskRegSet                         
0     003f4265  _OSTaskRegTblSize                     
0     003db1af  _OSTaskResume                         
0     003dda3f  _OSTaskReturnHook                     
0     003f4261  _OSTaskStatEn                         
0     003dda43  _OSTaskStatHook                       
1     00009240  _OSTaskStatStk                        
0     003f425d  _OSTaskStatStkChkEn                   
0     003f425f  _OSTaskStatStkSize                    
0     003db214  _OSTaskStkChk                         
0     003dda44  _OSTaskStkInit                        
0     003db273  _OSTaskSuspend                        
0     003ddb24  _OSTaskSwHook                         
0     003f425e  _OSTaskSwHookEn                       
1     00009003  _OSTickStepState                      
0     003f4262  _OSTicksPerSec                        
1     0000901e  _OSTime                               
0     003ddc47  _OSTimeDly                            
0     003ddc84  _OSTimeDlyHMSM                        
0     003ddccc  _OSTimeDlyResume                      
0     003ddd37  _OSTimeGet                            
0     003ddd46  _OSTimeSet                            
0     003da950  _OSTimeTick                           
0     003ddb29  _OSTimeTickHook                       
0     003f4263  _OSTimeTickHookEn                     
0     003f4256  _OSTmrCfgMax                          
0     003f4254  _OSTmrCfgNameEn                       
0     003f4253  _OSTmrCfgTicksPerSec                  
0     003f4252  _OSTmrCfgWheelSize                    
0     003f4255  _OSTmrEn                              
0     003f425a  _OSTmrSize                            
0     003f425b  _OSTmrTblSize                         
0     003f4259  _OSTmrWheelSize                       
0     003f4257  _OSTmrWheelTblSize                    
0     003f4100  _OSUnMapTbl                           
0     003da9d0  _OSVersion                            
0     003f425c  _OSVersionNbr                         
0     003de2e3  _OS_CPU_GetST0                        
0     003de2e6  _OS_CPU_GetST1                        
0     003de329  _OS_CPU_RTOSINT_Handler               
0     003de2ee  _OS_CPU_SR_Restore                    
0     003de2e9  _OS_CPU_SR_Save                       
0     003da9d3  _OS_Dummy                             
0     003da9d4  _OS_EventTaskRdy                      
0     003daaba  _OS_EventTaskRemove                   
0     003daadf  _OS_EventTaskRemoveMulti              
0     003daa36  _OS_EventTaskWait                     
0     003daa6e  _OS_EventTaskWaitMulti                
0     003dab12  _OS_EventWaitListInit                 
0     003db819  _OS_FlagInit                          
0     003db895  _OS_FlagUnlink                        
0     003dac1b  _OS_MemClr                            
0     003dac2a  _OS_MemCopy                           
0     003dd481  _OS_MemInit                           
0     003dc7c8  _OS_QInit                             
0     003dac3d  _OS_Sched                             
0     003dac7c  _OS_StrLen                            
0     003dad15  _OS_TCBInit                           
0     003dac8e  _OS_TaskIdle                          
0     003db3a8  _OS_TaskReturn                        
0     003dac9f  _OS_TaskStat                          
0     003dace6  _OS_TaskStatStkChk                    
0     003db3b1  _OS_TaskStkClr                        
0     003dcd14  _OTGDeviceDisconnect                  
1     003d7e80  _PartIdRegs                           
1     0000af80  _Partition256                         
1     0000ab80  _Partition32                          
1     00000ce0  _PieCtrlRegs                          
1     00009ec0  _PieVectTable                         
0     00008000  _RamfuncsLoadEnd                      
0     00008000  _RamfuncsLoadStart                    
0     00008000  _RamfuncsRunStart                     
0     003ddc26  _RxHandler                            
1     00007050  _SciaRegs                             
1     00007750  _ScibRegs                             
0     003de931  _SendUsbMsg                           
1     00007040  _SpiaRegs                             
1     00007740  _SpibRegs                             
0     003ddd55  _StartI2cTask                         
0     003dbfce  _SysCtlClockGet                       
0     003dbfbd  _SysCtlDelay                          
0     003dbf7c  _SysCtlPeripheralDisable              
0     003dbf40  _SysCtlPeripheralEnable               
0     003dbfb8  _SysCtlPeripheralPresent              
0     003dbf3c  _SysCtlPeripheralReset                
0     003dbfe3  _SysCtlUSBPLLDisable                  
0     003dbfd6  _SysCtlUSBPLLEnable                   
1     00007010  _SysCtrlRegs                          
1     00000985  _SysPwrCtrlRegs                       
1     0000a040  _TaskQTb                              
0     003ddc1f  _TxHandler                            
0     003dea5f  _USB0DeviceIntHandler                 
0     003dcb6b  _USB0DualModeIntHandler               
0     003d906f  _USB0HostIntHandler                   
0     003dcc95  _USB0OTGModeIntHandler                
0     003dbea0  _USBBufferCallbackDataSet             
0     003dbef0  _USBBufferDataAvailable               
0     003dbe90  _USBBufferDataRemoved                 
0     003dbe7d  _USBBufferDataWritten                 
0     003dbf08  _USBBufferEventCallback               
0     003dbec8  _USBBufferFlush                       
0     003dbe6f  _USBBufferInfoGet                     
0     003dbe3e  _USBBufferInit                        
0     003dbed4  _USBBufferRead                        
0     003dbefc  _USBBufferSpaceAvailable              
0     003dbeaa  _USBBufferWrite                       
0     003dbe58  _USBBufferZeroLengthPacketInsert      
0     003dc9b4  _USBDBulkCompositeInit                
0     003dc96d  _USBDBulkInit                         
0     003dca87  _USBDBulkPacketRead                   
0     003dca42  _USBDBulkPacketWrite                  
0     003dcb0b  _USBDBulkPowerStatusSet               
0     003dcb14  _USBDBulkRemoteWakeupRequest          
0     003dcaec  _USBDBulkRxPacketAvailable            
0     003dca28  _USBDBulkSetRxCBData                  
0     003dca32  _USBDBulkSetTxCBData                  
0     003dca1b  _USBDBulkTerm                         
0     003dcadc  _USBDBulkTxPacketAvailable            
0     003dd6ab  _USBDCDConfigDescGet                  
0     003dd686  _USBDCDConfigDescGetNum               
0     003dd66d  _USBDCDConfigDescGetSize              
0     003dd714  _USBDCDConfigGetInterface             
0     003dd72d  _USBDCDConfigGetInterfaceEndpoint     
0     003dd6ef  _USBDCDConfigGetNumAlternateInterfaces
0     003d95d5  _USBDCDDeviceInfoInit                 
0     003d95e5  _USBDCDInit                           
0     003d96cc  _USBDCDPowerStatusSet                 
0     003d96d9  _USBDCDRemoteWakeupRequest            
0     003d9696  _USBDCDRequestDataEP0                 
0     003d96a4  _USBDCDSendDataEP0                    
0     003d96b3  _USBDCDSetDefaultConfiguration        
0     003d96bb  _USBDCDStallEP0                       
0     003d9663  _USBDCDTerm                           
0     003de0e9  _USBDescGet                           
0     003de162  _USBDescGetInterface                  
0     003de17c  _USBDescGetInterfaceEndpoint          
0     003de0c3  _USBDescGetNum                        
0     003de114  _USBDescGetNumAlternateInterfaces     
0     003da17d  _USBDevAddrGet                        
0     003da176  _USBDevAddrSet                        
0     003da161  _USBDevConnect                        
0     003da16b  _USBDevDisconnect                     
0     003da282  _USBDevEndpointConfigGet              
0     003da221  _USBDevEndpointConfigSet              
0     003da3f1  _USBDevEndpointDataAck                
0     003da104  _USBDevEndpointStall                  
0     003da129  _USBDevEndpointStallClear             
0     003da05b  _USBDevEndpointStatusClear            
0     003da61a  _USBDevMode                           
0     003dcfe6  _USBDeviceConfig                      
0     003dd123  _USBDeviceConfigAlternate             
0     003d975c  _USBDeviceEnumHandler                 
0     003d981c  _USBDeviceEnumResetHandler            
0     003d9d81  _USBDeviceIntHandlerInternal          
0     003d96ef  _USBDeviceResumeTickHandler           
0     003dcba5  _USBDualModeInit                      
0     003dcbe8  _USBDualModeTerm                      
0     003da5e5  _USBEndpointDMAChannel                
0     003da37b  _USBEndpointDMADisable                
0     003da363  _USBEndpointDMAEnable                 
0     003da395  _USBEndpointDataAvail                 
0     003da3b1  _USBEndpointDataGet                   
0     003da42a  _USBEndpointDataPut                   
0     003da454  _USBEndpointDataSend                  
0     003da0ec  _USBEndpointDataToggleClear           
0     003da645  _USBEndpointPacketCountSet            
0     003da020  _USBEndpointStatus                    
0     003da5d1  _USBFIFOAddrGet                       
0     003da323  _USBFIFOConfigGet                     
0     003da2e5  _USBFIFOConfigSet                     
0     003da483  _USBFIFOFlush                         
0     003da5b4  _USBFrameNumberGet                    
0     003d9359  _USBHCDControlTransfer                
0     003d9552  _USBHCDDevAddress                     
0     003d9566  _USBHCDDevClass                       
0     003d953e  _USBHCDDevHubPort                     
0     003d95b0  _USBHCDDevProtocol                    
0     003d958b  _USBHCDDevSubClass                    
0     003d80d3  _USBHCDEventDisable                   
0     003d80be  _USBHCDEventEnable                    
0     003d93eb  _USBHCDHubDeviceConnected             
0     003d9443  _USBHCDHubDeviceDisconnected          
0     003d89cc  _USBHCDInit                           
0     003d9199  _USBHCDMain                           
0     003d8397  _USBHCDPipeAlloc                      
0     003d81a1  _USBHCDPipeAllocSize                  
0     003d83a6  _USBHCDPipeConfig                     
0     003d864d  _USBHCDPipeDataAck                    
0     003d877f  _USBHCDPipeFree                       
0     003d866a  _USBHCDPipeRead                       
0     003d8622  _USBHCDPipeReadNonBlocking            
0     003d857b  _USBHCDPipeSchedule                   
0     003d8476  _USBHCDPipeStatus                     
0     003d847b  _USBHCDPipeWrite                      
0     003d89c1  _USBHCDPowerAutomatic                 
0     003d8990  _USBHCDPowerConfigGet                 
0     003d8988  _USBHCDPowerConfigInit                
0     003d8997  _USBHCDPowerConfigSet                 
0     003d8a1d  _USBHCDRegisterDrivers                
0     003d8a88  _USBHCDReset                          
0     003d8ab7  _USBHCDResume                         
0     003d8b75  _USBHCDSetAddress                     
0     003d8c1e  _USBHCDSetConfig                      
0     003d8c42  _USBHCDSetInterface                   
0     003d8aae  _USBHCDSuspend                        
0     003d8a28  _USBHCDTerm                           
0     003dc3ea  _USBHHubClose                         
0     003dc3ba  _USBHHubEnumerationComplete           
0     003dc3cb  _USBHHubEnumerationError              
0     003dc3f3  _USBHHubInit                          
0     003dc2cd  _USBHHubMain                          
0     003dc3dc  _USBHHubOpen                          
0     003da50a  _USBHostAddrGet                       
0     003da4f2  _USBHostAddrSet                       
0     003d8c6e  _USBHostCheckPipes                    
0     003da185  _USBHostEndpointConfig                
0     003da411  _USBHostEndpointDataAck               
0     003da09b  _USBHostEndpointDataToggle            
0     003da035  _USBHostEndpointStatusClear           
0     003da552  _USBHostHubAddrGet                    
0     003da524  _USBHostHubAddrSet                    
0     003d8cf9  _USBHostIntHandlerInternal            
0     003da60f  _USBHostMode                          
0     003da56c  _USBHostPwrConfig                     
0     003da5a9  _USBHostPwrDisable                    
0     003da59e  _USBHostPwrEnable                     
0     003da593  _USBHostPwrFaultDisable               
0     003da588  _USBHostPwrFaultEnable                
0     003da4bd  _USBHostRequestIN                     
0     003da4d1  _USBHostRequestINClear                
0     003da4e7  _USBHostRequestStatus                 
0     003d9e68  _USBHostReset                         
0     003d9e7d  _USBHostResume                        
0     003d9e92  _USBHostSpeedGet                      
0     003d9e5e  _USBHostSuspend                       
0     003d9eec  _USBIntDisable                        
0     003d9f75  _USBIntDisableControl                 
0     003d9fdd  _USBIntDisableEndpoint                
0     003d9f32  _USBIntEnable                         
0     003d9f98  _USBIntEnableControl                  
0     003d9fef  _USBIntEnableEndpoint                 
0     003da00b  _USBIntRegister                       
0     003d9ea9  _USBIntStatus                         
0     003d9fb8  _USBIntStatusControl                  
0     003d9fff  _USBIntStatusEndpoint                 
0     003da016  _USBIntUnregister                     
0     003ddf9f  _USBLibDMAInit                        
0     003da5da  _USBModeGet                           
0     003da654  _USBNumEndpointsGet                   
0     003dcd22  _USBOTGMain                           
0     003da625  _USBOTGMode                           
0     003dcc1d  _USBOTGModeInit                       
0     003dcc01  _USBOTGModeTerm                       
0     003dcc8d  _USBOTGPollRate                       
0     003da5bc  _USBOTGSessionRequest                 
0     003da630  _USBPHYPowerOff                       
0     003da63a  _USBPHYPowerOn                        
0     003dd976  _USBRingBufAdvanceRead                
0     003dd98c  _USBRingBufAdvanceWrite               
0     003dd92b  _USBRingBufContigFree                 
0     003dd91c  _USBRingBufContigUsed                 
0     003dd8dc  _USBRingBufEmpty                      
0     003dd8ee  _USBRingBufFlush                      
0     003dd911  _USBRingBufFree                       
0     003dd8c3  _USBRingBufFull                       
0     003dd9dc  _USBRingBufInit                       
0     003dd95d  _USBRingBufRead                       
0     003dd94a  _USBRingBufReadOne                    
0     003dd945  _USBRingBufSize                       
0     003dd901  _USBRingBufUsed                       
0     003dd9c4  _USBRingBufWrite                      
0     003dd9b0  _USBRingBufWriteOne                   
0     003dcb55  _USBStackModeSet                      
0     003ddb3c  _USB_Bulk_Init                        
0     003ddb2f  _USB_Init                             
1     00004000  _Usb0Regs                             
1     0000a02e  _UsbRxQTb                             
1     0000a01a  _UsbTxQTb                             
1     00007070  _XIntruptRegs                         
1     00000700  __STACK_END                           
abs   00000300  __STACK_SIZE                          
1     00000d00  ___BSP_VectorTable                    
1     00009c38  ___TI_cleanup_ptr                     
1     00009c3a  ___TI_dtors_ptr                       
1     00009c36  ___TI_enable_exit_profile_output      
abs   ffffffff  ___TI_pprof_out_hndl                  
abs   ffffffff  ___TI_prof_data_size                  
abs   ffffffff  ___TI_prof_data_start                 
abs   ffffffff  ___binit__                            
abs   ffffffff  ___c_args__                           
0     003f43fa  ___cinit__                            
0     003ddb2a  ___error__                            
abs   ffffffff  ___etext__                            
abs   ffffffff  ___pinit__                            
abs   ffffffff  ___text__                             
0     003dea46  __args_main                           
1     00009ffe  __lock                                
0     003deaa3  __nop                                 
0     003dea9f  __register_lock                       
0     003dea9b  __register_unlock                     
1     00000400  __stack                               
0     003deaa9  __system_post_cinit                   
0     003dbffe  __system_pre_init                     
1     0000b5d0  __unlock                              
0     003de9a1  _abort                                
0     003de809  _c_int00                              
0     003deaa4  _changer_handler                      
0     003de9ca  _copy_in                              
0     003de755  _descriptor_handler                   
0     003de9a3  _exit                                 
0     003de387  _f28x_USB0DeviceIntHandler            
0     003de3f8  _f28x_USB0DualModeIntHandler          
0     003de3c7  _f28x_USB0HostIntHandler              
1     00009c0e  _g_bUSBTimerInitialized               
1     00009c2e  _g_eOTGModeState                      
1     00009c2d  _g_iUSBMode                           
1     0000b482  _g_pI2cMsg                            
1     00009c14  _g_pfnTickHandlers                    
0     003f43f4  _g_ppBulkConfigDescriptors            
1     0000b600  _g_ppsDevInfo                         
0     003f43ca  _g_ppui8StringDescriptors             
1     00009860  _g_psBulkSections                     
1     0000b604  _g_psDCDInst                          
1     00009864  _g_pui8BulkDescriptor                 
1     0000986d  _g_pui8BulkDeviceDescriptor           
0     003f4356  _g_pui8BulkInterface                  
0     003f4276  _g_pui8ConfigString                   
0     003f42c2  _g_pui8DataInterfaceString            
0     003f43d6  _g_pui8LangDescriptor                 
[...]
0     003dd6ef  _USBDCDConfigGetNumAlternateInterfaces
0     003dd714  _USBDCDConfigGetInterface             
0     003dd72d  _USBDCDConfigGetInterfaceEndpoint     
0     003dd75e  _main                                 
0     003dd8c3  _USBRingBufFull                       
0     003dd8dc  _USBRingBufEmpty                      
0     003dd8ee  _USBRingBufFlush                      
0     003dd901  _USBRingBufUsed                       
0     003dd911  _USBRingBufFree                       
0     003dd91c  _USBRingBufContigUsed                 
0     003dd92b  _USBRingBufContigFree                 
0     003dd945  _USBRingBufSize                       
0     003dd94a  _USBRingBufReadOne                    
0     003dd95d  _USBRingBufRead                       
0     003dd976  _USBRingBufAdvanceRead                
0     003dd98c  _USBRingBufAdvanceWrite               
0     003dd9b0  _USBRingBufWriteOne                   
0     003dd9c4  _USBRingBufWrite                      
0     003dd9dc  _USBRingBufInit                       
0     003dd9eb  _OSInitHookBegin                      
0     003dda35  _OSInitHookEnd                        
0     003dda36  _OSTaskCreateHook                     
0     003dda3a  _OSTaskDelHook                        
0     003dda3e  _OSTaskIdleHook                       
0     003dda3f  _OSTaskReturnHook                     
0     003dda43  _OSTaskStatHook                       
0     003dda44  _OSTaskStkInit                        
0     003ddb24  _OSTaskSwHook                         
0     003ddb25  _OSTCBInitHook                        
0     003ddb29  _OSTimeTickHook                       
0     003ddb2a  ___error__                            
0     003ddb2f  _USB_Init                             
0     003ddb3c  _USB_Bulk_Init                        
0     003ddc1f  _TxHandler                            
0     003ddc26  _RxHandler                            
0     003ddc47  _OSTimeDly                            
0     003ddc84  _OSTimeDlyHMSM                        
0     003ddccc  _OSTimeDlyResume                      
0     003ddd37  _OSTimeGet                            
0     003ddd46  _OSTimeSet                            
0     003ddd55  _StartI2cTask                         
0     003ddd7d  _I2c_Init                             
0     003dddf0  _I2c_Thread                           
0     003dde51  _BSP_Init                             
0     003dde64  _BSP_Tick_Init                        
0     003dde75  _BSP_CPU_ClkFreq                      
0     003ddf9f  _USBLibDMAInit                        
0     003ddff8  _CPU_Init                             
0     003ddff9  _CPU_SW_Exception                     
0     003ddffa  _CPU_CntLeadZeros08                   
0     003de004  _CPU_CntLeadZeros16                   
0     003de00b  _CPU_CntLeadZeros32                   
0     003de043  _CPU_CntTrailZeros                    
0     003de055  _CPU_CntTrailZeros08                  
0     003de067  _CPU_CntTrailZeros16                  
0     003de079  _CPU_CntTrailZeros32                  
0     003de08d  _CPU_PopCnt32                         
0     003de0c3  _USBDescGetNum                        
0     003de0e9  _USBDescGet                           
0     003de114  _USBDescGetNumAlternateInterfaces     
0     003de162  _USBDescGetInterface                  
0     003de17c  _USBDescGetInterfaceEndpoint          
0     003de18e  _BSP_IntAck                           
0     003de1ad  _BSP_IntEn                            
0     003de1d3  _BSP_IntDis                           
0     003de1fa  _BSP_ExtIntEn                         
0     003de20d  _BSP_ExtIntDis                        
0     003de220  _BSP_IntVectSet                       
0     003de239  _i2c_int1a_isr                        
0     003de2e3  _OS_CPU_GetST0                        
0     003de2e6  _OS_CPU_GetST1                        
0     003de2e9  _OS_CPU_SR_Save                       
0     003de2ee  _OS_CPU_SR_Restore                    
0     003de2f6  _OSStartHighRdy                       
0     003de329  _OS_CPU_RTOSINT_Handler               
0     003de387  _f28x_USB0DeviceIntHandler            
0     003de3c7  _f28x_USB0HostIntHandler              
0     003de3f8  _f28x_USB0DualModeIntHandler          
0     003de429  FD$$ADD                               
0     003de4c5  _OSDebugInit                          
0     003de552  FD$$DIV                               
0     003de5dd  FD$$MPY                               
0     003de660  _InternalUSBTickInit                  
0     003de685  _InternalUSBTickReset                 
0     003de689  _InternalUSBRegisterTickHandler       
0     003de6b7  _InternalUSBStartOfFrameTick          
0     003de6e2  _CPU_IntSrcDis                        
0     003de6f8  _CPU_IntSrcEn                         
0     003de70d  _CPU_IntSrcPendClr                    
0     003de755  _descriptor_handler                   
0     003de7b2  _BSP_LED_On                           
0     003de7cf  _BSP_LED_Off                          
0     003de7ec  _BSP_LED_Toggle                       
0     003de809  _c_int00                              
0     003de85f  _BSP_IntHandlerDummy                  
0     003de8a9  _Eeprom_Thread                        
0     003de8ee  _BSP_OS_TIMER2_TickHandler            
0     003de931  _SendUsbMsg                           
0     003de951  _App_CmdHandler                       
0     003de970  _BSP_OS_TIMER2_TickInit               
0     003de9a1  C$$EXIT                               
0     003de9a1  _abort                                
0     003de9a3  _exit                                 
0     003de9ca  _copy_in                              
0     003de9ee  _CPU_IntDis                           
0     003de9f0  _CPU_IntEn                            
0     003de9f2  _CPU_SR_Save                          
0     003de9f7  _CPU_SR_Restore                       
0     003de9ff  _CPU_CntLeadZeros                     
0     003dea0b  _CPU_RevBits                          
0     003dea0d  _memcpy                               
0     003dea2b  FD$$TOUL                              
0     003dea46  __args_main                           
0     003dea5f  _USB0DeviceIntHandler                 
0     003dea71  _BSP_RAM_StartHere                    
0     003dea80  FD$$SUB                               
0     003dea8e  _IntDefaultHandler                    
0     003dea9b  __register_unlock                     
0     003dea9f  __register_lock                       
0     003deaa3  __nop                                 
0     003deaa4  _changer_handler                      
0     003deaa9  __system_post_cinit                   
0     003f4100  _OSUnMapTbl                           
0     003f423c  _OSSemEn                              
0     003f423d  _OSStkWidth                           
0     003f423e  _OSRdyTblSize                         
0     003f423f  _OSQMax                               
0     003f4240  _OSQSize                              
0     003f4241  _OSTaskIdleStkSize                    
0     003f4242  _OSTaskProfileEn                      
0     003f4243  _OSTaskDelEn                          
0     003f4244  _OSTaskCreateEn                       
0     003f4245  _OSTaskCreateExtEn                    
0     003f4246  _OSQEn                                
0     003f4247  _OSMemEn                              
0     003f4248  _OSMemMax                             
0     003f4249  _OSMboxEn                             
0     003f424a  _OSFlagNameEn                         
0     003f424b  _OSLowestPrio                         
0     003f424c  _OSMutexEn                            
0     003f424d  _OSPtrSize                            
0     003f424e  _OSMemTblSize                         
0     003f424f  _OSMemNameEn                          
0     003f4250  _OSMemSize                            
0     003f4251  _OSFlagMax                            
0     003f4252  _OSTmrCfgWheelSize                    
0     003f4253  _OSTmrCfgTicksPerSec                  
0     003f4254  _OSTmrCfgNameEn                       
0     003f4255  _OSTmrEn                              
0     003f4256  _OSTmrCfgMax                          
0     003f4257  _OSTmrWheelTblSize                    
0     003f4258  _OSDataSize                           
0     003f4259  _OSTmrWheelSize                       
0     003f425a  _OSTmrSize                            
0     003f425b  _OSTmrTblSize                         
0     003f425c  _OSVersionNbr                         
0     003f425d  _OSTaskStatStkChkEn                   
0     003f425e  _OSTaskSwHookEn                       
0     003f425f  _OSTaskStatStkSize                    
0     003f4260  _OSTaskNameEn                         
0     003f4261  _OSTaskStatEn                         
0     003f4262  _OSTicksPerSec                        
0     003f4263  _OSTimeTickHookEn                     
0     003f4264  _OSTCBSize                            
0     003f4265  _OSTaskRegTblSize                     
0     003f4266  _OSTCBPrioTblMax                      
0     003f4267  _OSTaskMax                            
0     003f4268  _OSDebugEn                            
0     003f4269  _OSEventMultiEn                       
0     003f426a  _OSEventTblSize                       
0     003f426b  _OSFlagEn                             
0     003f426c  _OSFlagNodeSize                       
0     003f426d  _OSFlagGrpSize                        
0     003f426e  _OSEventEn                            
0     003f426f  _OSEventMax                           
0     003f4270  _OSEventSize                          
0     003f4271  _OSEventNameEn                        
0     003f4272  _OSFlagWidth                          
0     003f4274  _OSEndiannessTest                     
0     003f4276  _g_pui8ConfigString                   
0     003f42c2  _g_pui8DataInterfaceString            
0     003f42e4  _g_pui8ProductString                  
0     003f433e  _g_sBulkHandlers                      
0     003f4356  _g_pui8BulkInterface                  
0     003f436d  _g_pui8ManufacturerString             
0     003f4383  _g_pui8SerialNumberString             
0     003f4396  _g_sRxBuffer                          
0     003f43a8  _g_sTxBuffer                          
0     003f43ca  _g_ppui8StringDescriptors             
0     003f43d6  _g_pui8LangDescriptor                 
0     003f43da  _g_sBulkConfigHeader                  
0     003f43de  _g_sBulkConfigSection                 
0     003f43e2  _g_sBulkInterfaceSection              
0     003f43f4  _g_ppBulkConfigDescriptors            
0     003f43f6  _CPU_EndiannessTest                   
0     003f43fa  ___cinit__                            
0     003f43fa  cinit                                 
1     00000000  _Flash_CallbackPtr                    
1     00000002  _Flash_CPUScaleFactor                 
1     00000004  _EmuBMode                             
1     00000005  _EmuKey                               
1     00000400  __stack                               
1     00000700  __STACK_END                           
1     00000880  _DevEmuRegs                           
1     00000985  _SysPwrCtrlRegs                       
1     00000a80  _FlashRegs                            
1     00000ae0  _CsmRegs                              
1     00000b00  _AdcResult                            
1     00000c00  _CpuTimer0Regs                        
1     00000c08  _CpuTimer1Regs                        
1     00000c10  _CpuTimer2Regs                        
1     00000ce0  _PieCtrlRegs                          
1     00000d00  ___BSP_VectorTable                    
1     00001000  _DmaRegs                              
1     00001400  _Cla1Regs                             
1     00004000  _Usb0Regs                             
1     00005000  _McbspaRegs                           
1     00006000  _ECanaRegs                            
1     00006040  _ECanaLAMRegs                         
1     00006080  _ECanaMOTSRegs                        
1     000060c0  _ECanaMOTORegs                        
1     00006100  _ECanaMboxes                          
1     00006400  _Comp1Regs                            
1     00006420  _Comp2Regs                            
1     00006440  _Comp3Regs                            
1     00006800  _EPwm1Regs                            
1     00006840  _EPwm2Regs                            
1     00006880  _EPwm3Regs                            
1     000068c0  _EPwm4Regs                            
1     00006900  _EPwm5Regs                            
1     00006940  _EPwm6Regs                            
1     00006980  _EPwm7Regs                            
1     000069c0  _EPwm8Regs                            
1     00006a00  _ECap1Regs                            
1     00006a20  _ECap2Regs                            
1     00006a40  _ECap3Regs                            
1     00006ac0  _HRCap1Regs                           
1     00006ae0  _HRCap2Regs                           
1     00006b00  _EQep1Regs                            
1     00006b40  _EQep2Regs                            
1     00006c80  _HRCap3Regs                           
1     00006ca0  _HRCap4Regs                           
1     00006f80  _GpioCtrlRegs                         
1     00006fc0  _GpioDataRegs                         
1     00006fe0  _GpioIntRegs                          
1     00007010  _SysCtrlRegs                          
1     00007040  _SpiaRegs                             
1     00007050  _SciaRegs                             
1     00007060  _NmiIntruptRegs                       
1     00007070  _XIntruptRegs                         
1     00007100  _AdcRegs                              
1     00007740  _SpibRegs                             
1     00007750  _ScibRegs                             
1     00007900  _I2caRegs                             
1     00009000  _OSTaskRegNextAvailID                 
1     00009001  _OSCPUUsage                           
1     00009002  _OSStatRdy                            
1     00009003  _OSTickStepState                      
1     00009004  _OSIntNesting                         
1     00009005  _OSRdyGrp                             
1     00009006  _OSPrioHighRdy                        
1     00009007  _OSRunning                            
1     00009008  _OSPrioCur                            
1     00009009  _OSTaskCtr                            
1     0000900a  _OSLockNesting                        
1     0000900c  _OSIdleCtr                            
1     0000900e  _OSTCBList                            
1     00009010  _OSQFreeList                          
1     00009012  _OSTCBFreeList                        
1     00009014  _OSTCBCur                             
1     00009016  _OSMemFreeList                        
1     00009018  _OSTCBHighRdy                         
1     0000901a  _OSFlagFreeList                       
1     0000901c  _OSIdleCtrMax                         
1     0000901e  _OSTime                               
1     00009020  _OSIdleCtrRun                         
1     00009022  _OSEventFreeList                      
1     00009024  _OSCtxSwCtr                           
1     00009026  _OSRdyTbl                             
1     00009040  _OSFlagTbl                            
1     00009080  _OSMemTbl                             
1     000090c0  _OSQTbl                               
1     00009100  _OSTCBPrioTbl                         
1     00009180  _OSEventTbl                           
1     00009240  _OSTaskStatStk                        
1     00009340  _OSTaskIdleStk                        
1     00009440  _OSTCBTbl                             
1     00009860  _g_psBulkSections                     
1     00009864  _g_pui8BulkDescriptor                 
1     0000986d  _g_pui8BulkDeviceDescriptor           
1     00009c0e  _g_bUSBTimerInitialized               
1     00009c10  _g_ui32CurrentUSBTick                 
1     00009c12  _g_ui32USBSOFCount                    
1     00009c14  _g_pfnTickHandlers                    
1     00009c20  _g_pvTickInstance                     
1     00009c2d  _g_iUSBMode                           
1     00009c2e  _g_eOTGModeState                      
1     00009c32  _g_ui32PollRate                       
1     00009c34  _g_ui32WaitTicks                      
1     00009c36  ___TI_enable_exit_profile_output      
1     00009c38  ___TI_cleanup_ptr                     
1     00009c3a  ___TI_dtors_ptr                       
1     00009c40  _g_pui8TxBufferWorkspace              
1     00009c58  _g_pui8RxBufferWorkspace              
1     00009c80  _g_sBulkDevice                        
1     00009cc0  _g_pui8USBRxBuffer                    
1     00009dc0  _g_pui8USBTxBuffer                    
1     00009ec0  _PieVectTable                         
1     00009ffe  __lock                                
1     0000a000  _AppTaskObjSem                        
1     0000a002  _I2cServerRunSem                      
1     0000a004  _EromIdleSem                          
1     0000a006  _pEepromQ                             
1     0000a008  _EromOverSem                          
1     0000a00a  _pUsbRxQ                              
1     0000a00c  _pUsbTxQ                              
1     0000a00e  _I2cOverSem                           
1     0000a010  _I2cTcbMutex                          
1     0000a012  _pPartition256                        
1     0000a014  _pTaskQ                               
1     0000a016  _I2cIdleSem                           
1     0000a018  _pPartition32                         
1     0000a01a  _UsbTxQTb                             
1     0000a024  _EepromQTb                            
1     0000a02e  _UsbRxQTb                             
1     0000a040  _TaskQTb                              
1     0000a080  _App_TaskPostStk                      
1     0000a180  _I2cThread_Stk                        
1     0000a280  _App_TaskStartStk                     
1     0000a380  _App_TaskPendStk                      
1     0000a480  _EepromThread_Stk                     
1     0000a580  _App_UsbTx_Stk                        
1     0000a780  _App_UsbRx_Stk                        
1     0000a980  _App_CmdHandler_Stk                   
1     0000ab80  _Partition32                          
1     0000af80  _Partition256                         
1     0000b482  _g_pI2cMsg                            
1     0000b4c0  _I2cBuffer                            
1     0000b5cc  _DLEflag                              
1     0000b5cd  _MsgIndex                             
1     0000b5ce  _HeaderFlag                           
1     0000b5d0  __unlock                              
1     0000b5d2  _Math_RandSeedCur                     
1     0000b600  _g_ppsDevInfo                         
1     0000b604  _g_psDCDInst                          
1     0000c000  _Mem_SegHeadPtr                       
1     0000c002  _Mem_SegHeap                          
1     0000c040  _Mem_Heap                             
1     003d7e80  _PartIdRegs                           
1     003f7ff8  _CsmPwl                               
abs   00000300  __STACK_SIZE                          
abs   ffffffff  .text                                 
abs   ffffffff  ___TI_pprof_out_hndl                  
abs   ffffffff  ___TI_prof_data_size                  
abs   ffffffff  ___TI_prof_data_start                 
abs   ffffffff  ___binit__                            
abs   ffffffff  ___c_args__                           
abs   ffffffff  ___etext__                            
abs   ffffffff  ___pinit__                            
abs   ffffffff  ___text__                             
abs   ffffffff  binit                                 
abs   ffffffff  etext                                 
abs   ffffffff  pinit                                 

[633 symbols]
