<?xml version="1.0"?>
<link_info>
   <banner>TMS320C2000 Linker Unix v16.9.1.LTS</banner>
   <copyright>Copyright (c) 1996-2015 Texas Instruments Incorporated</copyright>
   <link_time>0x58a0889b</link_time>
   <link_errors>0x0</link_errors>
   <output_file>ucos3_28069u.out</output_file>
   <entry_point>
      <name>_c_int00</name>
      <address>0x3de809</address>
   </entry_point>
   <input_file_list>
      <input_file id="fl-2">
         <path>./APP/</path>
         <kind>object</kind>
         <file>app.obj</file>
         <name>app.obj</name>
      </input_file>
      <input_file id="fl-3">
         <path>./APP/</path>
         <kind>object</kind>
         <file>changer.obj</file>
         <name>changer.obj</name>
      </input_file>
      <input_file id="fl-4">
         <path>./APP/</path>
         <kind>object</kind>
         <file>cmd_handler.obj</file>
         <name>cmd_handler.obj</name>
      </input_file>
      <input_file id="fl-5">
         <path>./APP/</path>
         <kind>object</kind>
         <file>descriptor.obj</file>
         <name>descriptor.obj</name>
      </input_file>
      <input_file id="fl-6">
         <path>./APP/</path>
         <kind>object</kind>
         <file>eeprom.obj</file>
         <name>eeprom.obj</name>
      </input_file>
      <input_file id="fl-7">
         <path>./APP/</path>
         <kind>object</kind>
         <file>usb_bulk_structs.obj</file>
         <name>usb_bulk_structs.obj</name>
      </input_file>
      <input_file id="fl-8">
         <path>./APP/</path>
         <kind>object</kind>
         <file>usb_dev_bulk.obj</file>
         <name>usb_dev_bulk.obj</name>
      </input_file>
      <input_file id="fl-9">
         <path>./APP/</path>
         <kind>object</kind>
         <file>usb_handler.obj</file>
         <name>usb_handler.obj</name>
      </input_file>
      <input_file id="fl-a">
         <path>./BSP/CCS/</path>
         <kind>object</kind>
         <file>bsp_start.obj</file>
         <name>bsp_start.obj</name>
      </input_file>
      <input_file id="fl-b">
         <path>./BSP/</path>
         <kind>object</kind>
         <file>I2C.obj</file>
         <name>I2C.obj</name>
      </input_file>
      <input_file id="fl-c">
         <path>./BSP/</path>
         <kind>object</kind>
         <file>bsp.obj</file>
         <name>bsp.obj</name>
      </input_file>
      <input_file id="fl-d">
         <path>./BSP/</path>
         <kind>object</kind>
         <file>bsp_int.obj</file>
         <name>bsp_int.obj</name>
      </input_file>
      <input_file id="fl-e">
         <path>./BSP/</path>
         <kind>object</kind>
         <file>bsp_led.obj</file>
         <name>bsp_led.obj</name>
      </input_file>
      <input_file id="fl-f">
         <path>./BSP/</path>
         <kind>object</kind>
         <file>cpu_bsp.obj</file>
         <name>cpu_bsp.obj</name>
      </input_file>
      <input_file id="fl-10">
         <path>./BSP/OS/uCOS-II/</path>
         <kind>object</kind>
         <file>bsp_os.obj</file>
         <name>bsp_os.obj</name>
      </input_file>
      <input_file id="fl-11">
         <path>./lib/</path>
         <kind>object</kind>
         <file>F2806x_GlobalVariableDefs.obj</file>
         <name>F2806x_GlobalVariableDefs.obj</name>
      </input_file>
      <input_file id="fl-12">
         <path>./lib/</path>
         <kind>object</kind>
         <file>sysctl.obj</file>
         <name>sysctl.obj</name>
      </input_file>
      <input_file id="fl-13">
         <path>./lib/</path>
         <kind>object</kind>
         <file>uartstdio.obj</file>
         <name>uartstdio.obj</name>
      </input_file>
      <input_file id="fl-14">
         <path>./lib/</path>
         <kind>object</kind>
         <file>usb.obj</file>
         <name>usb.obj</name>
      </input_file>
      <input_file id="fl-15">
         <path>./lib/</path>
         <kind>object</kind>
         <file>usb_hal.obj</file>
         <name>usb_hal.obj</name>
      </input_file>
      <input_file id="fl-16">
         <path>./uC-CPU/C28x/CCS/</path>
         <kind>object</kind>
         <file>cpu_a.obj</file>
         <name>cpu_a.obj</name>
      </input_file>
      <input_file id="fl-17">
         <path>./uC-CPU/C28x/CCS/</path>
         <kind>object</kind>
         <file>cpu_c.obj</file>
         <name>cpu_c.obj</name>
      </input_file>
      <input_file id="fl-18">
         <path>./uC-CPU/</path>
         <kind>object</kind>
         <file>cpu_core.obj</file>
         <name>cpu_core.obj</name>
      </input_file>
      <input_file id="fl-19">
         <path>./uC-LIB/</path>
         <kind>object</kind>
         <file>lib_ascii.obj</file>
         <name>lib_ascii.obj</name>
      </input_file>
      <input_file id="fl-1a">
         <path>./uC-LIB/</path>
         <kind>object</kind>
         <file>lib_math.obj</file>
         <name>lib_math.obj</name>
      </input_file>
      <input_file id="fl-1b">
         <path>./uC-LIB/</path>
         <kind>object</kind>
         <file>lib_mem.obj</file>
         <name>lib_mem.obj</name>
      </input_file>
      <input_file id="fl-1c">
         <path>./uC-LIB/</path>
         <kind>object</kind>
         <file>lib_str.obj</file>
         <name>lib_str.obj</name>
      </input_file>
      <input_file id="fl-1d">
         <path>./uCOS-II/Ports/C28x/Generic/CCS/</path>
         <kind>object</kind>
         <file>os_cpu_a.obj</file>
         <name>os_cpu_a.obj</name>
      </input_file>
      <input_file id="fl-1e">
         <path>./uCOS-II/Ports/C28x/Generic/CCS/</path>
         <kind>object</kind>
         <file>os_cpu_c.obj</file>
         <name>os_cpu_c.obj</name>
      </input_file>
      <input_file id="fl-1f">
         <path>./uCOS-II/Ports/C28x/Generic/CCS/</path>
         <kind>object</kind>
         <file>os_cpu_i.obj</file>
         <name>os_cpu_i.obj</name>
      </input_file>
      <input_file id="fl-20">
         <path>./uCOS-II/Ports/C28x/Generic/CCS/</path>
         <kind>object</kind>
         <file>os_dbg.obj</file>
         <name>os_dbg.obj</name>
      </input_file>
      <input_file id="fl-21">
         <path>./uCOS-II/Source/</path>
         <kind>object</kind>
         <file>os_core.obj</file>
         <name>os_core.obj</name>
      </input_file>
      <input_file id="fl-22">
         <path>./uCOS-II/Source/</path>
         <kind>object</kind>
         <file>os_flag.obj</file>
         <name>os_flag.obj</name>
      </input_file>
      <input_file id="fl-23">
         <path>./uCOS-II/Source/</path>
         <kind>object</kind>
         <file>os_mbox.obj</file>
         <name>os_mbox.obj</name>
      </input_file>
      <input_file id="fl-24">
         <path>./uCOS-II/Source/</path>
         <kind>object</kind>
         <file>os_mem.obj</file>
         <name>os_mem.obj</name>
      </input_file>
      <input_file id="fl-25">
         <path>./uCOS-II/Source/</path>
         <kind>object</kind>
         <file>os_mutex.obj</file>
         <name>os_mutex.obj</name>
      </input_file>
      <input_file id="fl-26">
         <path>./uCOS-II/Source/</path>
         <kind>object</kind>
         <file>os_q.obj</file>
         <name>os_q.obj</name>
      </input_file>
      <input_file id="fl-27">
         <path>./uCOS-II/Source/</path>
         <kind>object</kind>
         <file>os_sem.obj</file>
         <name>os_sem.obj</name>
      </input_file>
      <input_file id="fl-28">
         <path>./uCOS-II/Source/</path>
         <kind>object</kind>
         <file>os_task.obj</file>
         <name>os_task.obj</name>
      </input_file>
      <input_file id="fl-29">
         <path>./uCOS-II/Source/</path>
         <kind>object</kind>
         <file>os_time.obj</file>
         <name>os_time.obj</name>
      </input_file>
      <input_file id="fl-2a">
         <path>./uCOS-II/Source/</path>
         <kind>object</kind>
         <file>os_tmr.obj</file>
         <name>os_tmr.obj</name>
      </input_file>
      <input_file id="fl-32">
         <path>../</path>
         <kind>archive</kind>
         <file>driverlib.lib</file>
         <name>interrupt.obj</name>
      </input_file>
      <input_file id="fl-33">
         <path>../</path>
         <kind>archive</kind>
         <file>driverlib.lib</file>
         <name>uart.obj</name>
      </input_file>
      <input_file id="fl-34">
         <path>../</path>
         <kind>archive</kind>
         <file>usblib.lib</file>
         <name>usbbuffer.obj</name>
      </input_file>
      <input_file id="fl-35">
         <path>../</path>
         <kind>archive</kind>
         <file>usblib.lib</file>
         <name>usbmode.obj</name>
      </input_file>
      <input_file id="fl-36">
         <path>../</path>
         <kind>archive</kind>
         <file>usblib.lib</file>
         <name>usbringbuf.obj</name>
      </input_file>
      <input_file id="fl-37">
         <path>../</path>
         <kind>archive</kind>
         <file>usblib.lib</file>
         <name>usbtick.obj</name>
      </input_file>
      <input_file id="fl-38">
         <path>../</path>
         <kind>archive</kind>
         <file>usblib.lib</file>
         <name>usbdbulk.obj</name>
      </input_file>
      <input_file id="fl-39">
         <path>../</path>
         <kind>archive</kind>
         <file>usblib.lib</file>
         <name>usbdenum.obj</name>
      </input_file>
      <input_file id="fl-3a">
         <path>../</path>
         <kind>archive</kind>
         <file>usblib.lib</file>
         <name>usbdhandler.obj</name>
      </input_file>
      <input_file id="fl-3b">
         <path>../</path>
         <kind>archive</kind>
         <file>usblib.lib</file>
         <name>usbhostenum.obj</name>
      </input_file>
      <input_file id="fl-3c">
         <path>../</path>
         <kind>archive</kind>
         <file>usblib.lib</file>
         <name>usbdesc.obj</name>
      </input_file>
      <input_file id="fl-3d">
         <path>../</path>
         <kind>archive</kind>
         <file>usblib.lib</file>
         <name>usbdma.obj</name>
      </input_file>
      <input_file id="fl-3e">
         <path>../</path>
         <kind>archive</kind>
         <file>usblib.lib</file>
         <name>usbdcdesc.obj</name>
      </input_file>
      <input_file id="fl-3f">
         <path>../</path>
         <kind>archive</kind>
         <file>usblib.lib</file>
         <name>usbdconfig.obj</name>
      </input_file>
      <input_file id="fl-40">
         <path>../</path>
         <kind>archive</kind>
         <file>usblib.lib</file>
         <name>usbhhub.obj</name>
      </input_file>
      <input_file id="fl-4e">
         <path>/Applications/ti/ccsv7/tools/compiler/ti-cgt-c2000_16.9.1.LTS/lib/</path>
         <kind>archive</kind>
         <file>rts2800_fpu32.lib</file>
         <name>boot28.obj</name>
      </input_file>
      <input_file id="fl-4f">
         <path>/Applications/ti/ccsv7/tools/compiler/ti-cgt-c2000_16.9.1.LTS/lib/</path>
         <kind>archive</kind>
         <file>rts2800_fpu32.lib</file>
         <name>cpy_tbl.obj</name>
      </input_file>
      <input_file id="fl-50">
         <path>/Applications/ti/ccsv7/tools/compiler/ti-cgt-c2000_16.9.1.LTS/lib/</path>
         <kind>archive</kind>
         <file>rts2800_fpu32.lib</file>
         <name>exit.obj</name>
      </input_file>
      <input_file id="fl-51">
         <path>/Applications/ti/ccsv7/tools/compiler/ti-cgt-c2000_16.9.1.LTS/lib/</path>
         <kind>archive</kind>
         <file>rts2800_fpu32.lib</file>
         <name>fd_div28.obj</name>
      </input_file>
      <input_file id="fl-52">
         <path>/Applications/ti/ccsv7/tools/compiler/ti-cgt-c2000_16.9.1.LTS/lib/</path>
         <kind>archive</kind>
         <file>rts2800_fpu32.lib</file>
         <name>fd_mpy28.obj</name>
      </input_file>
      <input_file id="fl-53">
         <path>/Applications/ti/ccsv7/tools/compiler/ti-cgt-c2000_16.9.1.LTS/lib/</path>
         <kind>archive</kind>
         <file>rts2800_fpu32.lib</file>
         <name>fd_sub28.obj</name>
      </input_file>
      <input_file id="fl-54">
         <path>/Applications/ti/ccsv7/tools/compiler/ti-cgt-c2000_16.9.1.LTS/lib/</path>
         <kind>archive</kind>
         <file>rts2800_fpu32.lib</file>
         <name>fd_toul28.obj</name>
      </input_file>
      <input_file id="fl-55">
         <path>/Applications/ti/ccsv7/tools/compiler/ti-cgt-c2000_16.9.1.LTS/lib/</path>
         <kind>archive</kind>
         <file>rts2800_fpu32.lib</file>
         <name>memcpy.obj</name>
      </input_file>
      <input_file id="fl-56">
         <path>/Applications/ti/ccsv7/tools/compiler/ti-cgt-c2000_16.9.1.LTS/lib/</path>
         <kind>archive</kind>
         <file>rts2800_fpu32.lib</file>
         <name>pre_init.obj</name>
      </input_file>
      <input_file id="fl-57">
         <path>/Applications/ti/ccsv7/tools/compiler/ti-cgt-c2000_16.9.1.LTS/lib/</path>
         <kind>archive</kind>
         <file>rts2800_fpu32.lib</file>
         <name>startup.obj</name>
      </input_file>
      <input_file id="fl-58">
         <path>/Applications/ti/ccsv7/tools/compiler/ti-cgt-c2000_16.9.1.LTS/lib/</path>
         <kind>archive</kind>
         <file>rts2800_fpu32.lib</file>
         <name>ul_tofd28.obj</name>
      </input_file>
      <input_file id="fl-59">
         <path>/Applications/ti/ccsv7/tools/compiler/ti-cgt-c2000_16.9.1.LTS/lib/</path>
         <kind>archive</kind>
         <file>rts2800_fpu32.lib</file>
         <name>_lock.obj</name>
      </input_file>
      <input_file id="fl-5a">
         <path>/Applications/ti/ccsv7/tools/compiler/ti-cgt-c2000_16.9.1.LTS/lib/</path>
         <kind>archive</kind>
         <file>rts2800_fpu32.lib</file>
         <name>args_main.obj</name>
      </input_file>
      <input_file id="fl-5b">
         <path>/Applications/ti/ccsv7/tools/compiler/ti-cgt-c2000_16.9.1.LTS/lib/</path>
         <kind>archive</kind>
         <file>rts2800_fpu32.lib</file>
         <name>fd_add28.obj</name>
      </input_file>
   </input_file_list>
   <object_component_list>
      <object_component id="oc-195">
         <name>.cinit</name>
         <load_address>0x3f43fa</load_address>
         <run_address>0x3f43fa</run_address>
         <size>0x46</size>
         <input_file_ref idref="fl-3b"/>
      </object_component>
      <object_component id="oc-182">
         <name>.cinit</name>
         <load_address>0x3f4440</load_address>
         <run_address>0x3f4440</run_address>
         <size>0x28</size>
         <input_file_ref idref="fl-38"/>
      </object_component>
      <object_component id="oc-65">
         <name>.cinit</name>
         <load_address>0x3f4468</load_address>
         <run_address>0x3f4468</run_address>
         <size>0x13</size>
         <input_file_ref idref="fl-7"/>
      </object_component>
      <object_component id="oc-1c2">
         <name>.cinit</name>
         <load_address>0x3f447b</load_address>
         <run_address>0x3f447b</run_address>
         <size>0xe</size>
         <input_file_ref idref="fl-50"/>
      </object_component>
      <object_component id="oc-17b">
         <name>.cinit</name>
         <load_address>0x3f4489</load_address>
         <run_address>0x3f4489</run_address>
         <size>0xe</size>
         <input_file_ref idref="fl-37"/>
      </object_component>
      <object_component id="oc-16f">
         <name>.cinit</name>
         <load_address>0x3f4497</load_address>
         <run_address>0x3f4497</run_address>
         <size>0xd</size>
         <input_file_ref idref="fl-35"/>
      </object_component>
      <object_component id="oc-69">
         <name>.cinit</name>
         <load_address>0x3f44a4</load_address>
         <run_address>0x3f44a4</run_address>
         <size>0xc</size>
         <input_file_ref idref="fl-8"/>
      </object_component>
      <object_component id="oc-db">
         <name>.cinit</name>
         <load_address>0x3f44b0</load_address>
         <run_address>0x3f44b0</run_address>
         <size>0x9</size>
         <input_file_ref idref="fl-13"/>
      </object_component>
      <object_component id="oc-214">
         <name>.cinit:__lock</name>
         <load_address>0x3f44b9</load_address>
         <run_address>0x3f44b9</run_address>
         <size>0x5</size>
         <input_file_ref idref="fl-59"/>
      </object_component>
      <object_component id="oc-238">
         <name>.cinit:__unlock</name>
         <load_address>0x3f44be</load_address>
         <run_address>0x3f44be</run_address>
         <size>0x5</size>
         <input_file_ref idref="fl-59"/>
      </object_component>
      <object_component id="oc-189">
         <name>.cinit</name>
         <load_address>0x3f44c3</load_address>
         <run_address>0x3f44c3</run_address>
         <size>0x5</size>
         <input_file_ref idref="fl-39"/>
      </object_component>
      <object_component id="oc-20c">
         <name>.text</name>
         <load_address>0x3d8000</load_address>
         <run_address>0x3d8000</run_address>
         <size>0x15d5</size>
         <input_file_ref idref="fl-3b"/>
      </object_component>
      <object_component id="oc-227">
         <name>.text</name>
         <load_address>0x3d95d5</load_address>
         <run_address>0x3d95d5</run_address>
         <size>0x844</size>
         <input_file_ref idref="fl-39"/>
      </object_component>
      <object_component id="oc-226">
         <name>.text</name>
         <load_address>0x3d9e19</load_address>
         <run_address>0x3d9e19</run_address>
         <size>0x840</size>
         <input_file_ref idref="fl-14"/>
      </object_component>
      <object_component id="oc-208">
         <name>.text</name>
         <load_address>0x3da659</load_address>
         <run_address>0x3da659</run_address>
         <size>0x7a4</size>
         <input_file_ref idref="fl-21"/>
      </object_component>
      <object_component id="oc-224">
         <name>.text</name>
         <load_address>0x3dadfd</load_address>
         <run_address>0x3dadfd</run_address>
         <size>0x5ca</size>
         <input_file_ref idref="fl-28"/>
      </object_component>
      <object_component id="oc-21e">
         <name>.text</name>
         <load_address>0x3db3c7</load_address>
         <run_address>0x3db3c7</run_address>
         <size>0x4f3</size>
         <input_file_ref idref="fl-22"/>
      </object_component>
      <object_component id="oc-232">
         <name>.text</name>
         <load_address>0x3db8ba</load_address>
         <run_address>0x3db8ba</run_address>
         <size>0x42b</size>
         <input_file_ref idref="fl-25"/>
      </object_component>
      <object_component id="oc-204">
         <name>.text</name>
         <load_address>0x3dbce5</load_address>
         <run_address>0x3dbce5</run_address>
         <size>0x257</size>
         <input_file_ref idref="fl-34"/>
      </object_component>
      <object_component id="oc-22c">
         <name>.text</name>
         <load_address>0x3dbf3c</load_address>
         <run_address>0x3dbf3c</run_address>
         <size>0xac</size>
         <input_file_ref idref="fl-12"/>
      </object_component>
      <object_component id="oc-1eb">
         <name>.text</name>
         <load_address>0x3dbfe8</load_address>
         <run_address>0x3dbfe8</run_address>
         <size>0x16</size>
         <input_file_ref idref="fl-58"/>
      </object_component>
      <object_component id="oc-1ff">
         <name>.text</name>
         <load_address>0x3dbffe</load_address>
         <run_address>0x3dbffe</run_address>
         <size>0x2</size>
         <input_file_ref idref="fl-56"/>
      </object_component>
      <object_component id="oc-229">
         <name>.text</name>
         <load_address>0x3dc000</load_address>
         <run_address>0x3dc000</run_address>
         <size>0x3fe</size>
         <input_file_ref idref="fl-40"/>
      </object_component>
      <object_component id="oc-220">
         <name>.text</name>
         <load_address>0x3dc3fe</load_address>
         <run_address>0x3dc3fe</run_address>
         <size>0x3fc</size>
         <input_file_ref idref="fl-26"/>
      </object_component>
      <object_component id="oc-217">
         <name>.text</name>
         <load_address>0x3dc7fa</load_address>
         <run_address>0x3dc7fa</run_address>
         <size>0x321</size>
         <input_file_ref idref="fl-38"/>
      </object_component>
      <object_component id="oc-20d">
         <name>.text</name>
         <load_address>0x3dcb1b</load_address>
         <run_address>0x3dcb1b</run_address>
         <size>0x255</size>
         <input_file_ref idref="fl-35"/>
      </object_component>
      <object_component id="oc-20a">
         <name>.text</name>
         <load_address>0x3dcd70</load_address>
         <run_address>0x3dcd70</run_address>
         <size>0x21f</size>
         <input_file_ref idref="fl-27"/>
      </object_component>
      <object_component id="oc-23e">
         <name>.text</name>
         <load_address>0x3dcf8f</load_address>
         <run_address>0x3dcf8f</run_address>
         <size>0x1fd</size>
         <input_file_ref idref="fl-3f"/>
      </object_component>
      <object_component id="oc-228">
         <name>.text</name>
         <load_address>0x3dd18c</load_address>
         <run_address>0x3dd18c</run_address>
         <size>0x19d</size>
         <input_file_ref idref="fl-32"/>
      </object_component>
      <object_component id="oc-21f">
         <name>.text</name>
         <load_address>0x3dd329</load_address>
         <run_address>0x3dd329</run_address>
         <size>0x194</size>
         <input_file_ref idref="fl-24"/>
      </object_component>
      <object_component id="oc-235">
         <name>.text</name>
         <load_address>0x3dd4bd</load_address>
         <run_address>0x3dd4bd</run_address>
         <size>0x151</size>
         <input_file_ref idref="fl-9"/>
      </object_component>
      <object_component id="oc-23d">
         <name>.text</name>
         <load_address>0x3dd60e</load_address>
         <run_address>0x3dd60e</run_address>
         <size>0x150</size>
         <input_file_ref idref="fl-3e"/>
      </object_component>
      <object_component id="oc-212">
         <name>.text</name>
         <load_address>0x3dd75e</load_address>
         <run_address>0x3dd75e</run_address>
         <size>0x147</size>
         <input_file_ref idref="fl-2"/>
      </object_component>
      <object_component id="oc-215">
         <name>.text</name>
         <load_address>0x3dd8a5</load_address>
         <run_address>0x3dd8a5</run_address>
         <size>0x146</size>
         <input_file_ref idref="fl-36"/>
      </object_component>
      <object_component id="oc-20e">
         <name>.text</name>
         <load_address>0x3dd9eb</load_address>
         <run_address>0x3dd9eb</run_address>
         <size>0x13f</size>
         <input_file_ref idref="fl-1e"/>
      </object_component>
      <object_component id="oc-216">
         <name>.text</name>
         <load_address>0x3ddb2a</load_address>
         <run_address>0x3ddb2a</run_address>
         <size>0x11d</size>
         <input_file_ref idref="fl-8"/>
      </object_component>
      <object_component id="oc-222">
         <name>.text</name>
         <load_address>0x3ddc47</load_address>
         <run_address>0x3ddc47</run_address>
         <size>0x10e</size>
         <input_file_ref idref="fl-29"/>
      </object_component>
      <object_component id="oc-233">
         <name>.text</name>
         <load_address>0x3ddd55</load_address>
         <run_address>0x3ddd55</run_address>
         <size>0xfc</size>
         <input_file_ref idref="fl-b"/>
      </object_component>
      <object_component id="oc-230">
         <name>.text</name>
         <load_address>0x3dde51</load_address>
         <run_address>0x3dde51</run_address>
         <size>0xd5</size>
         <input_file_ref idref="fl-c"/>
      </object_component>
      <object_component id="oc-22a">
         <name>.text</name>
         <load_address>0x3ddf26</load_address>
         <run_address>0x3ddf26</run_address>
         <size>0xd2</size>
         <input_file_ref idref="fl-3d"/>
      </object_component>
      <object_component id="oc-22f">
         <name>.text</name>
         <load_address>0x3ddff8</load_address>
         <run_address>0x3ddff8</run_address>
         <size>0xcb</size>
         <input_file_ref idref="fl-18"/>
      </object_component>
      <object_component id="oc-22d">
         <name>.text</name>
         <load_address>0x3de0c3</load_address>
         <run_address>0x3de0c3</run_address>
         <size>0xcb</size>
         <input_file_ref idref="fl-3c"/>
      </object_component>
      <object_component id="oc-209">
         <name>.text</name>
         <load_address>0x3de18e</load_address>
         <run_address>0x3de18e</run_address>
         <size>0xab</size>
         <input_file_ref idref="fl-d"/>
      </object_component>
      <object_component id="oc-7c">
         <name>.text:retain</name>
         <load_address>0x3de239</load_address>
         <run_address>0x3de239</run_address>
         <size>0xaa</size>
         <input_file_ref idref="fl-b"/>
      </object_component>
      <object_component id="oc-116">
         <name>.text</name>
         <load_address>0x3de2e3</load_address>
         <run_address>0x3de2e3</run_address>
         <size>0xa4</size>
         <input_file_ref idref="fl-1d"/>
      </object_component>
      <object_component id="oc-e9">
         <name>.text:retain</name>
         <load_address>0x3de387</load_address>
         <run_address>0x3de387</run_address>
         <size>0xa2</size>
         <input_file_ref idref="fl-15"/>
      </object_component>
      <object_component id="oc-1fa">
         <name>.text</name>
         <load_address>0x3de429</load_address>
         <run_address>0x3de429</run_address>
         <size>0x9c</size>
         <input_file_ref idref="fl-5b"/>
      </object_component>
      <object_component id="oc-221">
         <name>.text</name>
         <load_address>0x3de4c5</load_address>
         <run_address>0x3de4c5</run_address>
         <size>0x8d</size>
         <input_file_ref idref="fl-20"/>
      </object_component>
      <object_component id="oc-1c8">
         <name>.text</name>
         <load_address>0x3de552</load_address>
         <run_address>0x3de552</run_address>
         <size>0x8b</size>
         <input_file_ref idref="fl-51"/>
      </object_component>
      <object_component id="oc-1cd">
         <name>.text</name>
         <load_address>0x3de5dd</load_address>
         <run_address>0x3de5dd</run_address>
         <size>0x83</size>
         <input_file_ref idref="fl-52"/>
      </object_component>
      <object_component id="oc-22b">
         <name>.text</name>
         <load_address>0x3de660</load_address>
         <run_address>0x3de660</run_address>
         <size>0x82</size>
         <input_file_ref idref="fl-37"/>
      </object_component>
      <object_component id="oc-225">
         <name>.text</name>
         <load_address>0x3de6e2</load_address>
         <run_address>0x3de6e2</run_address>
         <size>0x73</size>
         <input_file_ref idref="fl-17"/>
      </object_component>
      <object_component id="oc-241">
         <name>.text</name>
         <load_address>0x3de755</load_address>
         <run_address>0x3de755</run_address>
         <size>0x5d</size>
         <input_file_ref idref="fl-5"/>
      </object_component>
      <object_component id="oc-231">
         <name>.text</name>
         <load_address>0x3de7b2</load_address>
         <run_address>0x3de7b2</run_address>
         <size>0x57</size>
         <input_file_ref idref="fl-e"/>
      </object_component>
      <object_component id="oc-49">
         <name>.text</name>
         <load_address>0x3de809</load_address>
         <run_address>0x3de809</run_address>
         <size>0x56</size>
         <input_file_ref idref="fl-4e"/>
      </object_component>
      <object_component id="oc-88">
         <name>.text:retain</name>
         <load_address>0x3de85f</load_address>
         <run_address>0x3de85f</run_address>
         <size>0x4a</size>
         <input_file_ref idref="fl-d"/>
      </object_component>
      <object_component id="oc-234">
         <name>.text</name>
         <load_address>0x3de8a9</load_address>
         <run_address>0x3de8a9</run_address>
         <size>0x45</size>
         <input_file_ref idref="fl-6"/>
      </object_component>
      <object_component id="oc-95">
         <name>.text:retain</name>
         <load_address>0x3de8ee</load_address>
         <run_address>0x3de8ee</run_address>
         <size>0x43</size>
         <input_file_ref idref="fl-10"/>
      </object_component>
      <object_component id="oc-236">
         <name>.text</name>
         <load_address>0x3de931</load_address>
         <run_address>0x3de931</run_address>
         <size>0x3f</size>
         <input_file_ref idref="fl-4"/>
      </object_component>
      <object_component id="oc-240">
         <name>.text</name>
         <load_address>0x3de970</load_address>
         <run_address>0x3de970</run_address>
         <size>0x31</size>
         <input_file_ref idref="fl-10"/>
      </object_component>
      <object_component id="oc-203">
         <name>.text</name>
         <load_address>0x3de9a1</load_address>
         <run_address>0x3de9a1</run_address>
         <size>0x29</size>
         <input_file_ref idref="fl-50"/>
      </object_component>
      <object_component id="oc-200">
         <name>.text</name>
         <load_address>0x3de9ca</load_address>
         <run_address>0x3de9ca</run_address>
         <size>0x24</size>
         <input_file_ref idref="fl-4f"/>
      </object_component>
      <object_component id="oc-ef">
         <name>.text</name>
         <load_address>0x3de9ee</load_address>
         <run_address>0x3de9ee</run_address>
         <size>0x1f</size>
         <input_file_ref idref="fl-16"/>
      </object_component>
      <object_component id="oc-211">
         <name>.text</name>
         <load_address>0x3dea0d</load_address>
         <run_address>0x3dea0d</run_address>
         <size>0x1e</size>
         <input_file_ref idref="fl-55"/>
      </object_component>
      <object_component id="oc-1d7">
         <name>.text</name>
         <load_address>0x3dea2b</load_address>
         <run_address>0x3dea2b</run_address>
         <size>0x1b</size>
         <input_file_ref idref="fl-54"/>
      </object_component>
      <object_component id="oc-202">
         <name>.text</name>
         <load_address>0x3dea46</load_address>
         <run_address>0x3dea46</run_address>
         <size>0x19</size>
         <input_file_ref idref="fl-5a"/>
      </object_component>
      <object_component id="oc-20b">
         <name>.text</name>
         <load_address>0x3dea5f</load_address>
         <run_address>0x3dea5f</run_address>
         <size>0x12</size>
         <input_file_ref idref="fl-3a"/>
      </object_component>
      <object_component id="oc-74">
         <name>.text</name>
         <load_address>0x3dea71</load_address>
         <run_address>0x3dea71</run_address>
         <size>0xf</size>
         <input_file_ref idref="fl-a"/>
      </object_component>
      <object_component id="oc-1d2">
         <name>.text</name>
         <load_address>0x3dea80</load_address>
         <run_address>0x3dea80</run_address>
         <size>0xe</size>
         <input_file_ref idref="fl-53"/>
      </object_component>
      <object_component id="oc-15f">
         <name>.text:retain</name>
         <load_address>0x3dea8e</load_address>
         <run_address>0x3dea8e</run_address>
         <size>0xd</size>
         <input_file_ref idref="fl-32"/>
      </object_component>
      <object_component id="oc-237">
         <name>.text</name>
         <load_address>0x3dea9b</load_address>
         <run_address>0x3dea9b</run_address>
         <size>0x9</size>
         <input_file_ref idref="fl-59"/>
      </object_component>
      <object_component id="oc-242">
         <name>.text</name>
         <load_address>0x3deaa4</load_address>
         <run_address>0x3deaa4</run_address>
         <size>0x5</size>
         <input_file_ref idref="fl-3"/>
      </object_component>
      <object_component id="oc-201">
         <name>.text</name>
         <load_address>0x3deaa9</load_address>
         <run_address>0x3deaa9</run_address>
         <size>0x1</size>
         <input_file_ref idref="fl-57"/>
      </object_component>
      <object_component id="oc-75">
         <name>ram_start</name>
         <load_address>0x3f7ff6</load_address>
         <run_address>0x3f7ff6</run_address>
         <size>0x2</size>
         <input_file_ref idref="fl-a"/>
      </object_component>
      <object_component id="oc-1b6">
         <name>.stack</name>
         <uninitialized>true</uninitialized>
         <run_address>0x400</run_address>
         <size>0x0</size>
         <input_file_ref idref="fl-4e"/>
      </object_component>
      <object_component id="oc-29f">
         <name>.stack</name>
         <uninitialized>true</uninitialized>
         <run_address>0x400</run_address>
         <size>0x0</size>
      </object_component>
      <object_component id="oc-127">
         <name>.ebss</name>
         <uninitialized>true</uninitialized>
         <run_address>0x9000</run_address>
         <size>0x860</size>
         <input_file_ref idref="fl-21"/>
      </object_component>
      <object_component id="oc-183">
         <name>.ebss</name>
         <uninitialized>true</uninitialized>
         <run_address>0x9860</run_address>
         <size>0x1f</size>
         <input_file_ref idref="fl-38"/>
      </object_component>
      <object_component id="oc-196">
         <name>.ebss</name>
         <uninitialized>true</uninitialized>
         <run_address>0x9880</run_address>
         <size>0x38e</size>
         <input_file_ref idref="fl-3b"/>
      </object_component>
      <object_component id="oc-17c">
         <name>.ebss</name>
         <uninitialized>true</uninitialized>
         <run_address>0x9c0e</run_address>
         <size>0x1e</size>
         <input_file_ref idref="fl-37"/>
      </object_component>
      <object_component id="oc-170">
         <name>.ebss</name>
         <uninitialized>true</uninitialized>
         <run_address>0x9c2c</run_address>
         <size>0xa</size>
         <input_file_ref idref="fl-35"/>
      </object_component>
      <object_component id="oc-1c3">
         <name>.ebss</name>
         <uninitialized>true</uninitialized>
         <run_address>0x9c36</run_address>
         <size>0x6</size>
         <input_file_ref idref="fl-50"/>
      </object_component>
      <object_component id="oc-dc">
         <name>.ebss</name>
         <uninitialized>true</uninitialized>
         <run_address>0x9c3c</run_address>
         <size>0x4</size>
         <input_file_ref idref="fl-13"/>
      </object_component>
      <object_component id="oc-66">
         <name>.ebss</name>
         <uninitialized>true</uninitialized>
         <run_address>0x9c40</run_address>
         <size>0x280</size>
         <input_file_ref idref="fl-7"/>
      </object_component>
      <object_component id="oc-d1">
         <name>.ebss</name>
         <uninitialized>true</uninitialized>
         <run_address>0x9ec0</run_address>
         <size>0x100</size>
         <input_file_ref idref="fl-11"/>
      </object_component>
      <object_component id="oc-1b1">
         <name>.ebss</name>
         <uninitialized>true</uninitialized>
         <run_address>0x9fc0</run_address>
         <size>0x3e</size>
         <input_file_ref idref="fl-40"/>
      </object_component>
      <object_component id="oc-213">
         <name>.ebss:__lock</name>
         <uninitialized>true</uninitialized>
         <run_address>0x9ffe</run_address>
         <size>0x2</size>
         <input_file_ref idref="fl-59"/>
      </object_component>
      <object_component id="oc-4b">
         <name>.ebss</name>
         <uninitialized>true</uninitialized>
         <run_address>0xa000</run_address>
         <size>0x1480</size>
         <input_file_ref idref="fl-2"/>
      </object_component>
      <object_component id="oc-7b">
         <name>.ebss</name>
         <uninitialized>true</uninitialized>
         <run_address>0xb480</run_address>
         <size>0xc0</size>
         <input_file_ref idref="fl-b"/>
      </object_component>
      <object_component id="oc-1a1">
         <name>.ebss</name>
         <uninitialized>true</uninitialized>
         <run_address>0xb540</run_address>
         <size>0x8c</size>
         <input_file_ref idref="fl-3d"/>
      </object_component>
      <object_component id="oc-6a">
         <name>.ebss</name>
         <uninitialized>true</uninitialized>
         <run_address>0xb5cc</run_address>
         <size>0x3</size>
         <input_file_ref idref="fl-8"/>
      </object_component>
      <object_component id="oc-243">
         <name>.ebss:__unlock</name>
         <uninitialized>true</uninitialized>
         <run_address>0xb5d0</run_address>
         <size>0x2</size>
         <input_file_ref idref="fl-59"/>
      </object_component>
      <object_component id="oc-105">
         <name>.ebss</name>
         <uninitialized>true</uninitialized>
         <run_address>0xb5d2</run_address>
         <size>0x2</size>
         <input_file_ref idref="fl-1a"/>
      </object_component>
      <object_component id="oc-18a">
         <name>.ebss</name>
         <uninitialized>true</uninitialized>
         <run_address>0xb600</run_address>
         <size>0x80</size>
         <input_file_ref idref="fl-39"/>
      </object_component>
      <object_component id="oc-10b">
         <name>.ebss</name>
         <uninitialized>true</uninitialized>
         <run_address>0xc000</run_address>
         <size>0x1040</size>
         <input_file_ref idref="fl-1b"/>
      </object_component>
      <object_component id="oc-23f">
         <name>.econst:.string:_CPU_CntLeadZerosTbl</name>
         <load_address>0x3f4000</load_address>
         <run_address>0x3f4000</run_address>
         <size>0x100</size>
         <input_file_ref idref="fl-18"/>
      </object_component>
      <object_component id="oc-223">
         <name>.econst:.string:_OSUnMapTbl</name>
         <load_address>0x3f4100</load_address>
         <run_address>0x3f4100</run_address>
         <size>0x100</size>
         <input_file_ref idref="fl-21"/>
      </object_component>
      <object_component id="oc-10c">
         <name>.econst:.string</name>
         <load_address>0x3f4200</load_address>
         <run_address>0x3f4200</run_address>
         <size>0x3b</size>
         <input_file_ref idref="fl-1b"/>
      </object_component>
      <object_component id="oc-121">
         <name>.econst</name>
         <load_address>0x3f423c</load_address>
         <run_address>0x3f423c</run_address>
         <size>0x3a</size>
         <input_file_ref idref="fl-20"/>
      </object_component>
      <object_component id="oc-21d">
         <name>.econst:_g_pui8ConfigString</name>
         <load_address>0x3f4276</load_address>
         <run_address>0x3f4276</run_address>
         <size>0x2a</size>
         <input_file_ref idref="fl-7"/>
      </object_component>
      <object_component id="oc-de">
         <name>.econst:.string</name>
         <load_address>0x3f42a0</load_address>
         <run_address>0x3f42a0</run_address>
         <size>0x22</size>
         <input_file_ref idref="fl-13"/>
      </object_component>
      <object_component id="oc-21c">
         <name>.econst:_g_pui8DataInterfaceString</name>
         <load_address>0x3f42c2</load_address>
         <run_address>0x3f42c2</run_address>
         <size>0x22</size>
         <input_file_ref idref="fl-7"/>
      </object_component>
      <object_component id="oc-21a">
         <name>.econst:_g_pui8ProductString</name>
         <load_address>0x3f42e4</load_address>
         <run_address>0x3f42e4</run_address>
         <size>0x22</size>
         <input_file_ref idref="fl-7"/>
      </object_component>
      <object_component id="oc-128">
         <name>.econst:.string</name>
         <load_address>0x3f4306</load_address>
         <run_address>0x3f4306</run_address>
         <size>0x1e</size>
         <input_file_ref idref="fl-21"/>
      </object_component>
      <object_component id="oc-23c">
         <name>.econst:_g_psUSBDStdRequests</name>
         <load_address>0x3f4324</load_address>
         <run_address>0x3f4324</run_address>
         <size>0x1a</size>
         <input_file_ref idref="fl-39"/>
      </object_component>
      <object_component id="oc-239">
         <name>.econst:_g_sBulkHandlers</name>
         <load_address>0x3f433e</load_address>
         <run_address>0x3f433e</run_address>
         <size>0x18</size>
         <input_file_ref idref="fl-38"/>
      </object_component>
      <object_component id="oc-22e">
         <name>.econst:_g_pui8BulkInterface</name>
         <load_address>0x3f4356</load_address>
         <run_address>0x3f4356</run_address>
         <size>0x17</size>
         <input_file_ref idref="fl-38"/>
      </object_component>
      <object_component id="oc-219">
         <name>.econst:_g_pui8ManufacturerString</name>
         <load_address>0x3f436d</load_address>
         <run_address>0x3f436d</run_address>
         <size>0x16</size>
         <input_file_ref idref="fl-7"/>
      </object_component>
      <object_component id="oc-21b">
         <name>.econst:_g_pui8SerialNumberString</name>
         <load_address>0x3f4383</load_address>
         <run_address>0x3f4383</run_address>
         <size>0x12</size>
         <input_file_ref idref="fl-7"/>
      </object_component>
      <object_component id="oc-205">
         <name>.econst:_g_sRxBuffer</name>
         <load_address>0x3f4396</load_address>
         <run_address>0x3f4396</run_address>
         <size>0x12</size>
         <input_file_ref idref="fl-7"/>
      </object_component>
      <object_component id="oc-206">
         <name>.econst:_g_sTxBuffer</name>
         <load_address>0x3f43a8</load_address>
         <run_address>0x3f43a8</run_address>
         <size>0x12</size>
         <input_file_ref idref="fl-7"/>
      </object_component>
      <object_component id="oc-ea">
         <name>.econst</name>
         <load_address>0x3f43ba</load_address>
         <run_address>0x3f43ba</run_address>
         <size>0x10</size>
         <input_file_ref idref="fl-15"/>
      </object_component>
      <object_component id="oc-207">
         <name>.econst:_g_ppui8StringDescriptors</name>
         <load_address>0x3f43ca</load_address>
         <run_address>0x3f43ca</run_address>
         <size>0xc</size>
         <input_file_ref idref="fl-7"/>
      </object_component>
      <object_component id="oc-218">
         <name>.econst:_g_pui8LangDescriptor</name>
         <load_address>0x3f43d6</load_address>
         <run_address>0x3f43d6</run_address>
         <size>0x4</size>
         <input_file_ref idref="fl-7"/>
      </object_component>
      <object_component id="oc-244">
         <name>.econst:_g_sBulkConfigHeader</name>
         <load_address>0x3f43da</load_address>
         <run_address>0x3f43da</run_address>
         <size>0x4</size>
         <input_file_ref idref="fl-38"/>
      </object_component>
      <object_component id="oc-20f">
         <name>.econst:_g_sBulkConfigSection</name>
         <load_address>0x3f43de</load_address>
         <run_address>0x3f43de</run_address>
         <size>0x4</size>
         <input_file_ref idref="fl-38"/>
      </object_component>
      <object_component id="oc-210">
         <name>.econst:_g_sBulkInterfaceSection</name>
         <load_address>0x3f43e2</load_address>
         <run_address>0x3f43e2</run_address>
         <size>0x4</size>
         <input_file_ref idref="fl-38"/>
      </object_component>
      <object_component id="oc-12e">
         <name>.econst:.string</name>
         <load_address>0x3f43e6</load_address>
         <run_address>0x3f43e6</run_address>
         <size>0x2</size>
         <input_file_ref idref="fl-22"/>
      </object_component>
      <object_component id="oc-134">
         <name>.econst:.string</name>
         <load_address>0x3f43e8</load_address>
         <run_address>0x3f43e8</run_address>
         <size>0x2</size>
         <input_file_ref idref="fl-23"/>
      </object_component>
      <object_component id="oc-13a">
         <name>.econst:.string</name>
         <load_address>0x3f43ea</load_address>
         <run_address>0x3f43ea</run_address>
         <size>0x2</size>
         <input_file_ref idref="fl-24"/>
      </object_component>
      <object_component id="oc-140">
         <name>.econst:.string</name>
         <load_address>0x3f43ec</load_address>
         <run_address>0x3f43ec</run_address>
         <size>0x2</size>
         <input_file_ref idref="fl-25"/>
      </object_component>
      <object_component id="oc-146">
         <name>.econst:.string</name>
         <load_address>0x3f43ee</load_address>
         <run_address>0x3f43ee</run_address>
         <size>0x2</size>
         <input_file_ref idref="fl-26"/>
      </object_component>
      <object_component id="oc-14c">
         <name>.econst:.string</name>
         <load_address>0x3f43f0</load_address>
         <run_address>0x3f43f0</run_address>
         <size>0x2</size>
         <input_file_ref idref="fl-27"/>
      </object_component>
      <object_component id="oc-152">
         <name>.econst:.string</name>
         <load_address>0x3f43f2</load_address>
         <run_address>0x3f43f2</run_address>
         <size>0x2</size>
         <input_file_ref idref="fl-28"/>
      </object_component>
      <object_component id="oc-23a">
         <name>.econst:_g_ppBulkConfigDescriptors</name>
         <load_address>0x3f43f4</load_address>
         <run_address>0x3f43f4</run_address>
         <size>0x2</size>
         <input_file_ref idref="fl-38"/>
      </object_component>
      <object_component id="oc-fa">
         <name>.econst</name>
         <load_address>0x3f43f6</load_address>
         <run_address>0x3f43f6</run_address>
         <size>0x2</size>
         <input_file_ref idref="fl-18"/>
      </object_component>
      <object_component id="oc-dd">
         <name>.econst</name>
         <load_address>0x3f43f8</load_address>
         <run_address>0x3f43f8</run_address>
         <size>0x2</size>
         <input_file_ref idref="fl-13"/>
      </object_component>
      <object_component id="oc-23b">
         <name>.switch:_CPU_IntSrcPendClr</name>
         <load_address>0x3f44ca</load_address>
         <run_address>0x3f44ca</run_address>
         <size>0x20</size>
         <input_file_ref idref="fl-17"/>
      </object_component>
      <object_component id="oc-1b7">
         <name>.reset</name>
         <load_address>0x3fffc0</load_address>
         <run_address>0x3fffc0</run_address>
         <size>0x2</size>
         <input_file_ref idref="fl-4e"/>
      </object_component>
      <object_component id="oc-87">
         <name>pie_vram</name>
         <uninitialized>true</uninitialized>
         <run_address>0xd00</run_address>
         <size>0x100</size>
         <input_file_ref idref="fl-d"/>
      </object_component>
      <object_component id="oc-a1">
         <name>DevEmuRegsFile</name>
         <uninitialized>true</uninitialized>
         <run_address>0x880</run_address>
         <size>0x4</size>
         <input_file_ref idref="fl-11"/>
      </object_component>
      <object_component id="oc-a0">
         <name>SysPwrCtrlRegsFile</name>
         <uninitialized>true</uninitialized>
         <run_address>0x985</run_address>
         <size>0x3</size>
         <input_file_ref idref="fl-11"/>
      </object_component>
      <object_component id="oc-a2">
         <name>FlashRegsFile</name>
         <uninitialized>true</uninitialized>
         <run_address>0xa80</run_address>
         <size>0x8</size>
         <input_file_ref idref="fl-11"/>
      </object_component>
      <object_component id="oc-ac">
         <name>CsmRegsFile</name>
         <uninitialized>true</uninitialized>
         <run_address>0xae0</run_address>
         <size>0x10</size>
         <input_file_ref idref="fl-11"/>
      </object_component>
      <object_component id="oc-a9">
         <name>AdcResultFile</name>
         <uninitialized>true</uninitialized>
         <run_address>0xb00</run_address>
         <size>0x10</size>
         <input_file_ref idref="fl-11"/>
      </object_component>
      <object_component id="oc-a3">
         <name>CpuTimer0RegsFile</name>
         <uninitialized>true</uninitialized>
         <run_address>0xc00</run_address>
         <size>0x8</size>
         <input_file_ref idref="fl-11"/>
      </object_component>
      <object_component id="oc-a6">
         <name>CpuTimer1RegsFile</name>
         <uninitialized>true</uninitialized>
         <run_address>0xc08</run_address>
         <size>0x8</size>
         <input_file_ref idref="fl-11"/>
      </object_component>
      <object_component id="oc-a4">
         <name>CpuTimer2RegsFile</name>
         <uninitialized>true</uninitialized>
         <run_address>0xc10</run_address>
         <size>0x8</size>
         <input_file_ref idref="fl-11"/>
      </object_component>
      <object_component id="oc-b2">
         <name>PieCtrlRegsFile</name>
         <uninitialized>true</uninitialized>
         <run_address>0xce0</run_address>
         <size>0x1a</size>
         <input_file_ref idref="fl-11"/>
      </object_component>
      <object_component id="oc-c7">
         <name>Cla1RegsFile</name>
         <uninitialized>true</uninitialized>
         <run_address>0x1400</run_address>
         <size>0x40</size>
         <input_file_ref idref="fl-11"/>
      </object_component>
      <object_component id="oc-d0">
         <name>DmaRegsFile</name>
         <uninitialized>true</uninitialized>
         <run_address>0x1000</run_address>
         <size>0xe0</size>
         <input_file_ref idref="fl-11"/>
      </object_component>
      <object_component id="oc-c1">
         <name>ECanaRegsFile</name>
         <uninitialized>true</uninitialized>
         <run_address>0x6000</run_address>
         <size>0x34</size>
         <input_file_ref idref="fl-11"/>
      </object_component>
      <object_component id="oc-c5">
         <name>ECanaLAMRegsFile</name>
         <uninitialized>true</uninitialized>
         <run_address>0x6040</run_address>
         <size>0x40</size>
         <input_file_ref idref="fl-11"/>
      </object_component>
      <object_component id="oc-d2">
         <name>ECanaMboxesFile</name>
         <uninitialized>true</uninitialized>
         <run_address>0x6100</run_address>
         <size>0x100</size>
         <input_file_ref idref="fl-11"/>
      </object_component>
      <object_component id="oc-c6">
         <name>ECanaMOTSRegsFile</name>
         <uninitialized>true</uninitialized>
         <run_address>0x6080</run_address>
         <size>0x40</size>
         <input_file_ref idref="fl-11"/>
      </object_component>
      <object_component id="oc-c2">
         <name>ECanaMOTORegsFile</name>
         <uninitialized>true</uninitialized>
         <run_address>0x60c0</run_address>
         <size>0x40</size>
         <input_file_ref idref="fl-11"/>
      </object_component>
      <object_component id="oc-ba">
         <name>ECap1RegsFile</name>
         <uninitialized>true</uninitialized>
         <run_address>0x6a00</run_address>
         <size>0x20</size>
         <input_file_ref idref="fl-11"/>
      </object_component>
      <object_component id="oc-b9">
         <name>ECap2RegsFile</name>
         <uninitialized>true</uninitialized>
         <run_address>0x6a20</run_address>
         <size>0x20</size>
         <input_file_ref idref="fl-11"/>
      </object_component>
      <object_component id="oc-bb">
         <name>ECap3RegsFile</name>
         <uninitialized>true</uninitialized>
         <run_address>0x6a40</run_address>
         <size>0x20</size>
         <input_file_ref idref="fl-11"/>
      </object_component>
      <object_component id="oc-be">
         <name>EQep1RegsFile</name>
         <uninitialized>true</uninitialized>
         <run_address>0x6b00</run_address>
         <size>0x22</size>
         <input_file_ref idref="fl-11"/>
      </object_component>
      <object_component id="oc-bc">
         <name>EQep2RegsFile</name>
         <uninitialized>true</uninitialized>
         <run_address>0x6b40</run_address>
         <size>0x22</size>
         <input_file_ref idref="fl-11"/>
      </object_component>
      <object_component id="oc-ca">
         <name>GpioCtrlRegsFile</name>
         <uninitialized>true</uninitialized>
         <run_address>0x6f80</run_address>
         <size>0x40</size>
         <input_file_ref idref="fl-11"/>
      </object_component>
      <object_component id="oc-b4">
         <name>GpioDataRegsFile</name>
         <uninitialized>true</uninitialized>
         <run_address>0x6fc0</run_address>
         <size>0x20</size>
         <input_file_ref idref="fl-11"/>
      </object_component>
      <object_component id="oc-b3">
         <name>GpioIntRegsFile</name>
         <uninitialized>true</uninitialized>
         <run_address>0x6fe0</run_address>
         <size>0x20</size>
         <input_file_ref idref="fl-11"/>
      </object_component>
      <object_component id="oc-b7">
         <name>HRCap1RegsFile</name>
         <uninitialized>true</uninitialized>
         <run_address>0x6ac0</run_address>
         <size>0x20</size>
         <input_file_ref idref="fl-11"/>
      </object_component>
      <object_component id="oc-b8">
         <name>HRCap2RegsFile</name>
         <uninitialized>true</uninitialized>
         <run_address>0x6ae0</run_address>
         <size>0x20</size>
         <input_file_ref idref="fl-11"/>
      </object_component>
      <object_component id="oc-b5">
         <name>HRCap3RegsFile</name>
         <uninitialized>true</uninitialized>
         <run_address>0x6c80</run_address>
         <size>0x20</size>
         <input_file_ref idref="fl-11"/>
      </object_component>
      <object_component id="oc-b6">
         <name>HRCap4RegsFile</name>
         <uninitialized>true</uninitialized>
         <run_address>0x6ca0</run_address>
         <size>0x20</size>
         <input_file_ref idref="fl-11"/>
      </object_component>
      <object_component id="oc-c0">
         <name>SysCtrlRegsFile</name>
         <uninitialized>true</uninitialized>
         <run_address>0x7010</run_address>
         <size>0x30</size>
         <input_file_ref idref="fl-11"/>
      </object_component>
      <object_component id="oc-a8">
         <name>SpiaRegsFile</name>
         <uninitialized>true</uninitialized>
         <run_address>0x7040</run_address>
         <size>0x10</size>
         <input_file_ref idref="fl-11"/>
      </object_component>
      <object_component id="oc-ad">
         <name>SpibRegsFile</name>
         <uninitialized>true</uninitialized>
         <run_address>0x7740</run_address>
         <size>0x10</size>
         <input_file_ref idref="fl-11"/>
      </object_component>
      <object_component id="oc-aa">
         <name>SciaRegsFile</name>
         <uninitialized>true</uninitialized>
         <run_address>0x7050</run_address>
         <size>0x10</size>
         <input_file_ref idref="fl-11"/>
      </object_component>
      <object_component id="oc-a7">
         <name>ScibRegsFile</name>
         <uninitialized>true</uninitialized>
         <run_address>0x7750</run_address>
         <size>0x10</size>
         <input_file_ref idref="fl-11"/>
      </object_component>
      <object_component id="oc-ab">
         <name>NmiIntruptRegsFile</name>
         <uninitialized>true</uninitialized>
         <run_address>0x7060</run_address>
         <size>0x10</size>
         <input_file_ref idref="fl-11"/>
      </object_component>
      <object_component id="oc-ae">
         <name>XIntruptRegsFile</name>
         <uninitialized>true</uninitialized>
         <run_address>0x7070</run_address>
         <size>0x10</size>
         <input_file_ref idref="fl-11"/>
      </object_component>
      <object_component id="oc-cf">
         <name>AdcRegsFile</name>
         <uninitialized>true</uninitialized>
         <run_address>0x7100</run_address>
         <size>0x50</size>
         <input_file_ref idref="fl-11"/>
      </object_component>
      <object_component id="oc-bd">
         <name>I2caRegsFile</name>
         <uninitialized>true</uninitialized>
         <run_address>0x7900</run_address>
         <size>0x22</size>
         <input_file_ref idref="fl-11"/>
      </object_component>
      <object_component id="oc-b0">
         <name>Comp1RegsFile</name>
         <uninitialized>true</uninitialized>
         <run_address>0x6400</run_address>
         <size>0x14</size>
         <input_file_ref idref="fl-11"/>
      </object_component>
      <object_component id="oc-af">
         <name>Comp2RegsFile</name>
         <uninitialized>true</uninitialized>
         <run_address>0x6420</run_address>
         <size>0x14</size>
         <input_file_ref idref="fl-11"/>
      </object_component>
      <object_component id="oc-b1">
         <name>Comp3RegsFile</name>
         <uninitialized>true</uninitialized>
         <run_address>0x6440</run_address>
         <size>0x14</size>
         <input_file_ref idref="fl-11"/>
      </object_component>
      <object_component id="oc-c4">
         <name>EPwm1RegsFile</name>
         <uninitialized>true</uninitialized>
         <run_address>0x6800</run_address>
         <size>0x40</size>
         <input_file_ref idref="fl-11"/>
      </object_component>
      <object_component id="oc-c3">
         <name>EPwm2RegsFile</name>
         <uninitialized>true</uninitialized>
         <run_address>0x6840</run_address>
         <size>0x40</size>
         <input_file_ref idref="fl-11"/>
      </object_component>
      <object_component id="oc-ce">
         <name>EPwm3RegsFile</name>
         <uninitialized>true</uninitialized>
         <run_address>0x6880</run_address>
         <size>0x40</size>
         <input_file_ref idref="fl-11"/>
      </object_component>
      <object_component id="oc-cc">
         <name>EPwm4RegsFile</name>
         <uninitialized>true</uninitialized>
         <run_address>0x68c0</run_address>
         <size>0x40</size>
         <input_file_ref idref="fl-11"/>
      </object_component>
      <object_component id="oc-cd">
         <name>EPwm5RegsFile</name>
         <uninitialized>true</uninitialized>
         <run_address>0x6900</run_address>
         <size>0x40</size>
         <input_file_ref idref="fl-11"/>
      </object_component>
      <object_component id="oc-c9">
         <name>EPwm6RegsFile</name>
         <uninitialized>true</uninitialized>
         <run_address>0x6940</run_address>
         <size>0x40</size>
         <input_file_ref idref="fl-11"/>
      </object_component>
      <object_component id="oc-c8">
         <name>EPwm7RegsFile</name>
         <uninitialized>true</uninitialized>
         <run_address>0x6980</run_address>
         <size>0x40</size>
         <input_file_ref idref="fl-11"/>
      </object_component>
      <object_component id="oc-cb">
         <name>EPwm8RegsFile</name>
         <uninitialized>true</uninitialized>
         <run_address>0x69c0</run_address>
         <size>0x40</size>
         <input_file_ref idref="fl-11"/>
      </object_component>
      <object_component id="oc-bf">
         <name>McbspaRegsFile</name>
         <uninitialized>true</uninitialized>
         <run_address>0x5000</run_address>
         <size>0x24</size>
         <input_file_ref idref="fl-11"/>
      </object_component>
      <object_component id="oc-d3">
         <name>Usb0RegsFile</name>
         <uninitialized>true</uninitialized>
         <run_address>0x4000</run_address>
         <size>0x454</size>
         <input_file_ref idref="fl-11"/>
      </object_component>
      <object_component id="oc-a5">
         <name>CsmPwlFile</name>
         <uninitialized>true</uninitialized>
         <run_address>0x3f7ff8</run_address>
         <size>0x8</size>
         <input_file_ref idref="fl-11"/>
      </object_component>
      <object_component id="oc-9b">
         <name>PartIdRegsFile</name>
         <uninitialized>true</uninitialized>
         <run_address>0x3d7e80</run_address>
         <size>0x1</size>
         <input_file_ref idref="fl-11"/>
      </object_component>
      <object_component id="oc-4a">
         <name>.debug_info</name>
         <load_address>0x0</load_address>
         <run_address>0x0</run_address>
         <size>0x122a</size>
         <input_file_ref idref="fl-2"/>
      </object_component>
      <object_component id="oc-50">
         <name>.debug_info</name>
         <load_address>0x122a</load_address>
         <run_address>0x122a</run_address>
         <size>0x4b2</size>
         <input_file_ref idref="fl-3"/>
      </object_component>
      <object_component id="oc-55">
         <name>.debug_info</name>
         <load_address>0x16dc</load_address>
         <run_address>0x16dc</run_address>
         <size>0x9af</size>
         <input_file_ref idref="fl-4"/>
      </object_component>
      <object_component id="oc-5a">
         <name>.debug_info</name>
         <load_address>0x208b</load_address>
         <run_address>0x208b</run_address>
         <size>0x9df</size>
         <input_file_ref idref="fl-5"/>
      </object_component>
      <object_component id="oc-5f">
         <name>.debug_info</name>
         <load_address>0x2a6a</load_address>
         <run_address>0x2a6a</run_address>
         <size>0x958</size>
         <input_file_ref idref="fl-6"/>
      </object_component>
      <object_component id="oc-64">
         <name>.debug_info</name>
         <load_address>0x33c2</load_address>
         <run_address>0x33c2</run_address>
         <size>0x1357</size>
         <input_file_ref idref="fl-7"/>
      </object_component>
      <object_component id="oc-68">
         <name>.debug_info</name>
         <load_address>0x4719</load_address>
         <run_address>0x4719</run_address>
         <size>0x2f9b</size>
         <input_file_ref idref="fl-8"/>
      </object_component>
      <object_component id="oc-6f">
         <name>.debug_info</name>
         <load_address>0x76b4</load_address>
         <run_address>0x76b4</run_address>
         <size>0x1052</size>
         <input_file_ref idref="fl-9"/>
      </object_component>
      <object_component id="oc-76">
         <name>.debug_info</name>
         <load_address>0x8706</load_address>
         <run_address>0x8706</run_address>
         <size>0x122</size>
         <input_file_ref idref="fl-a"/>
      </object_component>
      <object_component id="oc-7a">
         <name>.debug_info</name>
         <load_address>0x8828</load_address>
         <run_address>0x8828</run_address>
         <size>0x1796</size>
         <input_file_ref idref="fl-b"/>
      </object_component>
      <object_component id="oc-81">
         <name>.debug_info</name>
         <load_address>0x9fbe</load_address>
         <run_address>0x9fbe</run_address>
         <size>0x3c36</size>
         <input_file_ref idref="fl-c"/>
      </object_component>
      <object_component id="oc-86">
         <name>.debug_info</name>
         <load_address>0xdbf4</load_address>
         <run_address>0xdbf4</run_address>
         <size>0xae0</size>
         <input_file_ref idref="fl-d"/>
      </object_component>
      <object_component id="oc-8d">
         <name>.debug_info</name>
         <load_address>0xe6d4</load_address>
         <run_address>0xe6d4</run_address>
         <size>0xebc</size>
         <input_file_ref idref="fl-e"/>
      </object_component>
      <object_component id="oc-92">
         <name>.debug_info</name>
         <load_address>0xf590</load_address>
         <run_address>0xf590</run_address>
         <size>0x17c</size>
         <input_file_ref idref="fl-f"/>
      </object_component>
      <object_component id="oc-94">
         <name>.debug_info</name>
         <load_address>0xf70c</load_address>
         <run_address>0xf70c</run_address>
         <size>0x61a</size>
         <input_file_ref idref="fl-10"/>
      </object_component>
      <object_component id="oc-9a">
         <name>.debug_info</name>
         <load_address>0xfd26</load_address>
         <run_address>0xfd26</run_address>
         <size>0x1b0bd</size>
         <input_file_ref idref="fl-11"/>
      </object_component>
      <object_component id="oc-d5">
         <name>.debug_info</name>
         <load_address>0x2ade3</load_address>
         <run_address>0x2ade3</run_address>
         <size>0x1cf1</size>
         <input_file_ref idref="fl-12"/>
      </object_component>
      <object_component id="oc-da">
         <name>.debug_info</name>
         <load_address>0x2cad4</load_address>
         <run_address>0x2cad4</run_address>
         <size>0x562</size>
         <input_file_ref idref="fl-13"/>
      </object_component>
      <object_component id="oc-e3">
         <name>.debug_info</name>
         <load_address>0x2d036</load_address>
         <run_address>0x2d036</run_address>
         <size>0x371c</size>
         <input_file_ref idref="fl-14"/>
      </object_component>
      <object_component id="oc-e8">
         <name>.debug_info</name>
         <load_address>0x30752</load_address>
         <run_address>0x30752</run_address>
         <size>0x239f</size>
         <input_file_ref idref="fl-15"/>
      </object_component>
      <object_component id="oc-f0">
         <name>.debug_info</name>
         <load_address>0x32af1</load_address>
         <run_address>0x32af1</run_address>
         <size>0x22b</size>
         <input_file_ref idref="fl-16"/>
      </object_component>
      <object_component id="oc-f4">
         <name>.debug_info</name>
         <load_address>0x32d1c</load_address>
         <run_address>0x32d1c</run_address>
         <size>0x60b</size>
         <input_file_ref idref="fl-17"/>
      </object_component>
      <object_component id="oc-f9">
         <name>.debug_info</name>
         <load_address>0x33327</load_address>
         <run_address>0x33327</run_address>
         <size>0xccf</size>
         <input_file_ref idref="fl-18"/>
      </object_component>
      <object_component id="oc-ff">
         <name>.debug_info</name>
         <load_address>0x33ff6</load_address>
         <run_address>0x33ff6</run_address>
         <size>0x38e</size>
         <input_file_ref idref="fl-19"/>
      </object_component>
      <object_component id="oc-104">
         <name>.debug_info</name>
         <load_address>0x34384</load_address>
         <run_address>0x34384</run_address>
         <size>0x414</size>
         <input_file_ref idref="fl-1a"/>
      </object_component>
      <object_component id="oc-10a">
         <name>.debug_info</name>
         <load_address>0x34798</load_address>
         <run_address>0x34798</run_address>
         <size>0xb74</size>
         <input_file_ref idref="fl-1b"/>
      </object_component>
      <object_component id="oc-111">
         <name>.debug_info</name>
         <load_address>0x3530c</load_address>
         <run_address>0x3530c</run_address>
         <size>0x57f</size>
         <input_file_ref idref="fl-1c"/>
      </object_component>
      <object_component id="oc-117">
         <name>.debug_info</name>
         <load_address>0x3588b</load_address>
         <run_address>0x3588b</run_address>
         <size>0x303</size>
         <input_file_ref idref="fl-1d"/>
      </object_component>
      <object_component id="oc-11b">
         <name>.debug_info</name>
         <load_address>0x35b8e</load_address>
         <run_address>0x35b8e</run_address>
         <size>0x17f3</size>
         <input_file_ref idref="fl-1e"/>
      </object_component>
      <object_component id="oc-120">
         <name>.debug_info</name>
         <load_address>0x37381</load_address>
         <run_address>0x37381</run_address>
         <size>0x1a10</size>
         <input_file_ref idref="fl-20"/>
      </object_component>
      <object_component id="oc-126">
         <name>.debug_info</name>
         <load_address>0x38d91</load_address>
         <run_address>0x38d91</run_address>
         <size>0x35f6</size>
         <input_file_ref idref="fl-21"/>
      </object_component>
      <object_component id="oc-12d">
         <name>.debug_info</name>
         <load_address>0x3c387</load_address>
         <run_address>0x3c387</run_address>
         <size>0x2088</size>
         <input_file_ref idref="fl-22"/>
      </object_component>
      <object_component id="oc-133">
         <name>.debug_info</name>
         <load_address>0x3e40f</load_address>
         <run_address>0x3e40f</run_address>
         <size>0xc76</size>
         <input_file_ref idref="fl-23"/>
      </object_component>
      <object_component id="oc-139">
         <name>.debug_info</name>
         <load_address>0x3f085</load_address>
         <run_address>0x3f085</run_address>
         <size>0xe44</size>
         <input_file_ref idref="fl-24"/>
      </object_component>
      <object_component id="oc-13f">
         <name>.debug_info</name>
         <load_address>0x3fec9</load_address>
         <run_address>0x3fec9</run_address>
         <size>0x1852</size>
         <input_file_ref idref="fl-25"/>
      </object_component>
      <object_component id="oc-145">
         <name>.debug_info</name>
         <load_address>0x4171b</load_address>
         <run_address>0x4171b</run_address>
         <size>0x1d46</size>
         <input_file_ref idref="fl-26"/>
      </object_component>
      <object_component id="oc-14b">
         <name>.debug_info</name>
         <load_address>0x43461</load_address>
         <run_address>0x43461</run_address>
         <size>0x174b</size>
         <input_file_ref idref="fl-27"/>
      </object_component>
      <object_component id="oc-151">
         <name>.debug_info</name>
         <load_address>0x44bac</load_address>
         <run_address>0x44bac</run_address>
         <size>0x268a</size>
         <input_file_ref idref="fl-28"/>
      </object_component>
      <object_component id="oc-157">
         <name>.debug_info</name>
         <load_address>0x47236</load_address>
         <run_address>0x47236</run_address>
         <size>0x1093</size>
         <input_file_ref idref="fl-29"/>
      </object_component>
      <object_component id="oc-15c">
         <name>.debug_info</name>
         <load_address>0x482c9</load_address>
         <run_address>0x482c9</run_address>
         <size>0x186</size>
         <input_file_ref idref="fl-2a"/>
      </object_component>
      <object_component id="oc-15e">
         <name>.debug_info</name>
         <load_address>0x4844f</load_address>
         <run_address>0x4844f</run_address>
         <size>0x20bb</size>
         <input_file_ref idref="fl-32"/>
      </object_component>
      <object_component id="oc-164">
         <name>.debug_info</name>
         <load_address>0x4a50a</load_address>
         <run_address>0x4a50a</run_address>
         <size>0x441</size>
         <input_file_ref idref="fl-33"/>
      </object_component>
      <object_component id="oc-169">
         <name>.debug_info</name>
         <load_address>0x4a94b</load_address>
         <run_address>0x4a94b</run_address>
         <size>0x25a4</size>
         <input_file_ref idref="fl-34"/>
      </object_component>
      <object_component id="oc-16e">
         <name>.debug_info</name>
         <load_address>0x4ceef</load_address>
         <run_address>0x4ceef</run_address>
         <size>0x2866</size>
         <input_file_ref idref="fl-35"/>
      </object_component>
      <object_component id="oc-175">
         <name>.debug_info</name>
         <load_address>0x4f755</load_address>
         <run_address>0x4f755</run_address>
         <size>0x1b90</size>
         <input_file_ref idref="fl-36"/>
      </object_component>
      <object_component id="oc-17a">
         <name>.debug_info</name>
         <load_address>0x512e5</load_address>
         <run_address>0x512e5</run_address>
         <size>0x966</size>
         <input_file_ref idref="fl-37"/>
      </object_component>
      <object_component id="oc-181">
         <name>.debug_info</name>
         <load_address>0x51c4b</load_address>
         <run_address>0x51c4b</run_address>
         <size>0x32c1</size>
         <input_file_ref idref="fl-38"/>
      </object_component>
      <object_component id="oc-188">
         <name>.debug_info</name>
         <load_address>0x54f0c</load_address>
         <run_address>0x54f0c</run_address>
         <size>0x5820</size>
         <input_file_ref idref="fl-39"/>
      </object_component>
      <object_component id="oc-18f">
         <name>.debug_info</name>
         <load_address>0x5a72c</load_address>
         <run_address>0x5a72c</run_address>
         <size>0x584</size>
         <input_file_ref idref="fl-3a"/>
      </object_component>
      <object_component id="oc-194">
         <name>.debug_info</name>
         <load_address>0x5acb0</load_address>
         <run_address>0x5acb0</run_address>
         <size>0x8871</size>
         <input_file_ref idref="fl-3b"/>
      </object_component>
      <object_component id="oc-19b">
         <name>.debug_info</name>
         <load_address>0x63521</load_address>
         <run_address>0x63521</run_address>
         <size>0x12a3</size>
         <input_file_ref idref="fl-3c"/>
      </object_component>
      <object_component id="oc-1a0">
         <name>.debug_info</name>
         <load_address>0x647c4</load_address>
         <run_address>0x647c4</run_address>
         <size>0x1d5c</size>
         <input_file_ref idref="fl-3d"/>
      </object_component>
      <object_component id="oc-1a6">
         <name>.debug_info</name>
         <load_address>0x66520</load_address>
         <run_address>0x66520</run_address>
         <size>0x17cc</size>
         <input_file_ref idref="fl-3e"/>
      </object_component>
      <object_component id="oc-1ab">
         <name>.debug_info</name>
         <load_address>0x67cec</load_address>
         <run_address>0x67cec</run_address>
         <size>0x1e85</size>
         <input_file_ref idref="fl-3f"/>
      </object_component>
      <object_component id="oc-1b0">
         <name>.debug_info</name>
         <load_address>0x69b71</load_address>
         <run_address>0x69b71</run_address>
         <size>0x2fd6</size>
         <input_file_ref idref="fl-40"/>
      </object_component>
      <object_component id="oc-1b8">
         <name>.debug_info</name>
         <load_address>0x6cb47</load_address>
         <run_address>0x6cb47</run_address>
         <size>0x16b</size>
         <input_file_ref idref="fl-4e"/>
      </object_component>
      <object_component id="oc-1bc">
         <name>.debug_info</name>
         <load_address>0x6ccb2</load_address>
         <run_address>0x6ccb2</run_address>
         <size>0x5c1</size>
         <input_file_ref idref="fl-4f"/>
      </object_component>
      <object_component id="oc-1c1">
         <name>.debug_info</name>
         <load_address>0x6d273</load_address>
         <run_address>0x6d273</run_address>
         <size>0x5ab</size>
         <input_file_ref idref="fl-50"/>
      </object_component>
      <object_component id="oc-1c9">
         <name>.debug_info</name>
         <load_address>0x6d81e</load_address>
         <run_address>0x6d81e</run_address>
         <size>0x10c</size>
         <input_file_ref idref="fl-51"/>
      </object_component>
      <object_component id="oc-1ce">
         <name>.debug_info</name>
         <load_address>0x6d92a</load_address>
         <run_address>0x6d92a</run_address>
         <size>0x10c</size>
         <input_file_ref idref="fl-52"/>
      </object_component>
      <object_component id="oc-1d3">
         <name>.debug_info</name>
         <load_address>0x6da36</load_address>
         <run_address>0x6da36</run_address>
         <size>0x11a</size>
         <input_file_ref idref="fl-53"/>
      </object_component>
      <object_component id="oc-1d8">
         <name>.debug_info</name>
         <load_address>0x6db50</load_address>
         <run_address>0x6db50</run_address>
         <size>0x10f</size>
         <input_file_ref idref="fl-54"/>
      </object_component>
      <object_component id="oc-1dc">
         <name>.debug_info</name>
         <load_address>0x6dc5f</load_address>
         <run_address>0x6dc5f</run_address>
         <size>0x46f</size>
         <input_file_ref idref="fl-55"/>
      </object_component>
      <object_component id="oc-1e1">
         <name>.debug_info</name>
         <load_address>0x6e0ce</load_address>
         <run_address>0x6e0ce</run_address>
         <size>0x3e2</size>
         <input_file_ref idref="fl-56"/>
      </object_component>
      <object_component id="oc-1e6">
         <name>.debug_info</name>
         <load_address>0x6e4b0</load_address>
         <run_address>0x6e4b0</run_address>
         <size>0x3df</size>
         <input_file_ref idref="fl-57"/>
      </object_component>
      <object_component id="oc-1ec">
         <name>.debug_info</name>
         <load_address>0x6e88f</load_address>
         <run_address>0x6e88f</run_address>
         <size>0x113</size>
         <input_file_ref idref="fl-58"/>
      </object_component>
      <object_component id="oc-1f0">
         <name>.debug_info</name>
         <load_address>0x6e9a2</load_address>
         <run_address>0x6e9a2</run_address>
         <size>0x501</size>
         <input_file_ref idref="fl-59"/>
      </object_component>
      <object_component id="oc-1f5">
         <name>.debug_info</name>
         <load_address>0x6eea3</load_address>
         <run_address>0x6eea3</run_address>
         <size>0x4ce</size>
         <input_file_ref idref="fl-5a"/>
      </object_component>
      <object_component id="oc-1fb">
         <name>.debug_info</name>
         <load_address>0x6f371</load_address>
         <run_address>0x6f371</run_address>
         <size>0x10c</size>
         <input_file_ref idref="fl-5b"/>
      </object_component>
      <object_component id="oc-2a6">
         <name>.debug_info</name>
         <load_address>0x6f47d</load_address>
         <run_address>0x6f47d</run_address>
         <size>0xa4</size>
      </object_component>
      <object_component id="oc-4c">
         <name>.debug_frame</name>
         <load_address>0x0</load_address>
         <run_address>0x0</run_address>
         <size>0x90</size>
         <input_file_ref idref="fl-2"/>
      </object_component>
      <object_component id="oc-51">
         <name>.debug_frame</name>
         <load_address>0x90</load_address>
         <run_address>0x90</run_address>
         <size>0x49</size>
         <input_file_ref idref="fl-3"/>
      </object_component>
      <object_component id="oc-56">
         <name>.debug_frame</name>
         <load_address>0xd9</load_address>
         <run_address>0xd9</run_address>
         <size>0x61</size>
         <input_file_ref idref="fl-4"/>
      </object_component>
      <object_component id="oc-5b">
         <name>.debug_frame</name>
         <load_address>0x13a</load_address>
         <run_address>0x13a</run_address>
         <size>0x54</size>
         <input_file_ref idref="fl-5"/>
      </object_component>
      <object_component id="oc-60">
         <name>.debug_frame</name>
         <load_address>0x18e</load_address>
         <run_address>0x18e</run_address>
         <size>0x47</size>
         <input_file_ref idref="fl-6"/>
      </object_component>
      <object_component id="oc-6b">
         <name>.debug_frame</name>
         <load_address>0x1d5</load_address>
         <run_address>0x1d5</run_address>
         <size>0xc5</size>
         <input_file_ref idref="fl-8"/>
      </object_component>
      <object_component id="oc-70">
         <name>.debug_frame</name>
         <load_address>0x29a</load_address>
         <run_address>0x29a</run_address>
         <size>0x86</size>
         <input_file_ref idref="fl-9"/>
      </object_component>
      <object_component id="oc-7d">
         <name>.debug_frame</name>
[...]
      <symbol id="sm-9b1">
         <name>_InternalUSBTickReset</name>
         <value>0x3de685</value>
         <object_component_ref idref="oc-22b"/>
      </symbol>
      <symbol id="sm-9f9">
         <name>_g_pui8BulkInterface</name>
         <value>0x3f4356</value>
         <object_component_ref idref="oc-22e"/>
      </symbol>
      <symbol id="sm-9fa">
         <name>_USBDBulkRxPacketAvailable</name>
         <value>0x3dcaec</value>
         <object_component_ref idref="oc-217"/>
      </symbol>
      <symbol id="sm-9fb">
         <name>_USBDBulkSetRxCBData</name>
         <value>0x3dca28</value>
         <object_component_ref idref="oc-217"/>
      </symbol>
      <symbol id="sm-9fc">
         <name>_g_sBulkInterfaceSection</name>
         <value>0x3f43e2</value>
         <object_component_ref idref="oc-210"/>
      </symbol>
      <symbol id="sm-9fd">
         <name>_USBDBulkPacketWrite</name>
         <value>0x3dca42</value>
         <object_component_ref idref="oc-217"/>
      </symbol>
      <symbol id="sm-9fe">
         <name>_USBDBulkCompositeInit</name>
         <value>0x3dc9b4</value>
         <object_component_ref idref="oc-217"/>
      </symbol>
      <symbol id="sm-9ff">
         <name>_USBDBulkRemoteWakeupRequest</name>
         <value>0x3dcb14</value>
         <object_component_ref idref="oc-217"/>
      </symbol>
      <symbol id="sm-a00">
         <name>_g_ppBulkConfigDescriptors</name>
         <value>0x3f43f4</value>
         <object_component_ref idref="oc-23a"/>
      </symbol>
      <symbol id="sm-a01">
         <name>_USBDBulkTxPacketAvailable</name>
         <value>0x3dcadc</value>
         <object_component_ref idref="oc-217"/>
      </symbol>
      <symbol id="sm-a02">
         <name>_g_sBulkHandlers</name>
         <value>0x3f433e</value>
         <object_component_ref idref="oc-239"/>
      </symbol>
      <symbol id="sm-a03">
         <name>_g_pui8BulkDeviceDescriptor</name>
         <value>0x986d</value>
         <object_component_ref idref="oc-183"/>
      </symbol>
      <symbol id="sm-a04">
         <name>_g_psBulkSections</name>
         <value>0x9860</value>
         <object_component_ref idref="oc-183"/>
      </symbol>
      <symbol id="sm-a05">
         <name>_g_sBulkConfigHeader</name>
         <value>0x3f43da</value>
         <object_component_ref idref="oc-244"/>
      </symbol>
      <symbol id="sm-a06">
         <name>_USBDBulkInit</name>
         <value>0x3dc96d</value>
         <object_component_ref idref="oc-217"/>
      </symbol>
      <symbol id="sm-a07">
         <name>_USBDBulkPacketRead</name>
         <value>0x3dca87</value>
         <object_component_ref idref="oc-217"/>
      </symbol>
      <symbol id="sm-a08">
         <name>_g_pui8BulkDescriptor</name>
         <value>0x9864</value>
         <object_component_ref idref="oc-183"/>
      </symbol>
      <symbol id="sm-a09">
         <name>_USBDBulkPowerStatusSet</name>
         <value>0x3dcb0b</value>
         <object_component_ref idref="oc-217"/>
      </symbol>
      <symbol id="sm-a0a">
         <name>_g_sBulkConfigSection</name>
         <value>0x3f43de</value>
         <object_component_ref idref="oc-20f"/>
      </symbol>
      <symbol id="sm-a0b">
         <name>_USBDBulkSetTxCBData</name>
         <value>0x3dca32</value>
         <object_component_ref idref="oc-217"/>
      </symbol>
      <symbol id="sm-a0c">
         <name>_USBDBulkTerm</name>
         <value>0x3dca1b</value>
         <object_component_ref idref="oc-217"/>
      </symbol>
      <symbol id="sm-ab4">
         <name>_USBDCDInit</name>
         <value>0x3d95e5</value>
         <object_component_ref idref="oc-227"/>
      </symbol>
      <symbol id="sm-ab5">
         <name>_g_psDCDInst</name>
         <value>0xb604</value>
         <object_component_ref idref="oc-18a"/>
      </symbol>
      <symbol id="sm-ab6">
         <name>_USBDeviceEnumResetHandler</name>
         <value>0x3d981c</value>
         <object_component_ref idref="oc-227"/>
      </symbol>
      <symbol id="sm-ab7">
         <name>_USBDCDDeviceInfoInit</name>
         <value>0x3d95d5</value>
         <object_component_ref idref="oc-227"/>
      </symbol>
      <symbol id="sm-ab8">
         <name>_USBDCDStallEP0</name>
         <value>0x3d96bb</value>
         <object_component_ref idref="oc-227"/>
      </symbol>
      <symbol id="sm-ab9">
         <name>_USBDCDTerm</name>
         <value>0x3d9663</value>
         <object_component_ref idref="oc-227"/>
      </symbol>
      <symbol id="sm-aba">
         <name>_USBDCDRequestDataEP0</name>
         <value>0x3d9696</value>
         <object_component_ref idref="oc-227"/>
      </symbol>
      <symbol id="sm-abb">
         <name>_USBDeviceIntHandlerInternal</name>
         <value>0x3d9d81</value>
         <object_component_ref idref="oc-227"/>
      </symbol>
      <symbol id="sm-abc">
         <name>_USBDeviceEnumHandler</name>
         <value>0x3d975c</value>
         <object_component_ref idref="oc-227"/>
      </symbol>
      <symbol id="sm-abd">
         <name>_g_ppsDevInfo</name>
         <value>0xb600</value>
         <object_component_ref idref="oc-18a"/>
      </symbol>
      <symbol id="sm-abe">
         <name>_USBDCDSendDataEP0</name>
         <value>0x3d96a4</value>
         <object_component_ref idref="oc-227"/>
      </symbol>
      <symbol id="sm-abf">
         <name>_USBDeviceResumeTickHandler</name>
         <value>0x3d96ef</value>
         <object_component_ref idref="oc-227"/>
      </symbol>
      <symbol id="sm-ac0">
         <name>_USBDCDRemoteWakeupRequest</name>
         <value>0x3d96d9</value>
         <object_component_ref idref="oc-227"/>
      </symbol>
      <symbol id="sm-ac1">
         <name>_USBDCDSetDefaultConfiguration</name>
         <value>0x3d96b3</value>
         <object_component_ref idref="oc-227"/>
      </symbol>
      <symbol id="sm-ac2">
         <name>_USBDCDPowerStatusSet</name>
         <value>0x3d96cc</value>
         <object_component_ref idref="oc-227"/>
      </symbol>
      <symbol id="sm-acf">
         <name>_USB0DeviceIntHandler</name>
         <value>0x3dea5f</value>
         <object_component_ref idref="oc-20b"/>
      </symbol>
      <symbol id="sm-bf7">
         <name>_USB0HostIntHandler</name>
         <value>0x3d906f</value>
         <object_component_ref idref="oc-20c"/>
      </symbol>
      <symbol id="sm-bf8">
         <name>_USBHCDPipeStatus</name>
         <value>0x3d8476</value>
         <object_component_ref idref="oc-20c"/>
      </symbol>
      <symbol id="sm-bf9">
         <name>_USBHCDDevProtocol</name>
         <value>0x3d95b0</value>
         <object_component_ref idref="oc-20c"/>
      </symbol>
      <symbol id="sm-bfa">
         <name>_USBHCDPipeDataAck</name>
         <value>0x3d864d</value>
         <object_component_ref idref="oc-20c"/>
      </symbol>
      <symbol id="sm-bfb">
         <name>_USBHCDSetAddress</name>
         <value>0x3d8b75</value>
         <object_component_ref idref="oc-20c"/>
      </symbol>
      <symbol id="sm-bfc">
         <name>_USBHCDPipeAllocSize</name>
         <value>0x3d81a1</value>
         <object_component_ref idref="oc-20c"/>
      </symbol>
      <symbol id="sm-bfd">
         <name>_USBHCDDevClass</name>
         <value>0x3d9566</value>
         <object_component_ref idref="oc-20c"/>
      </symbol>
      <symbol id="sm-bfe">
         <name>_USBHCDSuspend</name>
         <value>0x3d8aae</value>
         <object_component_ref idref="oc-20c"/>
      </symbol>
      <symbol id="sm-bff">
         <name>_USBHCDEventDisable</name>
         <value>0x3d80d3</value>
         <object_component_ref idref="oc-20c"/>
      </symbol>
      <symbol id="sm-c00">
         <name>_USBHCDPowerConfigSet</name>
         <value>0x3d8997</value>
         <object_component_ref idref="oc-20c"/>
      </symbol>
      <symbol id="sm-c01">
         <name>_USBHCDPowerConfigInit</name>
         <value>0x3d8988</value>
         <object_component_ref idref="oc-20c"/>
      </symbol>
      <symbol id="sm-c02">
         <name>_USBHCDHubDeviceDisconnected</name>
         <value>0x3d9443</value>
         <object_component_ref idref="oc-20c"/>
      </symbol>
      <symbol id="sm-c03">
         <name>_USBHCDPowerAutomatic</name>
         <value>0x3d89c1</value>
         <object_component_ref idref="oc-20c"/>
      </symbol>
      <symbol id="sm-c04">
         <name>_USBHCDReset</name>
         <value>0x3d8a88</value>
         <object_component_ref idref="oc-20c"/>
      </symbol>
      <symbol id="sm-c05">
         <name>_ConfigDescFree</name>
         <value>0x3d8051</value>
         <object_component_ref idref="oc-20c"/>
      </symbol>
      <symbol id="sm-c06">
         <name>_USBHCDInit</name>
         <value>0x3d89cc</value>
         <object_component_ref idref="oc-20c"/>
      </symbol>
      <symbol id="sm-c07">
         <name>_USBHCDResume</name>
         <value>0x3d8ab7</value>
         <object_component_ref idref="oc-20c"/>
      </symbol>
      <symbol id="sm-c08">
         <name>_USBHCDPipeRead</name>
         <value>0x3d866a</value>
         <object_component_ref idref="oc-20c"/>
      </symbol>
      <symbol id="sm-c09">
         <name>_USBHCDPipeReadNonBlocking</name>
         <value>0x3d8622</value>
         <object_component_ref idref="oc-20c"/>
      </symbol>
      <symbol id="sm-c0a">
         <name>_USBHCDPipeWrite</name>
         <value>0x3d847b</value>
         <object_component_ref idref="oc-20c"/>
      </symbol>
      <symbol id="sm-c0b">
         <name>_USBHCDMain</name>
         <value>0x3d9199</value>
         <object_component_ref idref="oc-20c"/>
      </symbol>
      <symbol id="sm-c0c">
         <name>_USBHostIntHandlerInternal</name>
         <value>0x3d8cf9</value>
         <object_component_ref idref="oc-20c"/>
      </symbol>
      <symbol id="sm-c0d">
         <name>_ConfigDescAlloc</name>
         <value>0x3d8000</value>
         <object_component_ref idref="oc-20c"/>
      </symbol>
      <symbol id="sm-c0e">
         <name>_USBHCDRegisterDrivers</name>
         <value>0x3d8a1d</value>
         <object_component_ref idref="oc-20c"/>
      </symbol>
      <symbol id="sm-c0f">
         <name>_USBHCDSetConfig</name>
         <value>0x3d8c1e</value>
         <object_component_ref idref="oc-20c"/>
      </symbol>
      <symbol id="sm-c10">
         <name>_USBHCDSetInterface</name>
         <value>0x3d8c42</value>
         <object_component_ref idref="oc-20c"/>
      </symbol>
      <symbol id="sm-c11">
         <name>_InternalUSBHCDSendEvent</name>
         <value>0x3d90ea</value>
         <object_component_ref idref="oc-20c"/>
      </symbol>
      <symbol id="sm-c12">
         <name>_USBHCDPipeSchedule</name>
         <value>0x3d857b</value>
         <object_component_ref idref="oc-20c"/>
      </symbol>
      <symbol id="sm-c13">
         <name>_USBHCDDevSubClass</name>
         <value>0x3d958b</value>
         <object_component_ref idref="oc-20c"/>
      </symbol>
      <symbol id="sm-c14">
         <name>_USBHCDTerm</name>
         <value>0x3d8a28</value>
         <object_component_ref idref="oc-20c"/>
      </symbol>
      <symbol id="sm-c15">
         <name>_USBHCDPipeConfig</name>
         <value>0x3d83a6</value>
         <object_component_ref idref="oc-20c"/>
      </symbol>
      <symbol id="sm-c16">
         <name>_USBHCDHubDeviceConnected</name>
         <value>0x3d93eb</value>
         <object_component_ref idref="oc-20c"/>
      </symbol>
      <symbol id="sm-c17">
         <name>_USBHCDPipeFree</name>
         <value>0x3d877f</value>
         <object_component_ref idref="oc-20c"/>
      </symbol>
      <symbol id="sm-c18">
         <name>_USBHCDDevHubPort</name>
         <value>0x3d953e</value>
         <object_component_ref idref="oc-20c"/>
      </symbol>
      <symbol id="sm-c19">
         <name>_USBHostCheckPipes</name>
         <value>0x3d8c6e</value>
         <object_component_ref idref="oc-20c"/>
      </symbol>
      <symbol id="sm-c1a">
         <name>_USBHCDControlTransfer</name>
         <value>0x3d9359</value>
         <object_component_ref idref="oc-20c"/>
      </symbol>
      <symbol id="sm-c1b">
         <name>_USBHCDEventEnable</name>
         <value>0x3d80be</value>
         <object_component_ref idref="oc-20c"/>
      </symbol>
      <symbol id="sm-c1c">
         <name>_USBHCDPipeAlloc</name>
         <value>0x3d8397</value>
         <object_component_ref idref="oc-20c"/>
      </symbol>
      <symbol id="sm-c1d">
         <name>_USBHCDDevAddress</name>
         <value>0x3d9552</value>
         <object_component_ref idref="oc-20c"/>
      </symbol>
      <symbol id="sm-c1e">
         <name>_USBHCDPowerConfigGet</name>
         <value>0x3d8990</value>
         <object_component_ref idref="oc-20c"/>
      </symbol>
      <symbol id="sm-c41">
         <name>_USBDescGetInterfaceEndpoint</name>
         <value>0x3de17c</value>
         <object_component_ref idref="oc-22d"/>
      </symbol>
      <symbol id="sm-c42">
         <name>_USBDescGet</name>
         <value>0x3de0e9</value>
         <object_component_ref idref="oc-22d"/>
      </symbol>
      <symbol id="sm-c43">
         <name>_USBDescGetNumAlternateInterfaces</name>
         <value>0x3de114</value>
         <object_component_ref idref="oc-22d"/>
      </symbol>
      <symbol id="sm-c44">
         <name>_USBDescGetNum</name>
         <value>0x3de0c3</value>
         <object_component_ref idref="oc-22d"/>
      </symbol>
      <symbol id="sm-c45">
         <name>_USBDescGetInterface</name>
         <value>0x3de162</value>
         <object_component_ref idref="oc-22d"/>
      </symbol>
      <symbol id="sm-c68">
         <name>_USBLibDMAInit</name>
         <value>0x3ddf9f</value>
         <object_component_ref idref="oc-22a"/>
      </symbol>
      <symbol id="sm-c90">
         <name>_USBDCDConfigGetInterface</name>
         <value>0x3dd714</value>
         <object_component_ref idref="oc-23d"/>
      </symbol>
      <symbol id="sm-c91">
         <name>_USBDCDConfigDescGetNum</name>
         <value>0x3dd686</value>
         <object_component_ref idref="oc-23d"/>
      </symbol>
      <symbol id="sm-c92">
         <name>_USBDCDConfigDescGetSize</name>
         <value>0x3dd66d</value>
         <object_component_ref idref="oc-23d"/>
      </symbol>
      <symbol id="sm-c93">
         <name>_USBDCDConfigGetInterfaceEndpoint</name>
         <value>0x3dd72d</value>
         <object_component_ref idref="oc-23d"/>
      </symbol>
      <symbol id="sm-c94">
         <name>_USBDCDConfigDescGet</name>
         <value>0x3dd6ab</value>
         <object_component_ref idref="oc-23d"/>
      </symbol>
      <symbol id="sm-c95">
         <name>_USBDCDConfigGetNumAlternateInterfaces</name>
         <value>0x3dd6ef</value>
         <object_component_ref idref="oc-23d"/>
      </symbol>
      <symbol id="sm-cce">
         <name>_USBDeviceConfigAlternate</name>
         <value>0x3dd123</value>
         <object_component_ref idref="oc-23e"/>
      </symbol>
      <symbol id="sm-ccf">
         <name>_USBDeviceConfig</name>
         <value>0x3dcfe6</value>
         <object_component_ref idref="oc-23e"/>
      </symbol>
      <symbol id="sm-d26">
         <name>_USBHHubInit</name>
         <value>0x3dc3f3</value>
         <object_component_ref idref="oc-229"/>
      </symbol>
      <symbol id="sm-d27">
         <name>_USBHHubOpen</name>
         <value>0x3dc3dc</value>
         <object_component_ref idref="oc-229"/>
      </symbol>
      <symbol id="sm-d28">
         <name>_USBHHubClose</name>
         <value>0x3dc3ea</value>
         <object_component_ref idref="oc-229"/>
      </symbol>
      <symbol id="sm-d29">
         <name>_USBHHubMain</name>
         <value>0x3dc2cd</value>
         <object_component_ref idref="oc-229"/>
      </symbol>
      <symbol id="sm-d2a">
         <name>_USBHHubEnumerationComplete</name>
         <value>0x3dc3ba</value>
         <object_component_ref idref="oc-229"/>
      </symbol>
      <symbol id="sm-d2b">
         <name>_USBHHubEnumerationError</name>
         <value>0x3dc3cb</value>
         <object_component_ref idref="oc-229"/>
      </symbol>
      <symbol id="sm-d46">
         <name>_c_int00</name>
         <value>0x3de809</value>
         <object_component_ref idref="oc-49"/>
      </symbol>
      <symbol id="sm-d47">
         <name>__stack</name>
         <value>0x400</value>
         <object_component_ref idref="oc-1b6"/>
      </symbol>
      <symbol id="sm-d56">
         <name>_copy_in</name>
         <value>0x3de9ca</value>
         <object_component_ref idref="oc-200"/>
      </symbol>
      <symbol id="sm-d6a">
         <name>C$$EXIT</name>
         <value>0x3de9a1</value>
         <object_component_ref idref="oc-203"/>
      </symbol>
      <symbol id="sm-d6b">
         <name>_exit</name>
         <value>0x3de9a3</value>
         <object_component_ref idref="oc-203"/>
      </symbol>
      <symbol id="sm-d6c">
         <name>___TI_cleanup_ptr</name>
         <value>0x9c38</value>
         <object_component_ref idref="oc-1c3"/>
      </symbol>
      <symbol id="sm-d6d">
         <name>___TI_enable_exit_profile_output</name>
         <value>0x9c36</value>
         <object_component_ref idref="oc-1c3"/>
      </symbol>
      <symbol id="sm-d6e">
         <name>_abort</name>
         <value>0x3de9a1</value>
         <object_component_ref idref="oc-203"/>
      </symbol>
      <symbol id="sm-d6f">
         <name>___TI_dtors_ptr</name>
         <value>0x9c3a</value>
         <object_component_ref idref="oc-1c3"/>
      </symbol>
      <symbol id="sm-d86">
         <name>FD$$DIV</name>
         <value>0x3de552</value>
         <object_component_ref idref="oc-1c8"/>
      </symbol>
      <symbol id="sm-d98">
         <name>FD$$MPY</name>
         <value>0x3de5dd</value>
         <object_component_ref idref="oc-1cd"/>
      </symbol>
      <symbol id="sm-da4">
         <name>FD$$SUB</name>
         <value>0x3dea80</value>
         <object_component_ref idref="oc-1d2"/>
      </symbol>
      <symbol id="sm-db3">
         <name>FD$$TOUL</name>
         <value>0x3dea2b</value>
         <object_component_ref idref="oc-1d7"/>
      </symbol>
      <symbol id="sm-dc4">
         <name>_memcpy</name>
         <value>0x3dea0d</value>
         <object_component_ref idref="oc-211"/>
      </symbol>
      <symbol id="sm-dd0">
         <name>__system_pre_init</name>
         <value>0x3dbffe</value>
         <object_component_ref idref="oc-1ff"/>
      </symbol>
      <symbol id="sm-ddc">
         <name>__system_post_cinit</name>
         <value>0x3deaa9</value>
         <object_component_ref idref="oc-201"/>
      </symbol>
      <symbol id="sm-ded">
         <name>UL$$TOFD</name>
         <value>0x3dbfe8</value>
         <object_component_ref idref="oc-1eb"/>
      </symbol>
      <symbol id="sm-e01">
         <name>__unlock</name>
         <value>0xb5d0</value>
         <object_component_ref idref="oc-243"/>
      </symbol>
      <symbol id="sm-e02">
         <name>__lock</name>
         <value>0x9ffe</value>
         <object_component_ref idref="oc-213"/>
      </symbol>
      <symbol id="sm-e03">
         <name>__register_lock</name>
         <value>0x3dea9f</value>
         <object_component_ref idref="oc-237"/>
      </symbol>
      <symbol id="sm-e04">
         <name>__nop</name>
         <value>0x3deaa3</value>
         <object_component_ref idref="oc-237"/>
      </symbol>
      <symbol id="sm-e05">
         <name>__register_unlock</name>
         <value>0x3dea9b</value>
         <object_component_ref idref="oc-237"/>
      </symbol>
      <symbol id="sm-e14">
         <name>__args_main</name>
         <value>0x3dea46</value>
         <object_component_ref idref="oc-202"/>
      </symbol>
      <symbol id="sm-e2f">
         <name>FD$$ADD</name>
         <value>0x3de429</value>
         <object_component_ref idref="oc-1fa"/>
      </symbol>
   </symbol_table>
   <title>Link successful</title>
</link_info>
