<?xml version="1.0"?>
<link_info>
   <banner>TMS320C2000 Linker PC v16.9.1.LTS</banner>
   <copyright>Copyright (c) 1996-2015 Texas Instruments Incorporated</copyright>
   <link_time>0x5891c6f1</link_time>
   <link_errors>0x0</link_errors>
   <output_file>ucos3_28069u.out</output_file>
   <entry_point>
      <name>_c_int00</name>
      <address>0x3de183</address>
   </entry_point>
   <input_file_list>
      <input_file id="fl-2">
         <path>.\APP\</path>
         <kind>object</kind>
         <file>app.obj</file>
         <name>app.obj</name>
      </input_file>
      <input_file id="fl-3">
         <path>.\APP\</path>
         <kind>object</kind>
         <file>usb_bulk_structs.obj</file>
         <name>usb_bulk_structs.obj</name>
      </input_file>
      <input_file id="fl-4">
         <path>.\APP\</path>
         <kind>object</kind>
         <file>usb_dev_bulk.obj</file>
         <name>usb_dev_bulk.obj</name>
      </input_file>
      <input_file id="fl-5">
         <path>.\APP\</path>
         <kind>object</kind>
         <file>usb_handler.obj</file>
         <name>usb_handler.obj</name>
      </input_file>
      <input_file id="fl-6">
         <path>.\BSP\CCS\</path>
         <kind>object</kind>
         <file>bsp_start.obj</file>
         <name>bsp_start.obj</name>
      </input_file>
      <input_file id="fl-7">
         <path>.\BSP\OS\uCOS-II\</path>
         <kind>object</kind>
         <file>bsp_os.obj</file>
         <name>bsp_os.obj</name>
      </input_file>
      <input_file id="fl-8">
         <path>.\BSP\</path>
         <kind>object</kind>
         <file>bsp.obj</file>
         <name>bsp.obj</name>
      </input_file>
      <input_file id="fl-9">
         <path>.\BSP\</path>
         <kind>object</kind>
         <file>bsp_int.obj</file>
         <name>bsp_int.obj</name>
      </input_file>
      <input_file id="fl-a">
         <path>.\BSP\</path>
         <kind>object</kind>
         <file>bsp_led.obj</file>
         <name>bsp_led.obj</name>
      </input_file>
      <input_file id="fl-b">
         <path>.\BSP\</path>
         <kind>object</kind>
         <file>cpu_bsp.obj</file>
         <name>cpu_bsp.obj</name>
      </input_file>
      <input_file id="fl-c">
         <path>.\lib\</path>
         <kind>object</kind>
         <file>F2806x_GlobalVariableDefs.obj</file>
         <name>F2806x_GlobalVariableDefs.obj</name>
      </input_file>
      <input_file id="fl-d">
         <path>.\lib\</path>
         <kind>object</kind>
         <file>sysctl.obj</file>
         <name>sysctl.obj</name>
      </input_file>
      <input_file id="fl-e">
         <path>.\lib\</path>
         <kind>object</kind>
         <file>uartstdio.obj</file>
         <name>uartstdio.obj</name>
      </input_file>
      <input_file id="fl-f">
         <path>.\lib\</path>
         <kind>object</kind>
         <file>usb.obj</file>
         <name>usb.obj</name>
      </input_file>
      <input_file id="fl-10">
         <path>.\lib\</path>
         <kind>object</kind>
         <file>usb_hal.obj</file>
         <name>usb_hal.obj</name>
      </input_file>
      <input_file id="fl-11">
         <path>.\uC-CPU\C28x\CCS\</path>
         <kind>object</kind>
         <file>cpu_a.obj</file>
         <name>cpu_a.obj</name>
      </input_file>
      <input_file id="fl-12">
         <path>.\uC-CPU\C28x\CCS\</path>
         <kind>object</kind>
         <file>cpu_c.obj</file>
         <name>cpu_c.obj</name>
      </input_file>
      <input_file id="fl-13">
         <path>.\uC-CPU\</path>
         <kind>object</kind>
         <file>cpu_core.obj</file>
         <name>cpu_core.obj</name>
      </input_file>
      <input_file id="fl-14">
         <path>.\uC-LIB\</path>
         <kind>object</kind>
         <file>lib_ascii.obj</file>
         <name>lib_ascii.obj</name>
      </input_file>
      <input_file id="fl-15">
         <path>.\uC-LIB\</path>
         <kind>object</kind>
         <file>lib_math.obj</file>
         <name>lib_math.obj</name>
      </input_file>
      <input_file id="fl-16">
         <path>.\uC-LIB\</path>
         <kind>object</kind>
         <file>lib_mem.obj</file>
         <name>lib_mem.obj</name>
      </input_file>
      <input_file id="fl-17">
         <path>.\uC-LIB\</path>
         <kind>object</kind>
         <file>lib_str.obj</file>
         <name>lib_str.obj</name>
      </input_file>
      <input_file id="fl-18">
         <path>.\uCOS-II\Ports\C28x\Generic\CCS\</path>
         <kind>object</kind>
         <file>os_cpu_a.obj</file>
         <name>os_cpu_a.obj</name>
      </input_file>
      <input_file id="fl-19">
         <path>.\uCOS-II\Ports\C28x\Generic\CCS\</path>
         <kind>object</kind>
         <file>os_cpu_c.obj</file>
         <name>os_cpu_c.obj</name>
      </input_file>
      <input_file id="fl-1a">
         <path>.\uCOS-II\Ports\C28x\Generic\CCS\</path>
         <kind>object</kind>
         <file>os_cpu_i.obj</file>
         <name>os_cpu_i.obj</name>
      </input_file>
      <input_file id="fl-1b">
         <path>.\uCOS-II\Ports\C28x\Generic\CCS\</path>
         <kind>object</kind>
         <file>os_dbg.obj</file>
         <name>os_dbg.obj</name>
      </input_file>
      <input_file id="fl-1c">
         <path>.\uCOS-II\Source\</path>
         <kind>object</kind>
         <file>os_core.obj</file>
         <name>os_core.obj</name>
      </input_file>
      <input_file id="fl-1d">
         <path>.\uCOS-II\Source\</path>
         <kind>object</kind>
         <file>os_flag.obj</file>
         <name>os_flag.obj</name>
      </input_file>
      <input_file id="fl-1e">
         <path>.\uCOS-II\Source\</path>
         <kind>object</kind>
         <file>os_mbox.obj</file>
         <name>os_mbox.obj</name>
      </input_file>
      <input_file id="fl-1f">
         <path>.\uCOS-II\Source\</path>
         <kind>object</kind>
         <file>os_mem.obj</file>
         <name>os_mem.obj</name>
      </input_file>
      <input_file id="fl-20">
         <path>.\uCOS-II\Source\</path>
         <kind>object</kind>
         <file>os_mutex.obj</file>
         <name>os_mutex.obj</name>
      </input_file>
      <input_file id="fl-21">
         <path>.\uCOS-II\Source\</path>
         <kind>object</kind>
         <file>os_q.obj</file>
         <name>os_q.obj</name>
      </input_file>
      <input_file id="fl-22">
         <path>.\uCOS-II\Source\</path>
         <kind>object</kind>
         <file>os_sem.obj</file>
         <name>os_sem.obj</name>
      </input_file>
      <input_file id="fl-23">
         <path>.\uCOS-II\Source\</path>
         <kind>object</kind>
         <file>os_task.obj</file>
         <name>os_task.obj</name>
      </input_file>
      <input_file id="fl-24">
         <path>.\uCOS-II\Source\</path>
         <kind>object</kind>
         <file>os_time.obj</file>
         <name>os_time.obj</name>
      </input_file>
      <input_file id="fl-25">
         <path>.\uCOS-II\Source\</path>
         <kind>object</kind>
         <file>os_tmr.obj</file>
         <name>os_tmr.obj</name>
      </input_file>
      <input_file id="fl-2d">
         <path>..\</path>
         <kind>archive</kind>
         <file>driverlib.lib</file>
         <name>interrupt.obj</name>
      </input_file>
      <input_file id="fl-2e">
         <path>..\</path>
         <kind>archive</kind>
         <file>driverlib.lib</file>
         <name>uart.obj</name>
      </input_file>
      <input_file id="fl-2f">
         <path>..\</path>
         <kind>archive</kind>
         <file>usblib.lib</file>
         <name>usbbuffer.obj</name>
      </input_file>
      <input_file id="fl-30">
         <path>..\</path>
         <kind>archive</kind>
         <file>usblib.lib</file>
         <name>usbmode.obj</name>
      </input_file>
      <input_file id="fl-31">
         <path>..\</path>
         <kind>archive</kind>
         <file>usblib.lib</file>
         <name>usbringbuf.obj</name>
      </input_file>
      <input_file id="fl-32">
         <path>..\</path>
         <kind>archive</kind>
         <file>usblib.lib</file>
         <name>usbtick.obj</name>
      </input_file>
      <input_file id="fl-33">
         <path>..\</path>
         <kind>archive</kind>
         <file>usblib.lib</file>
         <name>usbdbulk.obj</name>
      </input_file>
      <input_file id="fl-34">
         <path>..\</path>
         <kind>archive</kind>
         <file>usblib.lib</file>
         <name>usbdenum.obj</name>
      </input_file>
      <input_file id="fl-35">
         <path>..\</path>
         <kind>archive</kind>
         <file>usblib.lib</file>
         <name>usbdhandler.obj</name>
      </input_file>
      <input_file id="fl-36">
         <path>..\</path>
         <kind>archive</kind>
         <file>usblib.lib</file>
         <name>usbhostenum.obj</name>
      </input_file>
      <input_file id="fl-37">
         <path>..\</path>
         <kind>archive</kind>
         <file>usblib.lib</file>
         <name>usbdesc.obj</name>
      </input_file>
      <input_file id="fl-38">
         <path>..\</path>
         <kind>archive</kind>
         <file>usblib.lib</file>
         <name>usbdma.obj</name>
      </input_file>
      <input_file id="fl-39">
         <path>..\</path>
         <kind>archive</kind>
         <file>usblib.lib</file>
         <name>usbdcdesc.obj</name>
      </input_file>
      <input_file id="fl-3a">
         <path>..\</path>
         <kind>archive</kind>
         <file>usblib.lib</file>
         <name>usbdconfig.obj</name>
      </input_file>
      <input_file id="fl-3b">
         <path>..\</path>
         <kind>archive</kind>
         <file>usblib.lib</file>
         <name>usbhhub.obj</name>
      </input_file>
      <input_file id="fl-49">
         <path>C:\ti\ccsv7\tools\compiler\ti-cgt-c2000_16.9.1.LTS\lib\</path>
         <kind>archive</kind>
         <file>rts2800_fpu32.lib</file>
         <name>boot28.obj</name>
      </input_file>
      <input_file id="fl-4a">
         <path>C:\ti\ccsv7\tools\compiler\ti-cgt-c2000_16.9.1.LTS\lib\</path>
         <kind>archive</kind>
         <file>rts2800_fpu32.lib</file>
         <name>cpy_tbl.obj</name>
      </input_file>
      <input_file id="fl-4b">
         <path>C:\ti\ccsv7\tools\compiler\ti-cgt-c2000_16.9.1.LTS\lib\</path>
         <kind>archive</kind>
         <file>rts2800_fpu32.lib</file>
         <name>exit.obj</name>
      </input_file>
      <input_file id="fl-4c">
         <path>C:\ti\ccsv7\tools\compiler\ti-cgt-c2000_16.9.1.LTS\lib\</path>
         <kind>archive</kind>
         <file>rts2800_fpu32.lib</file>
         <name>fd_div28.obj</name>
      </input_file>
      <input_file id="fl-4d">
         <path>C:\ti\ccsv7\tools\compiler\ti-cgt-c2000_16.9.1.LTS\lib\</path>
         <kind>archive</kind>
         <file>rts2800_fpu32.lib</file>
         <name>fd_mpy28.obj</name>
      </input_file>
      <input_file id="fl-4e">
         <path>C:\ti\ccsv7\tools\compiler\ti-cgt-c2000_16.9.1.LTS\lib\</path>
         <kind>archive</kind>
         <file>rts2800_fpu32.lib</file>
         <name>fd_sub28.obj</name>
      </input_file>
      <input_file id="fl-4f">
         <path>C:\ti\ccsv7\tools\compiler\ti-cgt-c2000_16.9.1.LTS\lib\</path>
         <kind>archive</kind>
         <file>rts2800_fpu32.lib</file>
         <name>fd_toul28.obj</name>
      </input_file>
      <input_file id="fl-50">
         <path>C:\ti\ccsv7\tools\compiler\ti-cgt-c2000_16.9.1.LTS\lib\</path>
         <kind>archive</kind>
         <file>rts2800_fpu32.lib</file>
         <name>memcpy.obj</name>
      </input_file>
      <input_file id="fl-51">
         <path>C:\ti\ccsv7\tools\compiler\ti-cgt-c2000_16.9.1.LTS\lib\</path>
         <kind>archive</kind>
         <file>rts2800_fpu32.lib</file>
         <name>pre_init.obj</name>
      </input_file>
      <input_file id="fl-52">
         <path>C:\ti\ccsv7\tools\compiler\ti-cgt-c2000_16.9.1.LTS\lib\</path>
         <kind>archive</kind>
         <file>rts2800_fpu32.lib</file>
         <name>startup.obj</name>
      </input_file>
      <input_file id="fl-53">
         <path>C:\ti\ccsv7\tools\compiler\ti-cgt-c2000_16.9.1.LTS\lib\</path>
         <kind>archive</kind>
         <file>rts2800_fpu32.lib</file>
         <name>ul_tofd28.obj</name>
      </input_file>
      <input_file id="fl-54">
         <path>C:\ti\ccsv7\tools\compiler\ti-cgt-c2000_16.9.1.LTS\lib\</path>
         <kind>archive</kind>
         <file>rts2800_fpu32.lib</file>
         <name>_lock.obj</name>
      </input_file>
      <input_file id="fl-55">
         <path>C:\ti\ccsv7\tools\compiler\ti-cgt-c2000_16.9.1.LTS\lib\</path>
         <kind>archive</kind>
         <file>rts2800_fpu32.lib</file>
         <name>args_main.obj</name>
      </input_file>
      <input_file id="fl-56">
         <path>C:\ti\ccsv7\tools\compiler\ti-cgt-c2000_16.9.1.LTS\lib\</path>
         <kind>archive</kind>
         <file>rts2800_fpu32.lib</file>
         <name>fd_add28.obj</name>
      </input_file>
   </input_file_list>
   <object_component_list>
      <object_component id="oc-17e">
         <name>.cinit</name>
         <load_address>0x3f43fa</load_address>
         <run_address>0x3f43fa</run_address>
         <size>0x46</size>
         <input_file_ref idref="fl-36"/>
      </object_component>
      <object_component id="oc-16b">
         <name>.cinit</name>
         <load_address>0x3f4440</load_address>
         <run_address>0x3f4440</run_address>
         <size>0x28</size>
         <input_file_ref idref="fl-33"/>
      </object_component>
      <object_component id="oc-55">
         <name>.cinit</name>
         <load_address>0x3f4468</load_address>
         <run_address>0x3f4468</run_address>
         <size>0x13</size>
         <input_file_ref idref="fl-3"/>
      </object_component>
      <object_component id="oc-1ab">
         <name>.cinit</name>
         <load_address>0x3f447b</load_address>
         <run_address>0x3f447b</run_address>
         <size>0xe</size>
         <input_file_ref idref="fl-4b"/>
      </object_component>
      <object_component id="oc-164">
         <name>.cinit</name>
         <load_address>0x3f4489</load_address>
         <run_address>0x3f4489</run_address>
         <size>0xe</size>
         <input_file_ref idref="fl-32"/>
      </object_component>
      <object_component id="oc-158">
         <name>.cinit</name>
         <load_address>0x3f4497</load_address>
         <run_address>0x3f4497</run_address>
         <size>0xd</size>
         <input_file_ref idref="fl-30"/>
      </object_component>
      <object_component id="oc-59">
         <name>.cinit</name>
         <load_address>0x3f44a4</load_address>
         <run_address>0x3f44a4</run_address>
         <size>0xc</size>
         <input_file_ref idref="fl-4"/>
      </object_component>
      <object_component id="oc-c4">
         <name>.cinit</name>
         <load_address>0x3f44b0</load_address>
         <run_address>0x3f44b0</run_address>
         <size>0x9</size>
         <input_file_ref idref="fl-e"/>
      </object_component>
      <object_component id="oc-1fc">
         <name>.cinit:__lock</name>
         <load_address>0x3f44b9</load_address>
         <run_address>0x3f44b9</run_address>
         <size>0x5</size>
         <input_file_ref idref="fl-54"/>
      </object_component>
      <object_component id="oc-21d">
         <name>.cinit:__unlock</name>
         <load_address>0x3f44be</load_address>
         <run_address>0x3f44be</run_address>
         <size>0x5</size>
         <input_file_ref idref="fl-54"/>
      </object_component>
      <object_component id="oc-172">
         <name>.cinit</name>
         <load_address>0x3f44c3</load_address>
         <run_address>0x3f44c3</run_address>
         <size>0x5</size>
         <input_file_ref idref="fl-34"/>
      </object_component>
      <object_component id="oc-1f4">
         <name>.text</name>
         <load_address>0x3d8000</load_address>
         <run_address>0x3d8000</run_address>
         <size>0x15d5</size>
         <input_file_ref idref="fl-36"/>
      </object_component>
      <object_component id="oc-20f">
         <name>.text</name>
         <load_address>0x3d95d5</load_address>
         <run_address>0x3d95d5</run_address>
         <size>0x844</size>
         <input_file_ref idref="fl-34"/>
      </object_component>
      <object_component id="oc-20e">
         <name>.text</name>
         <load_address>0x3d9e19</load_address>
         <run_address>0x3d9e19</run_address>
         <size>0x840</size>
         <input_file_ref idref="fl-f"/>
      </object_component>
      <object_component id="oc-1f1">
         <name>.text</name>
         <load_address>0x3da659</load_address>
         <run_address>0x3da659</run_address>
         <size>0x7a4</size>
         <input_file_ref idref="fl-1c"/>
      </object_component>
      <object_component id="oc-20c">
         <name>.text</name>
         <load_address>0x3dadfd</load_address>
         <run_address>0x3dadfd</run_address>
         <size>0x5ca</size>
         <input_file_ref idref="fl-23"/>
      </object_component>
      <object_component id="oc-206">
         <name>.text</name>
         <load_address>0x3db3c7</load_address>
         <run_address>0x3db3c7</run_address>
         <size>0x4f3</size>
         <input_file_ref idref="fl-1d"/>
      </object_component>
      <object_component id="oc-211">
         <name>.text</name>
         <load_address>0x3db8ba</load_address>
         <run_address>0x3db8ba</run_address>
         <size>0x3fe</size>
         <input_file_ref idref="fl-3b"/>
      </object_component>
      <object_component id="oc-1ff">
         <name>.text</name>
         <load_address>0x3dbcb8</load_address>
         <run_address>0x3dbcb8</run_address>
         <size>0x321</size>
         <input_file_ref idref="fl-33"/>
      </object_component>
      <object_component id="oc-1e9">
         <name>.text</name>
         <load_address>0x3dbfd9</load_address>
         <run_address>0x3dbfd9</run_address>
         <size>0x24</size>
         <input_file_ref idref="fl-4a"/>
      </object_component>
      <object_component id="oc-1e8">
         <name>.text</name>
         <load_address>0x3dbffd</load_address>
         <run_address>0x3dbffd</run_address>
         <size>0x2</size>
         <input_file_ref idref="fl-51"/>
      </object_component>
      <object_component id="oc-1ea">
         <name>.text</name>
         <load_address>0x3dbfff</load_address>
         <run_address>0x3dbfff</run_address>
         <size>0x1</size>
         <input_file_ref idref="fl-52"/>
      </object_component>
      <object_component id="oc-208">
         <name>.text</name>
         <load_address>0x3dc000</load_address>
         <run_address>0x3dc000</run_address>
         <size>0x3fc</size>
         <input_file_ref idref="fl-21"/>
      </object_component>
      <object_component id="oc-1ed">
         <name>.text</name>
         <load_address>0x3dc3fc</load_address>
         <run_address>0x3dc3fc</run_address>
         <size>0x257</size>
         <input_file_ref idref="fl-2f"/>
      </object_component>
      <object_component id="oc-1f5">
         <name>.text</name>
         <load_address>0x3dc653</load_address>
         <run_address>0x3dc653</run_address>
         <size>0x255</size>
         <input_file_ref idref="fl-30"/>
      </object_component>
      <object_component id="oc-21a">
         <name>.text</name>
         <load_address>0x3dc8a8</load_address>
         <run_address>0x3dc8a8</run_address>
         <size>0x21f</size>
         <input_file_ref idref="fl-22"/>
      </object_component>
      <object_component id="oc-223">
         <name>.text</name>
         <load_address>0x3dcac7</load_address>
         <run_address>0x3dcac7</run_address>
         <size>0x1fd</size>
         <input_file_ref idref="fl-3a"/>
      </object_component>
      <object_component id="oc-210">
         <name>.text</name>
         <load_address>0x3dccc4</load_address>
         <run_address>0x3dccc4</run_address>
         <size>0x19d</size>
         <input_file_ref idref="fl-2d"/>
      </object_component>
      <object_component id="oc-207">
         <name>.text</name>
         <load_address>0x3dce61</load_address>
         <run_address>0x3dce61</run_address>
         <size>0x194</size>
         <input_file_ref idref="fl-1f"/>
      </object_component>
      <object_component id="oc-222">
         <name>.text</name>
         <load_address>0x3dcff5</load_address>
         <run_address>0x3dcff5</run_address>
         <size>0x150</size>
         <input_file_ref idref="fl-39"/>
      </object_component>
      <object_component id="oc-1fd">
         <name>.text</name>
         <load_address>0x3dd145</load_address>
         <run_address>0x3dd145</run_address>
         <size>0x146</size>
         <input_file_ref idref="fl-31"/>
      </object_component>
      <object_component id="oc-21b">
         <name>.text</name>
         <load_address>0x3dd28b</load_address>
         <run_address>0x3dd28b</run_address>
         <size>0x145</size>
         <input_file_ref idref="fl-5"/>
      </object_component>
      <object_component id="oc-1f6">
         <name>.text</name>
         <load_address>0x3dd3d0</load_address>
         <run_address>0x3dd3d0</run_address>
         <size>0x13f</size>
         <input_file_ref idref="fl-19"/>
      </object_component>
      <object_component id="oc-1fe">
         <name>.text</name>
         <load_address>0x3dd50f</load_address>
         <run_address>0x3dd50f</run_address>
         <size>0x138</size>
         <input_file_ref idref="fl-4"/>
      </object_component>
      <object_component id="oc-20a">
         <name>.text</name>
         <load_address>0x3dd647</load_address>
         <run_address>0x3dd647</run_address>
         <size>0x10e</size>
         <input_file_ref idref="fl-24"/>
      </object_component>
      <object_component id="oc-1fa">
         <name>.text</name>
         <load_address>0x3dd755</load_address>
         <run_address>0x3dd755</run_address>
         <size>0xd3</size>
         <input_file_ref idref="fl-2"/>
      </object_component>
      <object_component id="oc-218">
         <name>.text</name>
         <load_address>0x3dd828</load_address>
         <run_address>0x3dd828</run_address>
         <size>0xd3</size>
         <input_file_ref idref="fl-8"/>
      </object_component>
      <object_component id="oc-212">
         <name>.text</name>
         <load_address>0x3dd8fb</load_address>
         <run_address>0x3dd8fb</run_address>
         <size>0xd2</size>
         <input_file_ref idref="fl-38"/>
      </object_component>
      <object_component id="oc-217">
         <name>.text</name>
         <load_address>0x3dd9cd</load_address>
         <run_address>0x3dd9cd</run_address>
         <size>0xcb</size>
         <input_file_ref idref="fl-13"/>
      </object_component>
      <object_component id="oc-215">
         <name>.text</name>
         <load_address>0x3dda98</load_address>
         <run_address>0x3dda98</run_address>
         <size>0xcb</size>
         <input_file_ref idref="fl-37"/>
      </object_component>
      <object_component id="oc-214">
         <name>.text</name>
         <load_address>0x3ddb63</load_address>
         <run_address>0x3ddb63</run_address>
         <size>0xac</size>
         <input_file_ref idref="fl-d"/>
      </object_component>
      <object_component id="oc-1f2">
         <name>.text</name>
         <load_address>0x3ddc0f</load_address>
         <run_address>0x3ddc0f</run_address>
         <size>0xab</size>
         <input_file_ref idref="fl-9"/>
      </object_component>
      <object_component id="oc-ff">
         <name>.text</name>
         <load_address>0x3ddcba</load_address>
         <run_address>0x3ddcba</run_address>
         <size>0xa4</size>
         <input_file_ref idref="fl-18"/>
      </object_component>
      <object_component id="oc-d2">
         <name>.text:retain</name>
         <load_address>0x3ddd5e</load_address>
         <run_address>0x3ddd5e</run_address>
         <size>0xa2</size>
         <input_file_ref idref="fl-10"/>
      </object_component>
      <object_component id="oc-1e3">
         <name>.text</name>
         <load_address>0x3dde00</load_address>
         <run_address>0x3dde00</run_address>
         <size>0x9c</size>
         <input_file_ref idref="fl-56"/>
      </object_component>
      <object_component id="oc-209">
         <name>.text</name>
         <load_address>0x3dde9c</load_address>
         <run_address>0x3dde9c</run_address>
         <size>0x8d</size>
         <input_file_ref idref="fl-1b"/>
      </object_component>
      <object_component id="oc-1b1">
         <name>.text</name>
         <load_address>0x3ddf29</load_address>
         <run_address>0x3ddf29</run_address>
         <size>0x8b</size>
         <input_file_ref idref="fl-4c"/>
      </object_component>
      <object_component id="oc-1b6">
         <name>.text</name>
         <load_address>0x3ddfb4</load_address>
         <run_address>0x3ddfb4</run_address>
         <size>0x83</size>
         <input_file_ref idref="fl-4d"/>
      </object_component>
      <object_component id="oc-213">
         <name>.text</name>
         <load_address>0x3de037</load_address>
         <run_address>0x3de037</run_address>
         <size>0x82</size>
         <input_file_ref idref="fl-32"/>
      </object_component>
      <object_component id="oc-20d">
         <name>.text</name>
         <load_address>0x3de0b9</load_address>
         <run_address>0x3de0b9</run_address>
         <size>0x73</size>
         <input_file_ref idref="fl-12"/>
      </object_component>
      <object_component id="oc-219">
         <name>.text</name>
         <load_address>0x3de12c</load_address>
         <run_address>0x3de12c</run_address>
         <size>0x57</size>
         <input_file_ref idref="fl-a"/>
      </object_component>
      <object_component id="oc-4d">
         <name>.text</name>
         <load_address>0x3de183</load_address>
         <run_address>0x3de183</run_address>
         <size>0x56</size>
         <input_file_ref idref="fl-49"/>
      </object_component>
      <object_component id="oc-77">
         <name>.text:retain</name>
         <load_address>0x3de1d9</load_address>
         <run_address>0x3de1d9</run_address>
         <size>0x4a</size>
         <input_file_ref idref="fl-9"/>
      </object_component>
      <object_component id="oc-6b">
         <name>.text:retain</name>
         <load_address>0x3de223</load_address>
         <run_address>0x3de223</run_address>
         <size>0x43</size>
         <input_file_ref idref="fl-7"/>
      </object_component>
      <object_component id="oc-225">
         <name>.text</name>
         <load_address>0x3de266</load_address>
         <run_address>0x3de266</run_address>
         <size>0x31</size>
         <input_file_ref idref="fl-7"/>
      </object_component>
      <object_component id="oc-1ec">
         <name>.text</name>
         <load_address>0x3de297</load_address>
         <run_address>0x3de297</run_address>
         <size>0x29</size>
         <input_file_ref idref="fl-4b"/>
      </object_component>
      <object_component id="oc-d8">
         <name>.text</name>
         <load_address>0x3de2c0</load_address>
         <run_address>0x3de2c0</run_address>
         <size>0x1f</size>
         <input_file_ref idref="fl-11"/>
      </object_component>
      <object_component id="oc-1f9">
         <name>.text</name>
         <load_address>0x3de2df</load_address>
         <run_address>0x3de2df</run_address>
         <size>0x1e</size>
         <input_file_ref idref="fl-50"/>
      </object_component>
      <object_component id="oc-1c0">
         <name>.text</name>
         <load_address>0x3de2fd</load_address>
         <run_address>0x3de2fd</run_address>
         <size>0x1b</size>
         <input_file_ref idref="fl-4f"/>
      </object_component>
      <object_component id="oc-1eb">
         <name>.text</name>
         <load_address>0x3de318</load_address>
         <run_address>0x3de318</run_address>
         <size>0x19</size>
         <input_file_ref idref="fl-55"/>
      </object_component>
      <object_component id="oc-1d4">
         <name>.text</name>
         <load_address>0x3de331</load_address>
         <run_address>0x3de331</run_address>
         <size>0x16</size>
         <input_file_ref idref="fl-53"/>
      </object_component>
      <object_component id="oc-1f3">
         <name>.text</name>
         <load_address>0x3de347</load_address>
         <run_address>0x3de347</run_address>
         <size>0x12</size>
         <input_file_ref idref="fl-35"/>
      </object_component>
      <object_component id="oc-64">
         <name>.text</name>
         <load_address>0x3de359</load_address>
         <run_address>0x3de359</run_address>
         <size>0xf</size>
         <input_file_ref idref="fl-6"/>
      </object_component>
      <object_component id="oc-1bb">
         <name>.text</name>
         <load_address>0x3de368</load_address>
         <run_address>0x3de368</run_address>
         <size>0xe</size>
         <input_file_ref idref="fl-4e"/>
      </object_component>
      <object_component id="oc-148">
         <name>.text:retain</name>
         <load_address>0x3de376</load_address>
         <run_address>0x3de376</run_address>
         <size>0xd</size>
         <input_file_ref idref="fl-2d"/>
      </object_component>
      <object_component id="oc-21c">
         <name>.text</name>
         <load_address>0x3de383</load_address>
         <run_address>0x3de383</run_address>
         <size>0x9</size>
         <input_file_ref idref="fl-54"/>
      </object_component>
      <object_component id="oc-65">
         <name>ram_start</name>
         <load_address>0x3f7ff6</load_address>
         <run_address>0x3f7ff6</run_address>
         <size>0x2</size>
         <input_file_ref idref="fl-6"/>
      </object_component>
      <object_component id="oc-19f">
         <name>.stack</name>
         <uninitialized>true</uninitialized>
         <run_address>0x400</run_address>
         <size>0x0</size>
         <input_file_ref idref="fl-49"/>
      </object_component>
      <object_component id="oc-286">
         <name>.stack</name>
         <uninitialized>true</uninitialized>
         <run_address>0x400</run_address>
         <size>0x0</size>
      </object_component>
      <object_component id="oc-17f">
         <name>.ebss</name>
         <uninitialized>true</uninitialized>
         <run_address>0x9000</run_address>
         <size>0x38e</size>
         <input_file_ref idref="fl-36"/>
      </object_component>
      <object_component id="oc-165">
         <name>.ebss</name>
         <uninitialized>true</uninitialized>
         <run_address>0x938e</run_address>
         <size>0x1e</size>
         <input_file_ref idref="fl-32"/>
      </object_component>
      <object_component id="oc-159">
         <name>.ebss</name>
         <uninitialized>true</uninitialized>
         <run_address>0x93ac</run_address>
         <size>0xa</size>
         <input_file_ref idref="fl-30"/>
      </object_component>
      <object_component id="oc-1ac">
         <name>.ebss</name>
         <uninitialized>true</uninitialized>
         <run_address>0x93b6</run_address>
         <size>0x6</size>
         <input_file_ref idref="fl-4b"/>
      </object_component>
      <object_component id="oc-c5">
         <name>.ebss</name>
         <uninitialized>true</uninitialized>
         <run_address>0x93bc</run_address>
         <size>0x4</size>
         <input_file_ref idref="fl-e"/>
      </object_component>
      <object_component id="oc-56">
         <name>.ebss</name>
         <uninitialized>true</uninitialized>
         <run_address>0x93c0</run_address>
         <size>0x280</size>
         <input_file_ref idref="fl-3"/>
      </object_component>
      <object_component id="oc-5a">
         <name>.ebss</name>
         <uninitialized>true</uninitialized>
         <run_address>0x9640</run_address>
         <size>0x142</size>
         <input_file_ref idref="fl-4"/>
      </object_component>
      <object_component id="oc-226">
         <name>.ebss:__unlock</name>
         <uninitialized>true</uninitialized>
         <run_address>0x9782</run_address>
         <size>0x2</size>
         <input_file_ref idref="fl-54"/>
      </object_component>
      <object_component id="oc-ee">
         <name>.ebss</name>
         <uninitialized>true</uninitialized>
         <run_address>0x9784</run_address>
         <size>0x2</size>
         <input_file_ref idref="fl-15"/>
      </object_component>
      <object_component id="oc-18a">
         <name>.ebss</name>
         <uninitialized>true</uninitialized>
         <run_address>0x97c0</run_address>
         <size>0x8c</size>
         <input_file_ref idref="fl-38"/>
      </object_component>
      <object_component id="oc-173">
         <name>.ebss</name>
         <uninitialized>true</uninitialized>
         <run_address>0x9880</run_address>
         <size>0x80</size>
         <input_file_ref idref="fl-34"/>
      </object_component>
      <object_component id="oc-4f">
         <name>.ebss</name>
         <uninitialized>true</uninitialized>
         <run_address>0xa000</run_address>
         <size>0x1640</size>
         <input_file_ref idref="fl-2"/>
      </object_component>
      <object_component id="oc-110">
         <name>.ebss</name>
         <uninitialized>true</uninitialized>
         <run_address>0xb640</run_address>
         <size>0x860</size>
         <input_file_ref idref="fl-1c"/>
      </object_component>
      <object_component id="oc-16c">
         <name>.ebss</name>
         <uninitialized>true</uninitialized>
         <run_address>0xbea0</run_address>
         <size>0x1f</size>
         <input_file_ref idref="fl-33"/>
      </object_component>
      <object_component id="oc-ba">
         <name>.ebss</name>
         <uninitialized>true</uninitialized>
         <run_address>0xbec0</run_address>
         <size>0x100</size>
         <input_file_ref idref="fl-c"/>
      </object_component>
      <object_component id="oc-19a">
         <name>.ebss</name>
         <uninitialized>true</uninitialized>
         <run_address>0xbfc0</run_address>
         <size>0x3e</size>
         <input_file_ref idref="fl-3b"/>
      </object_component>
      <object_component id="oc-1fb">
         <name>.ebss:__lock</name>
         <uninitialized>true</uninitialized>
         <run_address>0xbffe</run_address>
         <size>0x2</size>
         <input_file_ref idref="fl-54"/>
      </object_component>
      <object_component id="oc-f4">
         <name>.ebss</name>
         <uninitialized>true</uninitialized>
         <run_address>0xc000</run_address>
         <size>0x1040</size>
         <input_file_ref idref="fl-16"/>
      </object_component>
      <object_component id="oc-224">
         <name>.econst:.string:_CPU_CntLeadZerosTbl</name>
         <load_address>0x3f4000</load_address>
         <run_address>0x3f4000</run_address>
         <size>0x100</size>
         <input_file_ref idref="fl-13"/>
      </object_component>
      <object_component id="oc-20b">
         <name>.econst:.string:_OSUnMapTbl</name>
         <load_address>0x3f4100</load_address>
         <run_address>0x3f4100</run_address>
         <size>0x100</size>
         <input_file_ref idref="fl-1c"/>
      </object_component>
      <object_component id="oc-f5">
         <name>.econst:.string</name>
         <load_address>0x3f4200</load_address>
         <run_address>0x3f4200</run_address>
         <size>0x3b</size>
         <input_file_ref idref="fl-16"/>
      </object_component>
      <object_component id="oc-10a">
         <name>.econst</name>
         <load_address>0x3f423c</load_address>
         <run_address>0x3f423c</run_address>
         <size>0x3a</size>
         <input_file_ref idref="fl-1b"/>
      </object_component>
      <object_component id="oc-205">
         <name>.econst:_g_pui8ConfigString</name>
         <load_address>0x3f4276</load_address>
         <run_address>0x3f4276</run_address>
         <size>0x2a</size>
         <input_file_ref idref="fl-3"/>
      </object_component>
      <object_component id="oc-c7">
         <name>.econst:.string</name>
         <load_address>0x3f42a0</load_address>
         <run_address>0x3f42a0</run_address>
         <size>0x22</size>
         <input_file_ref idref="fl-e"/>
      </object_component>
      <object_component id="oc-204">
         <name>.econst:_g_pui8DataInterfaceString</name>
         <load_address>0x3f42c2</load_address>
         <run_address>0x3f42c2</run_address>
         <size>0x22</size>
         <input_file_ref idref="fl-3"/>
      </object_component>
      <object_component id="oc-202">
         <name>.econst:_g_pui8ProductString</name>
         <load_address>0x3f42e4</load_address>
         <run_address>0x3f42e4</run_address>
         <size>0x22</size>
         <input_file_ref idref="fl-3"/>
      </object_component>
      <object_component id="oc-111">
         <name>.econst:.string</name>
         <load_address>0x3f4306</load_address>
         <run_address>0x3f4306</run_address>
         <size>0x1e</size>
         <input_file_ref idref="fl-1c"/>
      </object_component>
      <object_component id="oc-221">
         <name>.econst:_g_psUSBDStdRequests</name>
         <load_address>0x3f4324</load_address>
         <run_address>0x3f4324</run_address>
         <size>0x1a</size>
         <input_file_ref idref="fl-34"/>
      </object_component>
      <object_component id="oc-21e">
         <name>.econst:_g_sBulkHandlers</name>
         <load_address>0x3f433e</load_address>
         <run_address>0x3f433e</run_address>
         <size>0x18</size>
         <input_file_ref idref="fl-33"/>
      </object_component>
      <object_component id="oc-216">
         <name>.econst:_g_pui8BulkInterface</name>
         <load_address>0x3f4356</load_address>
         <run_address>0x3f4356</run_address>
         <size>0x17</size>
         <input_file_ref idref="fl-33"/>
      </object_component>
      <object_component id="oc-201">
         <name>.econst:_g_pui8ManufacturerString</name>
         <load_address>0x3f436d</load_address>
         <run_address>0x3f436d</run_address>
         <size>0x16</size>
         <input_file_ref idref="fl-3"/>
      </object_component>
      <object_component id="oc-203">
         <name>.econst:_g_pui8SerialNumberString</name>
         <load_address>0x3f4383</load_address>
         <run_address>0x3f4383</run_address>
         <size>0x12</size>
         <input_file_ref idref="fl-3"/>
      </object_component>
      <object_component id="oc-1ee">
         <name>.econst:_g_sRxBuffer</name>
         <load_address>0x3f4396</load_address>
         <run_address>0x3f4396</run_address>
         <size>0x12</size>
         <input_file_ref idref="fl-3"/>
      </object_component>
      <object_component id="oc-1ef">
         <name>.econst:_g_sTxBuffer</name>
         <load_address>0x3f43a8</load_address>
         <run_address>0x3f43a8</run_address>
         <size>0x12</size>
         <input_file_ref idref="fl-3"/>
      </object_component>
      <object_component id="oc-d3">
         <name>.econst</name>
         <load_address>0x3f43ba</load_address>
         <run_address>0x3f43ba</run_address>
         <size>0x10</size>
         <input_file_ref idref="fl-10"/>
      </object_component>
      <object_component id="oc-1f0">
         <name>.econst:_g_ppui8StringDescriptors</name>
         <load_address>0x3f43ca</load_address>
         <run_address>0x3f43ca</run_address>
         <size>0xc</size>
         <input_file_ref idref="fl-3"/>
      </object_component>
      <object_component id="oc-200">
         <name>.econst:_g_pui8LangDescriptor</name>
         <load_address>0x3f43d6</load_address>
         <run_address>0x3f43d6</run_address>
         <size>0x4</size>
         <input_file_ref idref="fl-3"/>
      </object_component>
      <object_component id="oc-227">
         <name>.econst:_g_sBulkConfigHeader</name>
         <load_address>0x3f43da</load_address>
         <run_address>0x3f43da</run_address>
         <size>0x4</size>
         <input_file_ref idref="fl-33"/>
      </object_component>
      <object_component id="oc-1f7">
         <name>.econst:_g_sBulkConfigSection</name>
         <load_address>0x3f43de</load_address>
         <run_address>0x3f43de</run_address>
         <size>0x4</size>
         <input_file_ref idref="fl-33"/>
      </object_component>
      <object_component id="oc-1f8">
         <name>.econst:_g_sBulkInterfaceSection</name>
         <load_address>0x3f43e2</load_address>
         <run_address>0x3f43e2</run_address>
         <size>0x4</size>
         <input_file_ref idref="fl-33"/>
      </object_component>
      <object_component id="oc-117">
         <name>.econst:.string</name>
         <load_address>0x3f43e6</load_address>
         <run_address>0x3f43e6</run_address>
         <size>0x2</size>
         <input_file_ref idref="fl-1d"/>
      </object_component>
      <object_component id="oc-11d">
         <name>.econst:.string</name>
         <load_address>0x3f43e8</load_address>
         <run_address>0x3f43e8</run_address>
         <size>0x2</size>
         <input_file_ref idref="fl-1e"/>
      </object_component>
      <object_component id="oc-123">
         <name>.econst:.string</name>
         <load_address>0x3f43ea</load_address>
         <run_address>0x3f43ea</run_address>
         <size>0x2</size>
         <input_file_ref idref="fl-1f"/>
      </object_component>
      <object_component id="oc-129">
         <name>.econst:.string</name>
         <load_address>0x3f43ec</load_address>
         <run_address>0x3f43ec</run_address>
         <size>0x2</size>
         <input_file_ref idref="fl-20"/>
      </object_component>
      <object_component id="oc-12f">
         <name>.econst:.string</name>
         <load_address>0x3f43ee</load_address>
         <run_address>0x3f43ee</run_address>
         <size>0x2</size>
         <input_file_ref idref="fl-21"/>
      </object_component>
      <object_component id="oc-135">
         <name>.econst:.string</name>
         <load_address>0x3f43f0</load_address>
         <run_address>0x3f43f0</run_address>
         <size>0x2</size>
         <input_file_ref idref="fl-22"/>
      </object_component>
      <object_component id="oc-13b">
         <name>.econst:.string</name>
         <load_address>0x3f43f2</load_address>
         <run_address>0x3f43f2</run_address>
         <size>0x2</size>
         <input_file_ref idref="fl-23"/>
      </object_component>
      <object_component id="oc-21f">
         <name>.econst:_g_ppBulkConfigDescriptors</name>
         <load_address>0x3f43f4</load_address>
         <run_address>0x3f43f4</run_address>
         <size>0x2</size>
         <input_file_ref idref="fl-33"/>
      </object_component>
      <object_component id="oc-e3">
         <name>.econst</name>
         <load_address>0x3f43f6</load_address>
         <run_address>0x3f43f6</run_address>
         <size>0x2</size>
         <input_file_ref idref="fl-13"/>
      </object_component>
      <object_component id="oc-c6">
         <name>.econst</name>
         <load_address>0x3f43f8</load_address>
         <run_address>0x3f43f8</run_address>
         <size>0x2</size>
         <input_file_ref idref="fl-e"/>
      </object_component>
      <object_component id="oc-220">
         <name>.switch:_CPU_IntSrcPendClr</name>
         <load_address>0x3f44ca</load_address>
         <run_address>0x3f44ca</run_address>
         <size>0x20</size>
         <input_file_ref idref="fl-12"/>
      </object_component>
      <object_component id="oc-1a0">
         <name>.reset</name>
         <load_address>0x3fffc0</load_address>
         <run_address>0x3fffc0</run_address>
         <size>0x2</size>
         <input_file_ref idref="fl-49"/>
      </object_component>
      <object_component id="oc-76">
         <name>pie_vram</name>
         <uninitialized>true</uninitialized>
         <run_address>0xd00</run_address>
         <size>0x100</size>
         <input_file_ref idref="fl-9"/>
      </object_component>
      <object_component id="oc-8a">
         <name>DevEmuRegsFile</name>
         <uninitialized>true</uninitialized>
         <run_address>0x880</run_address>
         <size>0x4</size>
         <input_file_ref idref="fl-c"/>
      </object_component>
      <object_component id="oc-89">
         <name>SysPwrCtrlRegsFile</name>
         <uninitialized>true</uninitialized>
         <run_address>0x985</run_address>
         <size>0x3</size>
         <input_file_ref idref="fl-c"/>
      </object_component>
      <object_component id="oc-8b">
         <name>FlashRegsFile</name>
         <uninitialized>true</uninitialized>
         <run_address>0xa80</run_address>
         <size>0x8</size>
         <input_file_ref idref="fl-c"/>
      </object_component>
      <object_component id="oc-95">
         <name>CsmRegsFile</name>
         <uninitialized>true</uninitialized>
         <run_address>0xae0</run_address>
         <size>0x10</size>
         <input_file_ref idref="fl-c"/>
      </object_component>
      <object_component id="oc-92">
         <name>AdcResultFile</name>
         <uninitialized>true</uninitialized>
         <run_address>0xb00</run_address>
         <size>0x10</size>
         <input_file_ref idref="fl-c"/>
      </object_component>
      <object_component id="oc-8c">
         <name>CpuTimer0RegsFile</name>
         <uninitialized>true</uninitialized>
         <run_address>0xc00</run_address>
         <size>0x8</size>
         <input_file_ref idref="fl-c"/>
      </object_component>
      <object_component id="oc-8f">
         <name>CpuTimer1RegsFile</name>
         <uninitialized>true</uninitialized>
         <run_address>0xc08</run_address>
         <size>0x8</size>
         <input_file_ref idref="fl-c"/>
      </object_component>
      <object_component id="oc-8d">
         <name>CpuTimer2RegsFile</name>
         <uninitialized>true</uninitialized>
         <run_address>0xc10</run_address>
         <size>0x8</size>
         <input_file_ref idref="fl-c"/>
      </object_component>
      <object_component id="oc-9b">
         <name>PieCtrlRegsFile</name>
         <uninitialized>true</uninitialized>
         <run_address>0xce0</run_address>
         <size>0x1a</size>
         <input_file_ref idref="fl-c"/>
      </object_component>
      <object_component id="oc-b0">
         <name>Cla1RegsFile</name>
         <uninitialized>true</uninitialized>
         <run_address>0x1400</run_address>
         <size>0x40</size>
         <input_file_ref idref="fl-c"/>
      </object_component>
      <object_component id="oc-b9">
         <name>DmaRegsFile</name>
         <uninitialized>true</uninitialized>
         <run_address>0x1000</run_address>
         <size>0xe0</size>
         <input_file_ref idref="fl-c"/>
      </object_component>
      <object_component id="oc-aa">
         <name>ECanaRegsFile</name>
         <uninitialized>true</uninitialized>
         <run_address>0x6000</run_address>
         <size>0x34</size>
         <input_file_ref idref="fl-c"/>
      </object_component>
      <object_component id="oc-ae">
         <name>ECanaLAMRegsFile</name>
         <uninitialized>true</uninitialized>
         <run_address>0x6040</run_address>
         <size>0x40</size>
         <input_file_ref idref="fl-c"/>
      </object_component>
      <object_component id="oc-bb">
         <name>ECanaMboxesFile</name>
         <uninitialized>true</uninitialized>
         <run_address>0x6100</run_address>
         <size>0x100</size>
         <input_file_ref idref="fl-c"/>
      </object_component>
      <object_component id="oc-af">
         <name>ECanaMOTSRegsFile</name>
         <uninitialized>true</uninitialized>
         <run_address>0x6080</run_address>
         <size>0x40</size>
         <input_file_ref idref="fl-c"/>
      </object_component>
      <object_component id="oc-ab">
         <name>ECanaMOTORegsFile</name>
         <uninitialized>true</uninitialized>
         <run_address>0x60c0</run_address>
         <size>0x40</size>
         <input_file_ref idref="fl-c"/>
      </object_component>
      <object_component id="oc-a3">
         <name>ECap1RegsFile</name>
         <uninitialized>true</uninitialized>
         <run_address>0x6a00</run_address>
         <size>0x20</size>
         <input_file_ref idref="fl-c"/>
      </object_component>
      <object_component id="oc-a2">
         <name>ECap2RegsFile</name>
         <uninitialized>true</uninitialized>
         <run_address>0x6a20</run_address>
         <size>0x20</size>
         <input_file_ref idref="fl-c"/>
      </object_component>
      <object_component id="oc-a4">
         <name>ECap3RegsFile</name>
         <uninitialized>true</uninitialized>
         <run_address>0x6a40</run_address>
         <size>0x20</size>
         <input_file_ref idref="fl-c"/>
      </object_component>
      <object_component id="oc-a7">
         <name>EQep1RegsFile</name>
         <uninitialized>true</uninitialized>
         <run_address>0x6b00</run_address>
         <size>0x22</size>
         <input_file_ref idref="fl-c"/>
      </object_component>
      <object_component id="oc-a5">
         <name>EQep2RegsFile</name>
         <uninitialized>true</uninitialized>
         <run_address>0x6b40</run_address>
         <size>0x22</size>
         <input_file_ref idref="fl-c"/>
      </object_component>
      <object_component id="oc-b3">
         <name>GpioCtrlRegsFile</name>
         <uninitialized>true</uninitialized>
         <run_address>0x6f80</run_address>
         <size>0x40</size>
         <input_file_ref idref="fl-c"/>
      </object_component>
      <object_component id="oc-9d">
         <name>GpioDataRegsFile</name>
         <uninitialized>true</uninitialized>
         <run_address>0x6fc0</run_address>
         <size>0x20</size>
         <input_file_ref idref="fl-c"/>
      </object_component>
      <object_component id="oc-9c">
         <name>GpioIntRegsFile</name>
         <uninitialized>true</uninitialized>
         <run_address>0x6fe0</run_address>
         <size>0x20</size>
         <input_file_ref idref="fl-c"/>
      </object_component>
      <object_component id="oc-a0">
         <name>HRCap1RegsFile</name>
         <uninitialized>true</uninitialized>
         <run_address>0x6ac0</run_address>
         <size>0x20</size>
         <input_file_ref idref="fl-c"/>
      </object_component>
      <object_component id="oc-a1">
         <name>HRCap2RegsFile</name>
         <uninitialized>true</uninitialized>
         <run_address>0x6ae0</run_address>
         <size>0x20</size>
         <input_file_ref idref="fl-c"/>
      </object_component>
      <object_component id="oc-9e">
         <name>HRCap3RegsFile</name>
         <uninitialized>true</uninitialized>
         <run_address>0x6c80</run_address>
         <size>0x20</size>
         <input_file_ref idref="fl-c"/>
      </object_component>
      <object_component id="oc-9f">
         <name>HRCap4RegsFile</name>
         <uninitialized>true</uninitialized>
         <run_address>0x6ca0</run_address>
         <size>0x20</size>
         <input_file_ref idref="fl-c"/>
      </object_component>
      <object_component id="oc-a9">
         <name>SysCtrlRegsFile</name>
         <uninitialized>true</uninitialized>
         <run_address>0x7010</run_address>
         <size>0x30</size>
         <input_file_ref idref="fl-c"/>
      </object_component>
      <object_component id="oc-91">
         <name>SpiaRegsFile</name>
         <uninitialized>true</uninitialized>
         <run_address>0x7040</run_address>
         <size>0x10</size>
         <input_file_ref idref="fl-c"/>
      </object_component>
      <object_component id="oc-96">
         <name>SpibRegsFile</name>
         <uninitialized>true</uninitialized>
         <run_address>0x7740</run_address>
         <size>0x10</size>
         <input_file_ref idref="fl-c"/>
      </object_component>
      <object_component id="oc-93">
         <name>SciaRegsFile</name>
         <uninitialized>true</uninitialized>
         <run_address>0x7050</run_address>
         <size>0x10</size>
         <input_file_ref idref="fl-c"/>
      </object_component>
      <object_component id="oc-90">
         <name>ScibRegsFile</name>
         <uninitialized>true</uninitialized>
         <run_address>0x7750</run_address>
         <size>0x10</size>
         <input_file_ref idref="fl-c"/>
      </object_component>
      <object_component id="oc-94">
         <name>NmiIntruptRegsFile</name>
         <uninitialized>true</uninitialized>
         <run_address>0x7060</run_address>
         <size>0x10</size>
         <input_file_ref idref="fl-c"/>
      </object_component>
      <object_component id="oc-97">
         <name>XIntruptRegsFile</name>
         <uninitialized>true</uninitialized>
         <run_address>0x7070</run_address>
         <size>0x10</size>
         <input_file_ref idref="fl-c"/>
      </object_component>
      <object_component id="oc-b8">
         <name>AdcRegsFile</name>
         <uninitialized>true</uninitialized>
         <run_address>0x7100</run_address>
         <size>0x50</size>
         <input_file_ref idref="fl-c"/>
      </object_component>
      <object_component id="oc-a6">
         <name>I2caRegsFile</name>
         <uninitialized>true</uninitialized>
         <run_address>0x7900</run_address>
         <size>0x22</size>
         <input_file_ref idref="fl-c"/>
      </object_component>
      <object_component id="oc-99">
         <name>Comp1RegsFile</name>
         <uninitialized>true</uninitialized>
         <run_address>0x6400</run_address>
         <size>0x14</size>
         <input_file_ref idref="fl-c"/>
      </object_component>
      <object_component id="oc-98">
         <name>Comp2RegsFile</name>
         <uninitialized>true</uninitialized>
         <run_address>0x6420</run_address>
         <size>0x14</size>
         <input_file_ref idref="fl-c"/>
      </object_component>
      <object_component id="oc-9a">
         <name>Comp3RegsFile</name>
         <uninitialized>true</uninitialized>
         <run_address>0x6440</run_address>
         <size>0x14</size>
         <input_file_ref idref="fl-c"/>
      </object_component>
      <object_component id="oc-ad">
         <name>EPwm1RegsFile</name>
         <uninitialized>true</uninitialized>
         <run_address>0x6800</run_address>
         <size>0x40</size>
         <input_file_ref idref="fl-c"/>
      </object_component>
      <object_component id="oc-ac">
         <name>EPwm2RegsFile</name>
         <uninitialized>true</uninitialized>
         <run_address>0x6840</run_address>
         <size>0x40</size>
         <input_file_ref idref="fl-c"/>
      </object_component>
      <object_component id="oc-b7">
         <name>EPwm3RegsFile</name>
         <uninitialized>true</uninitialized>
         <run_address>0x6880</run_address>
         <size>0x40</size>
         <input_file_ref idref="fl-c"/>
      </object_component>
      <object_component id="oc-b5">
         <name>EPwm4RegsFile</name>
         <uninitialized>true</uninitialized>
         <run_address>0x68c0</run_address>
         <size>0x40</size>
         <input_file_ref idref="fl-c"/>
      </object_component>
      <object_component id="oc-b6">
         <name>EPwm5RegsFile</name>
         <uninitialized>true</uninitialized>
         <run_address>0x6900</run_address>
         <size>0x40</size>
         <input_file_ref idref="fl-c"/>
      </object_component>
      <object_component id="oc-b2">
         <name>EPwm6RegsFile</name>
         <uninitialized>true</uninitialized>
         <run_address>0x6940</run_address>
         <size>0x40</size>
         <input_file_ref idref="fl-c"/>
      </object_component>
      <object_component id="oc-b1">
         <name>EPwm7RegsFile</name>
         <uninitialized>true</uninitialized>
         <run_address>0x6980</run_address>
         <size>0x40</size>
         <input_file_ref idref="fl-c"/>
      </object_component>
      <object_component id="oc-b4">
         <name>EPwm8RegsFile</name>
         <uninitialized>true</uninitialized>
         <run_address>0x69c0</run_address>
         <size>0x40</size>
         <input_file_ref idref="fl-c"/>
      </object_component>
      <object_component id="oc-a8">
         <name>McbspaRegsFile</name>
         <uninitialized>true</uninitialized>
         <run_address>0x5000</run_address>
         <size>0x24</size>
         <input_file_ref idref="fl-c"/>
      </object_component>
      <object_component id="oc-bc">
         <name>Usb0RegsFile</name>
         <uninitialized>true</uninitialized>
         <run_address>0x4000</run_address>
         <size>0x454</size>
         <input_file_ref idref="fl-c"/>
      </object_component>
      <object_component id="oc-8e">
         <name>CsmPwlFile</name>
         <uninitialized>true</uninitialized>
         <run_address>0x3f7ff8</run_address>
         <size>0x8</size>
         <input_file_ref idref="fl-c"/>
      </object_component>
      <object_component id="oc-84">
         <name>PartIdRegsFile</name>
         <uninitialized>true</uninitialized>
         <run_address>0x3d7e80</run_address>
         <size>0x1</size>
         <input_file_ref idref="fl-c"/>
      </object_component>
      <object_component id="oc-4e">
         <name>.debug_info</name>
         <load_address>0x0</load_address>
         <run_address>0x0</run_address>
         <size>0xeba</size>
         <input_file_ref idref="fl-2"/>
      </object_component>
      <object_component id="oc-54">
         <name>.debug_info</name>
         <load_address>0xeba</load_address>
         <run_address>0xeba</run_address>
         <size>0x134f</size>
         <input_file_ref idref="fl-3"/>
      </object_component>
      <object_component id="oc-58">
         <name>.debug_info</name>
         <load_address>0x2209</load_address>
         <run_address>0x2209</run_address>
         <size>0x3120</size>
         <input_file_ref idref="fl-4"/>
      </object_component>
      <object_component id="oc-5f">
         <name>.debug_info</name>
         <load_address>0x5329</load_address>
         <run_address>0x5329</run_address>
         <size>0x108c</size>
         <input_file_ref idref="fl-5"/>
      </object_component>
      <object_component id="oc-66">
         <name>.debug_info</name>
         <load_address>0x63b5</load_address>
         <run_address>0x63b5</run_address>
         <size>0x11a</size>
         <input_file_ref idref="fl-6"/>
      </object_component>
      <object_component id="oc-6a">
         <name>.debug_info</name>
         <load_address>0x64cf</load_address>
         <run_address>0x64cf</run_address>
         <size>0x612</size>
         <input_file_ref idref="fl-7"/>
      </object_component>
      <object_component id="oc-70">
         <name>.debug_info</name>
         <load_address>0x6ae1</load_address>
         <run_address>0x6ae1</run_address>
         <size>0x3c08</size>
         <input_file_ref idref="fl-8"/>
      </object_component>
      <object_component id="oc-75">
         <name>.debug_info</name>
         <load_address>0xa6e9</load_address>
         <run_address>0xa6e9</run_address>
         <size>0xad8</size>
         <input_file_ref idref="fl-9"/>
      </object_component>
      <object_component id="oc-7c">
         <name>.debug_info</name>
         <load_address>0xb1c1</load_address>
         <run_address>0xb1c1</run_address>
         <size>0xeb4</size>
         <input_file_ref idref="fl-a"/>
      </object_component>
      <object_component id="oc-81">
         <name>.debug_info</name>
         <load_address>0xc075</load_address>
         <run_address>0xc075</run_address>
         <size>0x174</size>
         <input_file_ref idref="fl-b"/>
      </object_component>
      <object_component id="oc-83">
         <name>.debug_info</name>
         <load_address>0xc1e9</load_address>
         <run_address>0xc1e9</run_address>
         <size>0x1b0b5</size>
         <input_file_ref idref="fl-c"/>
      </object_component>
      <object_component id="oc-be">
         <name>.debug_info</name>
         <load_address>0x2729e</load_address>
         <run_address>0x2729e</run_address>
         <size>0x1ce9</size>
         <input_file_ref idref="fl-d"/>
      </object_component>
      <object_component id="oc-c3">
         <name>.debug_info</name>
         <load_address>0x28f87</load_address>
         <run_address>0x28f87</run_address>
         <size>0x55a</size>
         <input_file_ref idref="fl-e"/>
      </object_component>
      <object_component id="oc-cc">
         <name>.debug_info</name>
         <load_address>0x294e1</load_address>
         <run_address>0x294e1</run_address>
         <size>0x3714</size>
         <input_file_ref idref="fl-f"/>
      </object_component>
      <object_component id="oc-d1">
         <name>.debug_info</name>
         <load_address>0x2cbf5</load_address>
         <run_address>0x2cbf5</run_address>
         <size>0x2397</size>
         <input_file_ref idref="fl-10"/>
      </object_component>
      <object_component id="oc-d9">
         <name>.debug_info</name>
         <load_address>0x2ef8c</load_address>
         <run_address>0x2ef8c</run_address>
         <size>0x223</size>
         <input_file_ref idref="fl-11"/>
      </object_component>
      <object_component id="oc-dd">
         <name>.debug_info</name>
         <load_address>0x2f1af</load_address>
         <run_address>0x2f1af</run_address>
         <size>0x603</size>
         <input_file_ref idref="fl-12"/>
      </object_component>
      <object_component id="oc-e2">
         <name>.debug_info</name>
         <load_address>0x2f7b2</load_address>
         <run_address>0x2f7b2</run_address>
         <size>0xcc7</size>
         <input_file_ref idref="fl-13"/>
      </object_component>
      <object_component id="oc-e8">
         <name>.debug_info</name>
         <load_address>0x30479</load_address>
         <run_address>0x30479</run_address>
         <size>0x386</size>
         <input_file_ref idref="fl-14"/>
      </object_component>
      <object_component id="oc-ed">
         <name>.debug_info</name>
         <load_address>0x307ff</load_address>
         <run_address>0x307ff</run_address>
         <size>0x40c</size>
         <input_file_ref idref="fl-15"/>
      </object_component>
      <object_component id="oc-f3">
         <name>.debug_info</name>
         <load_address>0x30c0b</load_address>
         <run_address>0x30c0b</run_address>
         <size>0xb6c</size>
         <input_file_ref idref="fl-16"/>
      </object_component>
      <object_component id="oc-fa">
         <name>.debug_info</name>
         <load_address>0x31777</load_address>
         <run_address>0x31777</run_address>
         <size>0x577</size>
         <input_file_ref idref="fl-17"/>
      </object_component>
      <object_component id="oc-100">
         <name>.debug_info</name>
         <load_address>0x31cee</load_address>
         <run_address>0x31cee</run_address>
         <size>0x2fb</size>
         <input_file_ref idref="fl-18"/>
      </object_component>
      <object_component id="oc-104">
         <name>.debug_info</name>
         <load_address>0x31fe9</load_address>
         <run_address>0x31fe9</run_address>
         <size>0x17eb</size>
         <input_file_ref idref="fl-19"/>
      </object_component>
      <object_component id="oc-109">
         <name>.debug_info</name>
         <load_address>0x337d4</load_address>
         <run_address>0x337d4</run_address>
         <size>0x1a08</size>
         <input_file_ref idref="fl-1b"/>
      </object_component>
      <object_component id="oc-10f">
         <name>.debug_info</name>
         <load_address>0x351dc</load_address>
         <run_address>0x351dc</run_address>
         <size>0x35ee</size>
         <input_file_ref idref="fl-1c"/>
      </object_component>
      <object_component id="oc-116">
         <name>.debug_info</name>
         <load_address>0x387ca</load_address>
         <run_address>0x387ca</run_address>
         <size>0x2080</size>
         <input_file_ref idref="fl-1d"/>
      </object_component>
      <object_component id="oc-11c">
         <name>.debug_info</name>
         <load_address>0x3a84a</load_address>
         <run_address>0x3a84a</run_address>
         <size>0xc6e</size>
         <input_file_ref idref="fl-1e"/>
      </object_component>
      <object_component id="oc-122">
         <name>.debug_info</name>
         <load_address>0x3b4b8</load_address>
         <run_address>0x3b4b8</run_address>
         <size>0xe3c</size>
         <input_file_ref idref="fl-1f"/>
      </object_component>
      <object_component id="oc-128">
         <name>.debug_info</name>
         <load_address>0x3c2f4</load_address>
         <run_address>0x3c2f4</run_address>
         <size>0xd37</size>
         <input_file_ref idref="fl-20"/>
      </object_component>
      <object_component id="oc-12e">
         <name>.debug_info</name>
         <load_address>0x3d02b</load_address>
         <run_address>0x3d02b</run_address>
         <size>0x1d3e</size>
         <input_file_ref idref="fl-21"/>
      </object_component>
      <object_component id="oc-134">
         <name>.debug_info</name>
         <load_address>0x3ed69</load_address>
         <run_address>0x3ed69</run_address>
         <size>0x1743</size>
         <input_file_ref idref="fl-22"/>
      </object_component>
      <object_component id="oc-13a">
         <name>.debug_info</name>
         <load_address>0x404ac</load_address>
         <run_address>0x404ac</run_address>
         <size>0x2682</size>
         <input_file_ref idref="fl-23"/>
      </object_component>
      <object_component id="oc-140">
         <name>.debug_info</name>
         <load_address>0x42b2e</load_address>
         <run_address>0x42b2e</run_address>
         <size>0x108b</size>
         <input_file_ref idref="fl-24"/>
      </object_component>
      <object_component id="oc-145">
         <name>.debug_info</name>
         <load_address>0x43bb9</load_address>
         <run_address>0x43bb9</run_address>
         <size>0x17e</size>
         <input_file_ref idref="fl-25"/>
      </object_component>
      <object_component id="oc-147">
         <name>.debug_info</name>
         <load_address>0x43d37</load_address>
         <run_address>0x43d37</run_address>
         <size>0x20bb</size>
         <input_file_ref idref="fl-2d"/>
      </object_component>
      <object_component id="oc-14d">
         <name>.debug_info</name>
         <load_address>0x45df2</load_address>
         <run_address>0x45df2</run_address>
         <size>0x441</size>
         <input_file_ref idref="fl-2e"/>
      </object_component>
      <object_component id="oc-152">
         <name>.debug_info</name>
         <load_address>0x46233</load_address>
         <run_address>0x46233</run_address>
         <size>0x25a4</size>
         <input_file_ref idref="fl-2f"/>
      </object_component>
      <object_component id="oc-157">
         <name>.debug_info</name>
         <load_address>0x487d7</load_address>
         <run_address>0x487d7</run_address>
         <size>0x2866</size>
         <input_file_ref idref="fl-30"/>
      </object_component>
      <object_component id="oc-15e">
         <name>.debug_info</name>
         <load_address>0x4b03d</load_address>
         <run_address>0x4b03d</run_address>
         <size>0x1b90</size>
         <input_file_ref idref="fl-31"/>
      </object_component>
      <object_component id="oc-163">
         <name>.debug_info</name>
         <load_address>0x4cbcd</load_address>
         <run_address>0x4cbcd</run_address>
         <size>0x966</size>
         <input_file_ref idref="fl-32"/>
      </object_component>
      <object_component id="oc-16a">
         <name>.debug_info</name>
         <load_address>0x4d533</load_address>
         <run_address>0x4d533</run_address>
         <size>0x32c1</size>
         <input_file_ref idref="fl-33"/>
      </object_component>
      <object_component id="oc-171">
         <name>.debug_info</name>
         <load_address>0x507f4</load_address>
         <run_address>0x507f4</run_address>
         <size>0x5820</size>
         <input_file_ref idref="fl-34"/>
      </object_component>
      <object_component id="oc-178">
         <name>.debug_info</name>
         <load_address>0x56014</load_address>
         <run_address>0x56014</run_address>
         <size>0x584</size>
         <input_file_ref idref="fl-35"/>
      </object_component>
      <object_component id="oc-17d">
         <name>.debug_info</name>
         <load_address>0x56598</load_address>
         <run_address>0x56598</run_address>
         <size>0x8871</size>
         <input_file_ref idref="fl-36"/>
      </object_component>
      <object_component id="oc-184">
         <name>.debug_info</name>
         <load_address>0x5ee09</load_address>
         <run_address>0x5ee09</run_address>
         <size>0x12a3</size>
         <input_file_ref idref="fl-37"/>
      </object_component>
      <object_component id="oc-189">
         <name>.debug_info</name>
         <load_address>0x600ac</load_address>
         <run_address>0x600ac</run_address>
         <size>0x1d5c</size>
         <input_file_ref idref="fl-38"/>
      </object_component>
      <object_component id="oc-18f">
         <name>.debug_info</name>
         <load_address>0x61e08</load_address>
         <run_address>0x61e08</run_address>
         <size>0x17cc</size>
         <input_file_ref idref="fl-39"/>
      </object_component>
      <object_component id="oc-194">
         <name>.debug_info</name>
         <load_address>0x635d4</load_address>
         <run_address>0x635d4</run_address>
         <size>0x1e85</size>
         <input_file_ref idref="fl-3a"/>
      </object_component>
      <object_component id="oc-199">
         <name>.debug_info</name>
         <load_address>0x65459</load_address>
         <run_address>0x65459</run_address>
         <size>0x2fd6</size>
         <input_file_ref idref="fl-3b"/>
      </object_component>
      <object_component id="oc-1a1">
         <name>.debug_info</name>
         <load_address>0x6842f</load_address>
         <run_address>0x6842f</run_address>
         <size>0x16b</size>
         <input_file_ref idref="fl-49"/>
      </object_component>
      <object_component id="oc-1a5">
         <name>.debug_info</name>
         <load_address>0x6859a</load_address>
         <run_address>0x6859a</run_address>
         <size>0x5c1</size>
         <input_file_ref idref="fl-4a"/>
      </object_component>
      <object_component id="oc-1aa">
         <name>.debug_info</name>
         <load_address>0x68b5b</load_address>
         <run_address>0x68b5b</run_address>
         <size>0x5ab</size>
         <input_file_ref idref="fl-4b"/>
      </object_component>
      <object_component id="oc-1b2">
         <name>.debug_info</name>
         <load_address>0x69106</load_address>
         <run_address>0x69106</run_address>
         <size>0x10c</size>
         <input_file_ref idref="fl-4c"/>
      </object_component>
      <object_component id="oc-1b7">
         <name>.debug_info</name>
         <load_address>0x69212</load_address>
         <run_address>0x69212</run_address>
         <size>0x10c</size>
         <input_file_ref idref="fl-4d"/>
      </object_component>
      <object_component id="oc-1bc">
         <name>.debug_info</name>
         <load_address>0x6931e</load_address>
         <run_address>0x6931e</run_address>
         <size>0x11a</size>
         <input_file_ref idref="fl-4e"/>
      </object_component>
      <object_component id="oc-1c1">
         <name>.debug_info</name>
         <load_address>0x69438</load_address>
         <run_address>0x69438</run_address>
         <size>0x10f</size>
         <input_file_ref idref="fl-4f"/>
      </object_component>
      <object_component id="oc-1c5">
         <name>.debug_info</name>
         <load_address>0x69547</load_address>
         <run_address>0x69547</run_address>
         <size>0x46f</size>
         <input_file_ref idref="fl-50"/>
      </object_component>
      <object_component id="oc-1ca">
         <name>.debug_info</name>
         <load_address>0x699b6</load_address>
         <run_address>0x699b6</run_address>
         <size>0x3e2</size>
         <input_file_ref idref="fl-51"/>
      </object_component>
      <object_component id="oc-1cf">
         <name>.debug_info</name>
         <load_address>0x69d98</load_address>
         <run_address>0x69d98</run_address>
         <size>0x3df</size>
         <input_file_ref idref="fl-52"/>
      </object_component>
      <object_component id="oc-1d5">
         <name>.debug_info</name>
         <load_address>0x6a177</load_address>
         <run_address>0x6a177</run_address>
         <size>0x113</size>
         <input_file_ref idref="fl-53"/>
      </object_component>
      <object_component id="oc-1d9">
         <name>.debug_info</name>
         <load_address>0x6a28a</load_address>
         <run_address>0x6a28a</run_address>
         <size>0x501</size>
         <input_file_ref idref="fl-54"/>
      </object_component>
      <object_component id="oc-1de">
         <name>.debug_info</name>
         <load_address>0x6a78b</load_address>
         <run_address>0x6a78b</run_address>
         <size>0x4ce</size>
         <input_file_ref idref="fl-55"/>
      </object_component>
      <object_component id="oc-1e4">
         <name>.debug_info</name>
         <load_address>0x6ac59</load_address>
         <run_address>0x6ac59</run_address>
         <size>0x10c</size>
         <input_file_ref idref="fl-56"/>
      </object_component>
      <object_component id="oc-28e">
         <name>.debug_info</name>
         <load_address>0x6ad65</load_address>
         <run_address>0x6ad65</run_address>
         <size>0x9c</size>
      </object_component>
      <object_component id="oc-50">
         <name>.debug_frame</name>
         <load_address>0x0</load_address>
         <run_address>0x0</run_address>
         <size>0x8f</size>
         <input_file_ref idref="fl-2"/>
      </object_component>
      <object_component id="oc-5b">
         <name>.debug_frame</name>
         <load_address>0x8f</load_address>
         <run_address>0x8f</run_address>
         <size>0xda</size>
         <input_file_ref idref="fl-4"/>
      </object_component>
      <object_component id="oc-60">
         <name>.debug_frame</name>
         <load_address>0x169</load_address>
         <run_address>0x169</run_address>
         <size>0x91</size>
         <input_file_ref idref="fl-5"/>
      </object_component>
      <object_component id="oc-6c">
         <name>.debug_frame</name>
         <load_address>0x1fa</load_address>
         <run_address>0x1fa</run_address>
         <size>0xb7</size>
         <input_file_ref idref="fl-7"/>
      </object_component>
      <object_component id="oc-71">
         <name>.debug_frame</name>
         <load_address>0x2b1</load_address>
         <run_address>0x2b1</run_address>
         <size>0xe3</size>
         <input_file_ref idref="fl-8"/>
      </object_component>
      <object_component id="oc-78">
         <name>.debug_frame</name>
         <load_address>0x394</load_address>
         <run_address>0x394</run_address>
         <size>0x13e</size>
         <input_file_ref idref="fl-9"/>
      </object_component>
      <object_component id="oc-7d">
         <name>.debug_frame</name>
         <load_address>0x4d2</load_address>
         <run_address>0x4d2</run_address>
         <size>0x7f</size>
         <input_file_ref idref="fl-a"/>
      </object_component>
      <object_component id="oc-bf">
         <name>.debug_frame</name>
         <load_address>0x551</load_address>
         <run_address>0x551</run_address>
         <size>0xfa</size>
         <input_file_ref idref="fl-d"/>
      </object_component>
      <object_component id="oc-c8">
         <name>.debug_frame</name>
         <load_address>0x64b</load_address>
         <run_address>0x64b</run_address>
         <size>0x2e</size>
         <input_file_ref idref="fl-e"/>
      </object_component>
      <object_component id="oc-cd">
         <name>.debug_frame</name>
         <load_address>0x679</load_address>
         <run_address>0x679</run_address>
         <size>0x734</size>
         <input_file_ref idref="fl-f"/>
      </object_component>
      <object_component id="oc-d4">
         <name>.debug_frame</name>
         <load_address>0xdad</load_address>
         <run_address>0xdad</run_address>
         <size>0x16c</size>
         <input_file_ref idref="fl-10"/>
      </object_component>
      <object_component id="oc-de">
         <name>.debug_frame</name>
         <load_address>0xf19</load_address>
         <run_address>0xf19</run_address>
         <size>0x80</size>
         <input_file_ref idref="fl-12"/>
      </object_component>
      <object_component id="oc-e4">
         <name>.debug_frame</name>
         <load_address>0xf99</load_address>
         <run_address>0xf99</run_address>
         <size>0x130</size>
         <input_file_ref idref="fl-13"/>
      </object_component>
      <object_component id="oc-e9">
         <name>.debug_frame</name>
         <load_address>0x10c9</load_address>
         <run_address>0x10c9</run_address>
         <size>0x2e</size>
         <input_file_ref idref="fl-14"/>
      </object_component>
      <object_component id="oc-ef">
         <name>.debug_frame</name>
         <load_address>0x10f7</load_address>
         <run_address>0x10f7</run_address>
         <size>0x2e</size>
         <input_file_ref idref="fl-15"/>
      </object_component>
      <object_component id="oc-f6">
         <name>.debug_frame</name>
         <load_address>0x1125</load_address>
         <run_address>0x1125</run_address>
         <size>0x2e</size>
         <input_file_ref idref="fl-16"/>
      </object_component>
[...]
         <object_component_ref idref="oc-1ff"/>
      </symbol>
      <symbol id="sm-939">
         <name>_g_sBulkInterfaceSection</name>
         <value>0x3f43e2</value>
         <object_component_ref idref="oc-1f8"/>
      </symbol>
      <symbol id="sm-93a">
         <name>_USBDBulkPacketWrite</name>
         <value>0x3dbf00</value>
         <object_component_ref idref="oc-1ff"/>
      </symbol>
      <symbol id="sm-93b">
         <name>_USBDBulkCompositeInit</name>
         <value>0x3dbe72</value>
         <object_component_ref idref="oc-1ff"/>
      </symbol>
      <symbol id="sm-93c">
         <name>_USBDBulkRemoteWakeupRequest</name>
         <value>0x3dbfd2</value>
         <object_component_ref idref="oc-1ff"/>
      </symbol>
      <symbol id="sm-93d">
         <name>_g_ppBulkConfigDescriptors</name>
         <value>0x3f43f4</value>
         <object_component_ref idref="oc-21f"/>
      </symbol>
      <symbol id="sm-93e">
         <name>_USBDBulkTxPacketAvailable</name>
         <value>0x3dbf9a</value>
         <object_component_ref idref="oc-1ff"/>
      </symbol>
      <symbol id="sm-93f">
         <name>_g_sBulkHandlers</name>
         <value>0x3f433e</value>
         <object_component_ref idref="oc-21e"/>
      </symbol>
      <symbol id="sm-940">
         <name>_g_pui8BulkDeviceDescriptor</name>
         <value>0xbead</value>
         <object_component_ref idref="oc-16c"/>
      </symbol>
      <symbol id="sm-941">
         <name>_g_psBulkSections</name>
         <value>0xbea0</value>
         <object_component_ref idref="oc-16c"/>
      </symbol>
      <symbol id="sm-942">
         <name>_g_sBulkConfigHeader</name>
         <value>0x3f43da</value>
         <object_component_ref idref="oc-227"/>
      </symbol>
      <symbol id="sm-943">
         <name>_USBDBulkInit</name>
         <value>0x3dbe2b</value>
         <object_component_ref idref="oc-1ff"/>
      </symbol>
      <symbol id="sm-944">
         <name>_USBDBulkPacketRead</name>
         <value>0x3dbf45</value>
         <object_component_ref idref="oc-1ff"/>
      </symbol>
      <symbol id="sm-945">
         <name>_g_pui8BulkDescriptor</name>
         <value>0xbea4</value>
         <object_component_ref idref="oc-16c"/>
      </symbol>
      <symbol id="sm-946">
         <name>_USBDBulkPowerStatusSet</name>
         <value>0x3dbfc9</value>
         <object_component_ref idref="oc-1ff"/>
      </symbol>
      <symbol id="sm-947">
         <name>_g_sBulkConfigSection</name>
         <value>0x3f43de</value>
         <object_component_ref idref="oc-1f7"/>
      </symbol>
      <symbol id="sm-948">
         <name>_USBDBulkSetTxCBData</name>
         <value>0x3dbef0</value>
         <object_component_ref idref="oc-1ff"/>
      </symbol>
      <symbol id="sm-949">
         <name>_USBDBulkTerm</name>
         <value>0x3dbed9</value>
         <object_component_ref idref="oc-1ff"/>
      </symbol>
      <symbol id="sm-9f1">
         <name>_USBDCDInit</name>
         <value>0x3d95e5</value>
         <object_component_ref idref="oc-20f"/>
      </symbol>
      <symbol id="sm-9f2">
         <name>_g_psDCDInst</name>
         <value>0x9884</value>
         <object_component_ref idref="oc-173"/>
      </symbol>
      <symbol id="sm-9f3">
         <name>_USBDeviceEnumResetHandler</name>
         <value>0x3d981c</value>
         <object_component_ref idref="oc-20f"/>
      </symbol>
      <symbol id="sm-9f4">
         <name>_USBDCDDeviceInfoInit</name>
         <value>0x3d95d5</value>
         <object_component_ref idref="oc-20f"/>
      </symbol>
      <symbol id="sm-9f5">
         <name>_USBDCDStallEP0</name>
         <value>0x3d96bb</value>
         <object_component_ref idref="oc-20f"/>
      </symbol>
      <symbol id="sm-9f6">
         <name>_USBDCDTerm</name>
         <value>0x3d9663</value>
         <object_component_ref idref="oc-20f"/>
      </symbol>
      <symbol id="sm-9f7">
         <name>_USBDCDRequestDataEP0</name>
         <value>0x3d9696</value>
         <object_component_ref idref="oc-20f"/>
      </symbol>
      <symbol id="sm-9f8">
         <name>_USBDeviceIntHandlerInternal</name>
         <value>0x3d9d81</value>
         <object_component_ref idref="oc-20f"/>
      </symbol>
      <symbol id="sm-9f9">
         <name>_USBDeviceEnumHandler</name>
         <value>0x3d975c</value>
         <object_component_ref idref="oc-20f"/>
      </symbol>
      <symbol id="sm-9fa">
         <name>_g_ppsDevInfo</name>
         <value>0x9880</value>
         <object_component_ref idref="oc-173"/>
      </symbol>
      <symbol id="sm-9fb">
         <name>_USBDCDSendDataEP0</name>
         <value>0x3d96a4</value>
         <object_component_ref idref="oc-20f"/>
      </symbol>
      <symbol id="sm-9fc">
         <name>_USBDeviceResumeTickHandler</name>
         <value>0x3d96ef</value>
         <object_component_ref idref="oc-20f"/>
      </symbol>
      <symbol id="sm-9fd">
         <name>_USBDCDRemoteWakeupRequest</name>
         <value>0x3d96d9</value>
         <object_component_ref idref="oc-20f"/>
      </symbol>
      <symbol id="sm-9fe">
         <name>_USBDCDSetDefaultConfiguration</name>
         <value>0x3d96b3</value>
         <object_component_ref idref="oc-20f"/>
      </symbol>
      <symbol id="sm-9ff">
         <name>_USBDCDPowerStatusSet</name>
         <value>0x3d96cc</value>
         <object_component_ref idref="oc-20f"/>
      </symbol>
      <symbol id="sm-a0c">
         <name>_USB0DeviceIntHandler</name>
         <value>0x3de347</value>
         <object_component_ref idref="oc-1f3"/>
      </symbol>
      <symbol id="sm-b34">
         <name>_USB0HostIntHandler</name>
         <value>0x3d906f</value>
         <object_component_ref idref="oc-1f4"/>
      </symbol>
      <symbol id="sm-b35">
         <name>_USBHCDPipeStatus</name>
         <value>0x3d8476</value>
         <object_component_ref idref="oc-1f4"/>
      </symbol>
      <symbol id="sm-b36">
         <name>_USBHCDDevProtocol</name>
         <value>0x3d95b0</value>
         <object_component_ref idref="oc-1f4"/>
      </symbol>
      <symbol id="sm-b37">
         <name>_USBHCDPipeDataAck</name>
         <value>0x3d864d</value>
         <object_component_ref idref="oc-1f4"/>
      </symbol>
      <symbol id="sm-b38">
         <name>_USBHCDSetAddress</name>
         <value>0x3d8b75</value>
         <object_component_ref idref="oc-1f4"/>
      </symbol>
      <symbol id="sm-b39">
         <name>_USBHCDPipeAllocSize</name>
         <value>0x3d81a1</value>
         <object_component_ref idref="oc-1f4"/>
      </symbol>
      <symbol id="sm-b3a">
         <name>_USBHCDDevClass</name>
         <value>0x3d9566</value>
         <object_component_ref idref="oc-1f4"/>
      </symbol>
      <symbol id="sm-b3b">
         <name>_USBHCDSuspend</name>
         <value>0x3d8aae</value>
         <object_component_ref idref="oc-1f4"/>
      </symbol>
      <symbol id="sm-b3c">
         <name>_USBHCDEventDisable</name>
         <value>0x3d80d3</value>
         <object_component_ref idref="oc-1f4"/>
      </symbol>
      <symbol id="sm-b3d">
         <name>_USBHCDPowerConfigSet</name>
         <value>0x3d8997</value>
         <object_component_ref idref="oc-1f4"/>
      </symbol>
      <symbol id="sm-b3e">
         <name>_USBHCDPowerConfigInit</name>
         <value>0x3d8988</value>
         <object_component_ref idref="oc-1f4"/>
      </symbol>
      <symbol id="sm-b3f">
         <name>_USBHCDHubDeviceDisconnected</name>
         <value>0x3d9443</value>
         <object_component_ref idref="oc-1f4"/>
      </symbol>
      <symbol id="sm-b40">
         <name>_USBHCDPowerAutomatic</name>
         <value>0x3d89c1</value>
         <object_component_ref idref="oc-1f4"/>
      </symbol>
      <symbol id="sm-b41">
         <name>_USBHCDReset</name>
         <value>0x3d8a88</value>
         <object_component_ref idref="oc-1f4"/>
      </symbol>
      <symbol id="sm-b42">
         <name>_ConfigDescFree</name>
         <value>0x3d8051</value>
         <object_component_ref idref="oc-1f4"/>
      </symbol>
      <symbol id="sm-b43">
         <name>_USBHCDInit</name>
         <value>0x3d89cc</value>
         <object_component_ref idref="oc-1f4"/>
      </symbol>
      <symbol id="sm-b44">
         <name>_USBHCDResume</name>
         <value>0x3d8ab7</value>
         <object_component_ref idref="oc-1f4"/>
      </symbol>
      <symbol id="sm-b45">
         <name>_USBHCDPipeRead</name>
         <value>0x3d866a</value>
         <object_component_ref idref="oc-1f4"/>
      </symbol>
      <symbol id="sm-b46">
         <name>_USBHCDPipeReadNonBlocking</name>
         <value>0x3d8622</value>
         <object_component_ref idref="oc-1f4"/>
      </symbol>
      <symbol id="sm-b47">
         <name>_USBHCDPipeWrite</name>
         <value>0x3d847b</value>
         <object_component_ref idref="oc-1f4"/>
      </symbol>
      <symbol id="sm-b48">
         <name>_USBHCDMain</name>
         <value>0x3d9199</value>
         <object_component_ref idref="oc-1f4"/>
      </symbol>
      <symbol id="sm-b49">
         <name>_USBHostIntHandlerInternal</name>
         <value>0x3d8cf9</value>
         <object_component_ref idref="oc-1f4"/>
      </symbol>
      <symbol id="sm-b4a">
         <name>_ConfigDescAlloc</name>
         <value>0x3d8000</value>
         <object_component_ref idref="oc-1f4"/>
      </symbol>
      <symbol id="sm-b4b">
         <name>_USBHCDRegisterDrivers</name>
         <value>0x3d8a1d</value>
         <object_component_ref idref="oc-1f4"/>
      </symbol>
      <symbol id="sm-b4c">
         <name>_USBHCDSetConfig</name>
         <value>0x3d8c1e</value>
         <object_component_ref idref="oc-1f4"/>
      </symbol>
      <symbol id="sm-b4d">
         <name>_USBHCDSetInterface</name>
         <value>0x3d8c42</value>
         <object_component_ref idref="oc-1f4"/>
      </symbol>
      <symbol id="sm-b4e">
         <name>_InternalUSBHCDSendEvent</name>
         <value>0x3d90ea</value>
         <object_component_ref idref="oc-1f4"/>
      </symbol>
      <symbol id="sm-b4f">
         <name>_USBHCDPipeSchedule</name>
         <value>0x3d857b</value>
         <object_component_ref idref="oc-1f4"/>
      </symbol>
      <symbol id="sm-b50">
         <name>_USBHCDDevSubClass</name>
         <value>0x3d958b</value>
         <object_component_ref idref="oc-1f4"/>
      </symbol>
      <symbol id="sm-b51">
         <name>_USBHCDTerm</name>
         <value>0x3d8a28</value>
         <object_component_ref idref="oc-1f4"/>
      </symbol>
      <symbol id="sm-b52">
         <name>_USBHCDPipeConfig</name>
         <value>0x3d83a6</value>
         <object_component_ref idref="oc-1f4"/>
      </symbol>
      <symbol id="sm-b53">
         <name>_USBHCDHubDeviceConnected</name>
         <value>0x3d93eb</value>
         <object_component_ref idref="oc-1f4"/>
      </symbol>
      <symbol id="sm-b54">
         <name>_USBHCDPipeFree</name>
         <value>0x3d877f</value>
         <object_component_ref idref="oc-1f4"/>
      </symbol>
      <symbol id="sm-b55">
         <name>_USBHCDDevHubPort</name>
         <value>0x3d953e</value>
         <object_component_ref idref="oc-1f4"/>
      </symbol>
      <symbol id="sm-b56">
         <name>_USBHostCheckPipes</name>
         <value>0x3d8c6e</value>
         <object_component_ref idref="oc-1f4"/>
      </symbol>
      <symbol id="sm-b57">
         <name>_USBHCDControlTransfer</name>
         <value>0x3d9359</value>
         <object_component_ref idref="oc-1f4"/>
      </symbol>
      <symbol id="sm-b58">
         <name>_USBHCDEventEnable</name>
         <value>0x3d80be</value>
         <object_component_ref idref="oc-1f4"/>
      </symbol>
      <symbol id="sm-b59">
         <name>_USBHCDPipeAlloc</name>
         <value>0x3d8397</value>
         <object_component_ref idref="oc-1f4"/>
      </symbol>
      <symbol id="sm-b5a">
         <name>_USBHCDDevAddress</name>
         <value>0x3d9552</value>
         <object_component_ref idref="oc-1f4"/>
      </symbol>
      <symbol id="sm-b5b">
         <name>_USBHCDPowerConfigGet</name>
         <value>0x3d8990</value>
         <object_component_ref idref="oc-1f4"/>
      </symbol>
      <symbol id="sm-b7e">
         <name>_USBDescGetInterfaceEndpoint</name>
         <value>0x3ddb51</value>
         <object_component_ref idref="oc-215"/>
      </symbol>
      <symbol id="sm-b7f">
         <name>_USBDescGet</name>
         <value>0x3ddabe</value>
         <object_component_ref idref="oc-215"/>
      </symbol>
      <symbol id="sm-b80">
         <name>_USBDescGetNumAlternateInterfaces</name>
         <value>0x3ddae9</value>
         <object_component_ref idref="oc-215"/>
      </symbol>
      <symbol id="sm-b81">
         <name>_USBDescGetNum</name>
         <value>0x3dda98</value>
         <object_component_ref idref="oc-215"/>
      </symbol>
      <symbol id="sm-b82">
         <name>_USBDescGetInterface</name>
         <value>0x3ddb37</value>
         <object_component_ref idref="oc-215"/>
      </symbol>
      <symbol id="sm-ba5">
         <name>_USBLibDMAInit</name>
         <value>0x3dd974</value>
         <object_component_ref idref="oc-212"/>
      </symbol>
      <symbol id="sm-bcd">
         <name>_USBDCDConfigGetInterface</name>
         <value>0x3dd0fb</value>
         <object_component_ref idref="oc-222"/>
      </symbol>
      <symbol id="sm-bce">
         <name>_USBDCDConfigDescGetNum</name>
         <value>0x3dd06d</value>
         <object_component_ref idref="oc-222"/>
      </symbol>
      <symbol id="sm-bcf">
         <name>_USBDCDConfigDescGetSize</name>
         <value>0x3dd054</value>
         <object_component_ref idref="oc-222"/>
      </symbol>
      <symbol id="sm-bd0">
         <name>_USBDCDConfigGetInterfaceEndpoint</name>
         <value>0x3dd114</value>
         <object_component_ref idref="oc-222"/>
      </symbol>
      <symbol id="sm-bd1">
         <name>_USBDCDConfigDescGet</name>
         <value>0x3dd092</value>
         <object_component_ref idref="oc-222"/>
      </symbol>
      <symbol id="sm-bd2">
         <name>_USBDCDConfigGetNumAlternateInterfaces</name>
         <value>0x3dd0d6</value>
         <object_component_ref idref="oc-222"/>
      </symbol>
      <symbol id="sm-c0b">
         <name>_USBDeviceConfigAlternate</name>
         <value>0x3dcc5b</value>
         <object_component_ref idref="oc-223"/>
      </symbol>
      <symbol id="sm-c0c">
         <name>_USBDeviceConfig</name>
         <value>0x3dcb1e</value>
         <object_component_ref idref="oc-223"/>
      </symbol>
      <symbol id="sm-c63">
         <name>_USBHHubInit</name>
         <value>0x3dbcad</value>
         <object_component_ref idref="oc-211"/>
      </symbol>
      <symbol id="sm-c64">
         <name>_USBHHubOpen</name>
         <value>0x3dbc96</value>
         <object_component_ref idref="oc-211"/>
      </symbol>
      <symbol id="sm-c65">
         <name>_USBHHubClose</name>
         <value>0x3dbca4</value>
         <object_component_ref idref="oc-211"/>
      </symbol>
      <symbol id="sm-c66">
         <name>_USBHHubMain</name>
         <value>0x3dbb87</value>
         <object_component_ref idref="oc-211"/>
      </symbol>
      <symbol id="sm-c67">
         <name>_USBHHubEnumerationComplete</name>
         <value>0x3dbc74</value>
         <object_component_ref idref="oc-211"/>
      </symbol>
      <symbol id="sm-c68">
         <name>_USBHHubEnumerationError</name>
         <value>0x3dbc85</value>
         <object_component_ref idref="oc-211"/>
      </symbol>
      <symbol id="sm-c83">
         <name>_c_int00</name>
         <value>0x3de183</value>
         <object_component_ref idref="oc-4d"/>
      </symbol>
      <symbol id="sm-c84">
         <name>__stack</name>
         <value>0x400</value>
         <object_component_ref idref="oc-19f"/>
      </symbol>
      <symbol id="sm-c93">
         <name>_copy_in</name>
         <value>0x3dbfd9</value>
         <object_component_ref idref="oc-1e9"/>
      </symbol>
      <symbol id="sm-ca7">
         <name>C$$EXIT</name>
         <value>0x3de297</value>
         <object_component_ref idref="oc-1ec"/>
      </symbol>
      <symbol id="sm-ca8">
         <name>_exit</name>
         <value>0x3de299</value>
         <object_component_ref idref="oc-1ec"/>
      </symbol>
      <symbol id="sm-ca9">
         <name>___TI_cleanup_ptr</name>
         <value>0x93b8</value>
         <object_component_ref idref="oc-1ac"/>
      </symbol>
      <symbol id="sm-caa">
         <name>___TI_enable_exit_profile_output</name>
         <value>0x93b6</value>
         <object_component_ref idref="oc-1ac"/>
      </symbol>
      <symbol id="sm-cab">
         <name>_abort</name>
         <value>0x3de297</value>
         <object_component_ref idref="oc-1ec"/>
      </symbol>
      <symbol id="sm-cac">
         <name>___TI_dtors_ptr</name>
         <value>0x93ba</value>
         <object_component_ref idref="oc-1ac"/>
      </symbol>
      <symbol id="sm-cc3">
         <name>FD$$DIV</name>
         <value>0x3ddf29</value>
         <object_component_ref idref="oc-1b1"/>
      </symbol>
      <symbol id="sm-cd5">
         <name>FD$$MPY</name>
         <value>0x3ddfb4</value>
         <object_component_ref idref="oc-1b6"/>
      </symbol>
      <symbol id="sm-ce1">
         <name>FD$$SUB</name>
         <value>0x3de368</value>
         <object_component_ref idref="oc-1bb"/>
      </symbol>
      <symbol id="sm-cf0">
         <name>FD$$TOUL</name>
         <value>0x3de2fd</value>
         <object_component_ref idref="oc-1c0"/>
      </symbol>
      <symbol id="sm-d01">
         <name>_memcpy</name>
         <value>0x3de2df</value>
         <object_component_ref idref="oc-1f9"/>
      </symbol>
      <symbol id="sm-d0d">
         <name>__system_pre_init</name>
         <value>0x3dbffd</value>
         <object_component_ref idref="oc-1e8"/>
      </symbol>
      <symbol id="sm-d19">
         <name>__system_post_cinit</name>
         <value>0x3dbfff</value>
         <object_component_ref idref="oc-1ea"/>
      </symbol>
      <symbol id="sm-d2a">
         <name>UL$$TOFD</name>
         <value>0x3de331</value>
         <object_component_ref idref="oc-1d4"/>
      </symbol>
      <symbol id="sm-d3e">
         <name>__unlock</name>
         <value>0x9782</value>
         <object_component_ref idref="oc-226"/>
      </symbol>
      <symbol id="sm-d3f">
         <name>__lock</name>
         <value>0xbffe</value>
         <object_component_ref idref="oc-1fb"/>
      </symbol>
      <symbol id="sm-d40">
         <name>__register_lock</name>
         <value>0x3de387</value>
         <object_component_ref idref="oc-21c"/>
      </symbol>
      <symbol id="sm-d41">
         <name>__nop</name>
         <value>0x3de38b</value>
         <object_component_ref idref="oc-21c"/>
      </symbol>
      <symbol id="sm-d42">
         <name>__register_unlock</name>
         <value>0x3de383</value>
         <object_component_ref idref="oc-21c"/>
      </symbol>
      <symbol id="sm-d51">
         <name>__args_main</name>
         <value>0x3de318</value>
         <object_component_ref idref="oc-1eb"/>
      </symbol>
      <symbol id="sm-d6c">
         <name>FD$$ADD</name>
         <value>0x3dde00</value>
         <object_component_ref idref="oc-1e3"/>
      </symbol>
   </symbol_table>
   <title>Link successful</title>
</link_info>
